Archive member included to satisfy reference by file (symbol)

c:/program files/microchip/xc32/v4.00/bin/bin/../../lib/gcc/pic32c/8.3.1/../../../../pic32c/lib/thumb/v6-m/nofp\libpic32c.a(data_init.o)
                              build/Trinket_USB_2/production/_ext/1189347772/startup_xc32.o (__pic32c_data_initialization)
c:/program files/microchip/xc32/v4.00/bin/bin/../../lib/gcc/pic32c/8.3.1/../../../../pic32c/lib/thumb/v6-m/nofp\libm-emfloat.a(floatasmops_arm.o)
                              build/Trinket_USB_2/production/_ext/1360937237/app_usb.o (__aeabi_fmul)
c:/program files/microchip/xc32/v4.00/bin/bin/../../lib/gcc/pic32c/8.3.1/../../../../pic32c/lib/thumb/v6-m/nofp\libc-musl.a(__libc_start_main.o)
                              build/Trinket_USB_2/production/_ext/1189347772/startup_xc32.o (__libc_init_array)
c:/program files/microchip/xc32/v4.00/bin/bin/../../lib/gcc/pic32c/8.3.1/../../../../pic32c/lib/thumb/v6-m/nofp\libc-musl.a(libc.o)
                              c:/program files/microchip/xc32/v4.00/bin/bin/../../lib/gcc/pic32c/8.3.1/../../../../pic32c/lib/thumb/v6-m/nofp\libc-musl.a(__libc_start_main.o) (__progname_full)
c:/program files/microchip/xc32/v4.00/bin/bin/../../lib/gcc/pic32c/8.3.1/../../../../pic32c/lib/thumb/v6-m/nofp\libc-musl.a(__sio_sprintf_fs.o)
                              (_sprintf_fFgGs)
c:/program files/microchip/xc32/v4.00/bin/bin/../../lib/gcc/pic32c/8.3.1/../../../../pic32c/lib/thumb/v6-m/nofp\libc-musl.a(__fmt_fp.o)
                              c:/program files/microchip/xc32/v4.00/bin/bin/../../lib/gcc/pic32c/8.3.1/../../../../pic32c/lib/thumb/v6-m/nofp\libc-musl.a(__sio_sprintf_fs.o) (__fmt_f_needed)
c:/program files/microchip/xc32/v4.00/bin/bin/../../lib/gcc/pic32c/8.3.1/../../../../pic32c/lib/thumb/v6-m/nofp\libc-musl.a(__fmt_s.o)
                              c:/program files/microchip/xc32/v4.00/bin/bin/../../lib/gcc/pic32c/8.3.1/../../../../pic32c/lib/thumb/v6-m/nofp\libc-musl.a(__sio_sprintf_fs.o) (__fmt_s_needed)
c:/program files/microchip/xc32/v4.00/bin/bin/../../lib/gcc/pic32c/8.3.1/../../../../pic32c/lib/thumb/v6-m/nofp\libc-musl.a(__printf_core.o)
                              c:/program files/microchip/xc32/v4.00/bin/bin/../../lib/gcc/pic32c/8.3.1/../../../../pic32c/lib/thumb/v6-m/nofp\libc-musl.a(__fmt_fp.o) (__pad)
c:/program files/microchip/xc32/v4.00/bin/bin/../../lib/gcc/pic32c/8.3.1/../../../../pic32c/lib/thumb/v6-m/nofp\libc-musl.a(atoi.o)
                              c:/program files/microchip/xc32/v4.00/bin/bin/../../lib/gcc/pic32c/8.3.1/../../../../pic32c/lib/thumb/v6-m/nofp\libc-musl.a(__printf_core.o) (atoi)
c:/program files/microchip/xc32/v4.00/bin/bin/../../lib/gcc/pic32c/8.3.1/../../../../pic32c/lib/thumb/v6-m/nofp\libc-musl.a(memcpy.o)
                              build/Trinket_USB_2/production/_ext/2108104030/drv_usbfsv1_device.o (memcpy)
c:/program files/microchip/xc32/v4.00/bin/bin/../../lib/gcc/pic32c/8.3.1/../../../../pic32c/lib/thumb/v6-m/nofp\libc-musl.a(memset.o)
                              build/Trinket_USB_2/production/_ext/2108104030/drv_usbfsv1_device.o (memset)
c:/program files/microchip/xc32/v4.00/bin/bin/../../lib/gcc/pic32c/8.3.1/../../../../pic32c/lib/thumb/v6-m/nofp\libc-musl.a(strlen.o)
                              c:/program files/microchip/xc32/v4.00/bin/bin/../../lib/gcc/pic32c/8.3.1/../../../../pic32c/lib/thumb/v6-m/nofp\libc-musl.a(__fmt_fp.o) (strlen)
c:/program files/microchip/xc32/v4.00/bin/bin/../../lib/gcc/pic32c/8.3.1/../../../../pic32c/lib/thumb/v6-m/nofp\libc-musl.a(strcpy.o)
                              c:/program files/microchip/xc32/v4.00/bin/bin/../../lib/gcc/pic32c/8.3.1/../../../../pic32c/lib/thumb/v6-m/nofp\libc-musl.a(__fmt_fp.o) (strcpy)
c:/program files/microchip/xc32/v4.00/bin/bin/../../lib/gcc/pic32c/8.3.1/../../../../pic32c/lib/thumb/v6-m/nofp\libc-musl.a(tolower.o)
                              c:/program files/microchip/xc32/v4.00/bin/bin/../../lib/gcc/pic32c/8.3.1/../../../../pic32c/lib/thumb/v6-m/nofp\libc-musl.a(__fmt_fp.o) (tolower)
c:/program files/microchip/xc32/v4.00/bin/bin/../../lib/gcc/pic32c/8.3.1/../../../../pic32c/lib/thumb/v6-m/nofp\libc-musl.a(__environ.o)
                              c:/program files/microchip/xc32/v4.00/bin/bin/../../lib/gcc/pic32c/8.3.1/../../../../pic32c/lib/thumb/v6-m/nofp\libc-musl.a(__libc_start_main.o) (__environ)
c:/program files/microchip/xc32/v4.00/bin/bin/../../lib/gcc/pic32c/8.3.1/../../../../pic32c/lib/thumb/v6-m/nofp\libc-musl.a(__errno_location.o)
                              c:/program files/microchip/xc32/v4.00/bin/bin/../../lib/gcc/pic32c/8.3.1/../../../../pic32c/lib/thumb/v6-m/nofp\libc-musl.a(__printf_core.o) (__errno_val)
c:/program files/microchip/xc32/v4.00/bin/bin/../../lib/gcc/pic32c/8.3.1/../../../../pic32c/lib/thumb/v6-m/nofp\libc-musl.a(__int_vsprintf.o)
[...]
Memory Configuration

Name             Origin             Length             Attributes
rom              0x00000000         0x00040000         xrl
ram              0x20000000         0x00008000         xw !r
config_00804000  0x00804000         0x00000004
config_00804004  0x00804004         0x00000004
*default*        0x00000000         0xffffffff

Linker script and memory map

LOAD c:/program files/microchip/xc32/v4.00/bin/bin/../../lib/gcc/pic32c/8.3.1/thumb/v6-m/nofp/crti.o
LOAD c:/program files/microchip/xc32/v4.00/bin/bin/../../lib/gcc/pic32c/8.3.1/thumb/v6-m/nofp/crtbegin.o
LOAD build/Trinket_USB_2/production/_ext/2108104030/drv_usbfsv1.o
LOAD build/Trinket_USB_2/production/_ext/2108104030/drv_usbfsv1_device.o
LOAD build/Trinket_USB_2/production/_ext/140414528/plib_adc.o
LOAD build/Trinket_USB_2/production/_ext/1796475310/plib_clock.o
LOAD build/Trinket_USB_2/production/_ext/1798624796/plib_evsys.o
LOAD build/Trinket_USB_2/production/_ext/58287938/plib_nvic.o
LOAD build/Trinket_USB_2/production/_ext/1292982576/plib_nvmctrl.o
LOAD build/Trinket_USB_2/production/_ext/58341089/plib_port.o
LOAD build/Trinket_USB_2/production/_ext/1390003407/plib_tc3.o
LOAD build/Trinket_USB_2/production/_ext/1578018698/xc32_monitor.o
LOAD build/Trinket_USB_2/production/_ext/1961919639/sys_int.o
LOAD build/Trinket_USB_2/production/_ext/1909065425/sys_time.o
LOAD build/Trinket_USB_2/production/_ext/1390297478/usb_device.o
LOAD build/Trinket_USB_2/production/_ext/1390297478/usb_device_cdc.o
LOAD build/Trinket_USB_2/production/_ext/1390297478/usb_device_cdc_acm.o
LOAD build/Trinket_USB_2/production/_ext/1189347772/initialization.o
LOAD build/Trinket_USB_2/production/_ext/1189347772/interrupts.o
LOAD build/Trinket_USB_2/production/_ext/1189347772/exceptions.o
LOAD build/Trinket_USB_2/production/_ext/1189347772/startup_xc32.o
LOAD build/Trinket_USB_2/production/_ext/1189347772/libc_syscalls.o
LOAD build/Trinket_USB_2/production/_ext/1189347772/usb_device_init_data.o
LOAD build/Trinket_USB_2/production/_ext/1189347772/tasks.o
LOAD build/Trinket_USB_2/production/_ext/1360937237/main.o
LOAD build/Trinket_USB_2/production/_ext/1360937237/app_usb.o
                0x00000001                __MPLAB_BUILD = 0x1
                0x00040000                __rom_end = (ORIGIN (rom) + LENGTH (rom))
                0x20008000                __ram_end = (ORIGIN (ram) + LENGTH (ram))

.config_00804000
 *(.config_00804000)

.config_00804004
 *(.config_00804004)

.vectors        0x00000000       0xb0
                0x00000000                . = ALIGN (0x4)
                0x00000000                _sfixed = .
 *(.vectors .vectors.* .vectors_default .vectors_default.*)
 .vectors.exception_table
                0x00000000       0xb0 build/Trinket_USB_2/production/_ext/1189347772/interrupts.o
                0x00000000                exception_table
 *(.isr_vector)
 *(.reset*)
 *(.after_vectors)

.text           0x000000b0       0x20
                0x000000b0                . = ALIGN (0x4)
 *(.glue_7t)
 .glue_7t       0x000000b0        0x0 linker stubs
 *(.glue_7)
 .glue_7        0x000000b0        0x0 linker stubs
 *(.gnu.linkonce.r.*)
 *(.ARM.extab* .gnu.linkonce.armextab.*)
                0x000000b0                . = ALIGN (0x4)
 *(.init)
 .init          0x000000b0        0x4 c:/program files/microchip/xc32/v4.00/bin/bin/../../lib/gcc/pic32c/8.3.1/thumb/v6-m/nofp/crti.o
                0x000000b0                _init
 .init          0x000000b4        0x8 c:/program files/microchip/xc32/v4.00/bin/bin/../../lib/gcc/pic32c/8.3.1/thumb/v6-m/nofp/crtn.o
                0x000000bc                . = ALIGN (0x4)
                0x000000bc                __preinit_array_start = .
 *(.preinit_array)
                0x000000bc                __preinit_array_end = .
                0x000000bc                . = ALIGN (0x4)
                0x000000bc                __init_array_start = .
 *(SORT_BY_NAME(.init_array.*))
 *(.init_array)
 .init_array    0x000000bc        0x4 c:/program files/microchip/xc32/v4.00/bin/bin/../../lib/gcc/pic32c/8.3.1/thumb/v6-m/nofp/crtbegin.o
                0x000000c0                __init_array_end = .
                0x000000c0                . = ALIGN (0x4)
 *crtbegin.o(.ctors)
 *(EXCLUDE_FILE(*crtend.o) .ctors)
 *(SORT_BY_NAME(.ctors.*))
 *crtend.o(.ctors)
                0x000000c0                . = ALIGN (0x4)
 *(.fini)
 .fini          0x000000c0        0x4 c:/program files/microchip/xc32/v4.00/bin/bin/../../lib/gcc/pic32c/8.3.1/thumb/v6-m/nofp/crti.o
                0x000000c0                _fini
 .fini          0x000000c4        0x8 c:/program files/microchip/xc32/v4.00/bin/bin/../../lib/gcc/pic32c/8.3.1/thumb/v6-m/nofp/crtn.o
                0x000000cc                . = ALIGN (0x4)
                0x000000cc                __fini_array_start = .
 *(.fini_array)
 .fini_array    0x000000cc        0x4 c:/program files/microchip/xc32/v4.00/bin/bin/../../lib/gcc/pic32c/8.3.1/thumb/v6-m/nofp/crtbegin.o
 *(SORT_BY_NAME(.fini_array.*))
                0x000000d0                __fini_array_end = .
 *crtbegin.o(.dtors)
 *(EXCLUDE_FILE(*crtend.o) .dtors)
 *(SORT_BY_NAME(.dtors.*))
 *crtend.o(.dtors)
                0x000000d0                . = ALIGN (0x4)
                0x000000d0                _efixed = .
                [!provide]                PROVIDE (__exidx_start = .)

.ARM.exidx      0x000000d0        0x8
 *(.ARM.exidx* .gnu.linkonce.armexidx.*)
 .ARM.exidx     0x000000d0        0x8 c:/program files/microchip/xc32/v4.00/bin/bin/../../lib/gcc/pic32c/8.3.1/thumb/v6-m/nofp\libgcc.a(_udivmoddi4.o)
                [!provide]                PROVIDE (__exidx_end = .)
                0x000000d8                . = ALIGN (0x4)
                0x000000d8                _etext = .

.bss            0x20000000        0x0
                0x20000000                . = ALIGN (0x4)
                0x20000000                __bss_start__ = .
                0x20000000                _sbss = .
                0x20000000                _szero = .
 *(COMMON)
                0x20000000                . = ALIGN (0x4)
                0x20000000                __bss_end__ = .
                0x20000000                _ebss = .
                0x20000000                _ezero = .
                0x20000000                . = ALIGN (0x4)
                0x20000000                _end = .
                0x20007fff                _ram_end_ = ((ORIGIN (ram) + LENGTH (ram)) - 0x1)
                0x00000200                _min_heap_size = 0x200
START GROUP
LOAD c:/program files/microchip/xc32/v4.00/bin/bin/../../lib/gcc/pic32c/8.3.1/../../../../pic32c/lib/thumb/v6-m/nofp\libpic32c.a
LOAD c:/program files/microchip/xc32/v4.00/bin/bin/../../lib/gcc/pic32c/8.3.1/../../../../pic32c/lib/thumb/v6-m/nofp\libm-emfloat.a
LOAD c:/program files/microchip/xc32/v4.00/bin/bin/../../lib/gcc/pic32c/8.3.1/../../../../pic32c/lib/thumb/v6-m/nofp\libc-musl.a
LOAD c:/program files/microchip/xc32/v4.00/bin/bin/../../lib/gcc/pic32c/8.3.1/../../../../pic32c/lib/thumb/v6-m/nofp\libm-emfloat.a
LOAD c:/program files/microchip/xc32/v4.00/bin/bin/../../lib/gcc/pic32c/8.3.1/thumb/v6-m/nofp\libgcc.a
END GROUP
LOAD c:/program files/microchip/xc32/v4.00/bin/bin/../../lib/gcc/pic32c/8.3.1/thumb/v6-m/nofp/crtend.o
LOAD c:/program files/microchip/xc32/v4.00/bin/bin/../../lib/gcc/pic32c/8.3.1/thumb/v6-m/nofp/crtn.o
OUTPUT(dist/Trinket_USB_2/production/USB_2.X.production.elf elf32-littlearm)
LOAD stack
LOAD data_init

.ARM.attributes
                0x00000000       0x2a
 .ARM.attributes
                0x00000000       0x1e c:/program files/microchip/xc32/v4.00/bin/bin/../../lib/gcc/pic32c/8.3.1/thumb/v6-m/nofp/crti.o
 .ARM.attributes
                0x0000001e       0x2c c:/program files/microchip/xc32/v4.00/bin/bin/../../lib/gcc/pic32c/8.3.1/thumb/v6-m/nofp/crtbegin.o
 .ARM.attributes
                0x0000004a       0x2c build/Trinket_USB_2/production/_ext/2108104030/drv_usbfsv1.o
 .ARM.attributes
                0x00000076       0x2c build/Trinket_USB_2/production/_ext/2108104030/drv_usbfsv1_device.o
 .ARM.attributes
                0x000000a2       0x2c build/Trinket_USB_2/production/_ext/140414528/plib_adc.o
 .ARM.attributes
                0x000000ce       0x2c build/Trinket_USB_2/production/_ext/1796475310/plib_clock.o
 .ARM.attributes
                0x000000fa       0x2c build/Trinket_USB_2/production/_ext/1798624796/plib_evsys.o
 .ARM.attributes
                0x00000126       0x2c build/Trinket_USB_2/production/_ext/58287938/plib_nvic.o
 .ARM.attributes
                0x00000152       0x2c build/Trinket_USB_2/production/_ext/1292982576/plib_nvmctrl.o
 .ARM.attributes
                0x0000017e       0x2c build/Trinket_USB_2/production/_ext/58341089/plib_port.o
 .ARM.attributes
                0x000001aa       0x2c build/Trinket_USB_2/production/_ext/1390003407/plib_tc3.o
 .ARM.attributes
                0x000001d6       0x2c build/Trinket_USB_2/production/_ext/1961919639/sys_int.o
 .ARM.attributes
                0x00000202       0x2c build/Trinket_USB_2/production/_ext/1909065425/sys_time.o
 .ARM.attributes
                0x0000022e       0x2c build/Trinket_USB_2/production/_ext/1390297478/usb_device.o
 .ARM.attributes
                0x0000025a       0x2c build/Trinket_USB_2/production/_ext/1390297478/usb_device_cdc.o
 .ARM.attributes
                0x00000286       0x2c build/Trinket_USB_2/production/_ext/1390297478/usb_device_cdc_acm.o
 .ARM.attributes
                0x000002b2       0x2c build/Trinket_USB_2/production/_ext/1189347772/initialization.o
 .ARM.attributes
                0x000002de       0x2c build/Trinket_USB_2/production/_ext/1189347772/interrupts.o
 .ARM.attributes
                0x0000030a       0x2c build/Trinket_USB_2/production/_ext/1189347772/exceptions.o
 .ARM.attributes
                0x00000336       0x2c build/Trinket_USB_2/production/_ext/1189347772/startup_xc32.o
 .ARM.attributes
                0x00000362       0x32 build/Trinket_USB_2/production/_ext/1189347772/usb_device_init_data.o
 .ARM.attributes
                0x00000394       0x2c build/Trinket_USB_2/production/_ext/1189347772/tasks.o
 .ARM.attributes
                0x000003c0       0x2c build/Trinket_USB_2/production/_ext/1360937237/main.o
 .ARM.attributes
                0x000003ec       0x2c build/Trinket_USB_2/production/_ext/1360937237/app_usb.o
 .ARM.attributes
                0x00000418       0x2c c:/program files/microchip/xc32/v4.00/bin/bin/../../lib/gcc/pic32c/8.3.1/../../../../pic32c/lib/thumb/v6-m/nofp\libpic32c.a(data_init.o)
 .ARM.attributes
                0x00000444       0x1c c:/program files/microchip/xc32/v4.00/bin/bin/../../lib/gcc/pic32c/8.3.1/../../../../pic32c/lib/thumb/v6-m/nofp\libm-emfloat.a(floatasmops_arm.o)
 .ARM.attributes
                0x00000460       0x2e c:/program files/microchip/xc32/v4.00/bin/bin/../../lib/gcc/pic32c/8.3.1/../../../../pic32c/lib/thumb/v6-m/nofp\libc-musl.a(__libc_start_main.o)
 .ARM.attributes
                0x0000048e       0x2e c:/program files/microchip/xc32/v4.00/bin/bin/../../lib/gcc/pic32c/8.3.1/../../../../pic32c/lib/thumb/v6-m/nofp\libc-musl.a(libc.o)
 .ARM.attributes
                0x000004bc       0x2e c:/program files/microchip/xc32/v4.00/bin/bin/../../lib/gcc/pic32c/8.3.1/../../../../pic32c/lib/thumb/v6-m/nofp\libc-musl.a(__sio_sprintf_fs.o)
 .ARM.attributes
                0x000004ea       0x2e c:/program files/microchip/xc32/v4.00/bin/bin/../../lib/gcc/pic32c/8.3.1/../../../../pic32c/lib/thumb/v6-m/nofp\libc-musl.a(__fmt_fp.o)
 .ARM.attributes
                0x00000518       0x2e c:/program files/microchip/xc32/v4.00/bin/bin/../../lib/gcc/pic32c/8.3.1/../../../../pic32c/lib/thumb/v6-m/nofp\libc-musl.a(__fmt_s.o)
 .ARM.attributes
                0x00000546       0x2e c:/program files/microchip/xc32/v4.00/bin/bin/../../lib/gcc/pic32c/8.3.1/../../../../pic32c/lib/thumb/v6-m/nofp\libc-musl.a(__printf_core.o)
 .ARM.attributes
                0x00000574       0x2e c:/program files/microchip/xc32/v4.00/bin/bin/../../lib/gcc/pic32c/8.3.1/../../../../pic32c/lib/thumb/v6-m/nofp\libc-musl.a(atoi.o)
 .ARM.attributes
                0x000005a2       0x2e c:/program files/microchip/xc32/v4.00/bin/bin/../../lib/gcc/pic32c/8.3.1/../../../../pic32c/lib/thumb/v6-m/nofp\libc-musl.a(memcpy.o)
 .ARM.attributes
                0x000005d0       0x2e c:/program files/microchip/xc32/v4.00/bin/bin/../../lib/gcc/pic32c/8.3.1/../../../../pic32c/lib/thumb/v6-m/nofp\libc-musl.a(memset.o)
 .ARM.attributes
                0x000005fe       0x2e c:/program files/microchip/xc32/v4.00/bin/bin/../../lib/gcc/pic32c/8.3.1/../../../../pic32c/lib/thumb/v6-m/nofp\libc-musl.a(strlen.o)
 .ARM.attributes
                0x0000062c       0x2e c:/program files/microchip/xc32/v4.00/bin/bin/../../lib/gcc/pic32c/8.3.1/../../../../pic32c/lib/thumb/v6-m/nofp\libc-musl.a(strcpy.o)
 .ARM.attributes
                0x0000065a       0x2e c:/program files/microchip/xc32/v4.00/bin/bin/../../lib/gcc/pic32c/8.3.1/../../../../pic32c/lib/thumb/v6-m/nofp\libc-musl.a(tolower.o)
 .ARM.attributes
                0x00000688       0x2e c:/program files/microchip/xc32/v4.00/bin/bin/../../lib/gcc/pic32c/8.3.1/../../../../pic32c/lib/thumb/v6-m/nofp\libc-musl.a(__environ.o)
 .ARM.attributes
                0x000006b6       0x2e c:/program files/microchip/xc32/v4.00/bin/bin/../../lib/gcc/pic32c/8.3.1/../../../../pic32c/lib/thumb/v6-m/nofp\libc-musl.a(__errno_location.o)
 .ARM.attributes
                0x000006e4       0x2e c:/program files/microchip/xc32/v4.00/bin/bin/../../lib/gcc/pic32c/8.3.1/../../../../pic32c/lib/thumb/v6-m/nofp\libc-musl.a(__int_vsprintf.o)
 .ARM.attributes
                0x00000712       0x2e c:/program files/microchip/xc32/v4.00/bin/bin/../../lib/gcc/pic32c/8.3.1/../../../../pic32c/lib/thumb/v6-m/nofp\libc-musl.a(__pop_float.o)
 .ARM.attributes
                0x00000740       0x2e c:/program files/microchip/xc32/v4.00/bin/bin/../../lib/gcc/pic32c/8.3.1/../../../../pic32c/lib/thumb/v6-m/nofp\libc-musl.a(__pop_int.o)
 .ARM.attributes
                0x0000076e       0x2e c:/program files/microchip/xc32/v4.00/bin/bin/../../lib/gcc/pic32c/8.3.1/../../../../pic32c/lib/thumb/v6-m/nofp\libc-musl.a(__pop_ptr.o)
 .ARM.attributes
                0x0000079c       0x2e c:/program files/microchip/xc32/v4.00/bin/bin/../../lib/gcc/pic32c/8.3.1/../../../../pic32c/lib/thumb/v6-m/nofp\libc-musl.a(stpcpy.o)
 .ARM.attributes
                0x000007ca       0x2e c:/program files/microchip/xc32/v4.00/bin/bin/../../lib/gcc/pic32c/8.3.1/../../../../pic32c/lib/thumb/v6-m/nofp\libc-musl.a(__int_vsnprintf.o)
 .ARM.attributes
                0x000007f8       0x2e c:/program files/microchip/xc32/v4.00/bin/bin/../../lib/gcc/pic32c/8.3.1/../../../../pic32c/lib/thumb/v6-m/nofp\libc-musl.a(__int_vfprintf.o)
 .ARM.attributes
                0x00000826       0x2c c:/program files/microchip/xc32/v4.00/bin/bin/../../lib/gcc/pic32c/8.3.1/../../../../pic32c/lib/thumb/v6-m/nofp\libm-emfloat.a(lib_a-_FLOOR.o)
 .ARM.attributes
                0x00000852       0x2c c:/program files/microchip/xc32/v4.00/bin/bin/../../lib/gcc/pic32c/8.3.1/../../../../pic32c/lib/thumb/v6-m/nofp\libm-emfloat.a(lib_a-_FMA.o)
 .ARM.attributes
                0x0000087e       0x1e c:/program files/microchip/xc32/v4.00/bin/bin/../../lib/gcc/pic32c/8.3.1/thumb/v6-m/nofp\libgcc.a(_udivsi3.o)
 .ARM.attributes
                0x0000089c       0x1e c:/program files/microchip/xc32/v4.00/bin/bin/../../lib/gcc/pic32c/8.3.1/thumb/v6-m/nofp\libgcc.a(_divsi3.o)
 .ARM.attributes
                0x000008ba       0x1e c:/program files/microchip/xc32/v4.00/bin/bin/../../lib/gcc/pic32c/8.3.1/thumb/v6-m/nofp\libgcc.a(_dvmd_tls.o)
 .ARM.attributes
                0x000008d8       0x1e c:/program files/microchip/xc32/v4.00/bin/bin/../../lib/gcc/pic32c/8.3.1/thumb/v6-m/nofp\libgcc.a(_aeabi_uldivmod.o)
 .ARM.attributes
                0x000008f6       0x2c c:/program files/microchip/xc32/v4.00/bin/bin/../../lib/gcc/pic32c/8.3.1/thumb/v6-m/nofp\libgcc.a(_muldi3.o)
 .ARM.attributes
                0x00000922       0x2c c:/program files/microchip/xc32/v4.00/bin/bin/../../lib/gcc/pic32c/8.3.1/thumb/v6-m/nofp\libgcc.a(_udivmoddi4.o)
 .ARM.attributes
                0x0000094e       0x1e c:/program files/microchip/xc32/v4.00/bin/bin/../../lib/gcc/pic32c/8.3.1/thumb/v6-m/nofp\libgcc.a(_clzdi2.o)
 .ARM.attributes
                0x0000096c       0x1e c:/program files/microchip/xc32/v4.00/bin/bin/../../lib/gcc/pic32c/8.3.1/thumb/v6-m/nofp\libgcc.a(_clzsi2.o)
 .ARM.attributes
                0x0000098a       0x1e c:/program files/microchip/xc32/v4.00/bin/bin/../../lib/gcc/pic32c/8.3.1/thumb/v6-m/nofp/crtn.o

.comment        0x00000000       0x53
 .comment       0x00000000       0x53 c:/program files/microchip/xc32/v4.00/bin/bin/../../lib/gcc/pic32c/8.3.1/thumb/v6-m/nofp/crtbegin.o
                                 0x54 (size before relaxing)
 .comment       0x00000053       0x54 build/Trinket_USB_2/production/_ext/2108104030/drv_usbfsv1.o
 .comment       0x00000053       0x54 build/Trinket_USB_2/production/_ext/2108104030/drv_usbfsv1_device.o
 .comment       0x00000053       0x54 build/Trinket_USB_2/production/_ext/140414528/plib_adc.o
 .comment       0x00000053       0x54 build/Trinket_USB_2/production/_ext/1796475310/plib_clock.o
 .comment       0x00000053       0x54 build/Trinket_USB_2/production/_ext/1798624796/plib_evsys.o
 .comment       0x00000053       0x54 build/Trinket_USB_2/production/_ext/58287938/plib_nvic.o
 .comment       0x00000053       0x54 build/Trinket_USB_2/production/_ext/1292982576/plib_nvmctrl.o
 .comment       0x00000053       0x54 build/Trinket_USB_2/production/_ext/58341089/plib_port.o
 .comment       0x00000053       0x54 build/Trinket_USB_2/production/_ext/1390003407/plib_tc3.o
 .comment       0x00000053       0x54 build/Trinket_USB_2/production/_ext/1961919639/sys_int.o
 .comment       0x00000053       0x54 build/Trinket_USB_2/production/_ext/1909065425/sys_time.o
 .comment       0x00000053       0x54 build/Trinket_USB_2/production/_ext/1390297478/usb_device.o
 .comment       0x00000053       0x54 build/Trinket_USB_2/production/_ext/1390297478/usb_device_cdc.o
 .comment       0x00000053       0x54 build/Trinket_USB_2/production/_ext/1390297478/usb_device_cdc_acm.o
 .comment       0x00000053       0x54 build/Trinket_USB_2/production/_ext/1189347772/initialization.o
 .comment       0x00000053       0x54 build/Trinket_USB_2/production/_ext/1189347772/interrupts.o
 .comment       0x00000053       0x54 build/Trinket_USB_2/production/_ext/1189347772/exceptions.o
 .comment       0x00000053       0x54 build/Trinket_USB_2/production/_ext/1189347772/startup_xc32.o
 .comment       0x00000053       0x54 build/Trinket_USB_2/production/_ext/1189347772/usb_device_init_data.o
 .comment       0x00000053       0x54 build/Trinket_USB_2/production/_ext/1189347772/tasks.o
 .comment       0x00000053       0x54 build/Trinket_USB_2/production/_ext/1360937237/main.o
 .comment       0x00000053       0x54 build/Trinket_USB_2/production/_ext/1360937237/app_usb.o
 .comment       0x00000053       0x54 c:/program files/microchip/xc32/v4.00/bin/bin/../../lib/gcc/pic32c/8.3.1/../../../../pic32c/lib/thumb/v6-m/nofp\libpic32c.a(data_init.o)
 .comment       0x00000053       0x54 c:/program files/microchip/xc32/v4.00/bin/bin/../../lib/gcc/pic32c/8.3.1/../../../../pic32c/lib/thumb/v6-m/nofp\libc-musl.a(__libc_start_main.o)
 .comment       0x00000053       0x54 c:/program files/microchip/xc32/v4.00/bin/bin/../../lib/gcc/pic32c/8.3.1/../../../../pic32c/lib/thumb/v6-m/nofp\libc-musl.a(libc.o)
 .comment       0x00000053       0x54 c:/program files/microchip/xc32/v4.00/bin/bin/../../lib/gcc/pic32c/8.3.1/../../../../pic32c/lib/thumb/v6-m/nofp\libc-musl.a(__sio_sprintf_fs.o)
 .comment       0x00000053       0x54 c:/program files/microchip/xc32/v4.00/bin/bin/../../lib/gcc/pic32c/8.3.1/../../../../pic32c/lib/thumb/v6-m/nofp\libc-musl.a(__fmt_fp.o)
 .comment       0x00000053       0x54 c:/program files/microchip/xc32/v4.00/bin/bin/../../lib/gcc/pic32c/8.3.1/../../../../pic32c/lib/thumb/v6-m/nofp\libc-musl.a(__fmt_s.o)
 .comment       0x00000053       0x54 c:/program files/microchip/xc32/v4.00/bin/bin/../../lib/gcc/pic32c/8.3.1/../../../../pic32c/lib/thumb/v6-m/nofp\libc-musl.a(__printf_core.o)
 .comment       0x00000053       0x54 c:/program files/microchip/xc32/v4.00/bin/bin/../../lib/gcc/pic32c/8.3.1/../../../../pic32c/lib/thumb/v6-m/nofp\libc-musl.a(atoi.o)
 .comment       0x00000053       0x54 c:/program files/microchip/xc32/v4.00/bin/bin/../../lib/gcc/pic32c/8.3.1/../../../../pic32c/lib/thumb/v6-m/nofp\libc-musl.a(memcpy.o)
 .comment       0x00000053       0x54 c:/program files/microchip/xc32/v4.00/bin/bin/../../lib/gcc/pic32c/8.3.1/../../../../pic32c/lib/thumb/v6-m/nofp\libc-musl.a(memset.o)
 .comment       0x00000053       0x54 c:/program files/microchip/xc32/v4.00/bin/bin/../../lib/gcc/pic32c/8.3.1/../../../../pic32c/lib/thumb/v6-m/nofp\libc-musl.a(strlen.o)
 .comment       0x00000053       0x54 c:/program files/microchip/xc32/v4.00/bin/bin/../../lib/gcc/pic32c/8.3.1/../../../../pic32c/lib/thumb/v6-m/nofp\libc-musl.a(strcpy.o)
 .comment       0x00000053       0x54 c:/program files/microchip/xc32/v4.00/bin/bin/../../lib/gcc/pic32c/8.3.1/../../../../pic32c/lib/thumb/v6-m/nofp\libc-musl.a(tolower.o)
 .comment       0x00000053       0x54 c:/program files/microchip/xc32/v4.00/bin/bin/../../lib/gcc/pic32c/8.3.1/../../../../pic32c/lib/thumb/v6-m/nofp\libc-musl.a(__environ.o)
 .comment       0x00000053       0x54 c:/program files/microchip/xc32/v4.00/bin/bin/../../lib/gcc/pic32c/8.3.1/../../../../pic32c/lib/thumb/v6-m/nofp\libc-musl.a(__errno_location.o)
 .comment       0x00000053       0x54 c:/program files/microchip/xc32/v4.00/bin/bin/../../lib/gcc/pic32c/8.3.1/../../../../pic32c/lib/thumb/v6-m/nofp\libc-musl.a(__int_vsprintf.o)
 .comment       0x00000053       0x54 c:/program files/microchip/xc32/v4.00/bin/bin/../../lib/gcc/pic32c/8.3.1/../../../../pic32c/lib/thumb/v6-m/nofp\libc-musl.a(__pop_float.o)
 .comment       0x00000053       0x54 c:/program files/microchip/xc32/v4.00/bin/bin/../../lib/gcc/pic32c/8.3.1/../../../../pic32c/lib/thumb/v6-m/nofp\libc-musl.a(__pop_int.o)
 .comment       0x00000053       0x54 c:/program files/microchip/xc32/v4.00/bin/bin/../../lib/gcc/pic32c/8.3.1/../../../../pic32c/lib/thumb/v6-m/nofp\libc-musl.a(__pop_ptr.o)
 .comment       0x00000053       0x54 c:/program files/microchip/xc32/v4.00/bin/bin/../../lib/gcc/pic32c/8.3.1/../../../../pic32c/lib/thumb/v6-m/nofp\libc-musl.a(stpcpy.o)
 .comment       0x00000053       0x54 c:/program files/microchip/xc32/v4.00/bin/bin/../../lib/gcc/pic32c/8.3.1/../../../../pic32c/lib/thumb/v6-m/nofp\libc-musl.a(__int_vsnprintf.o)
 .comment       0x00000053       0x54 c:/program files/microchip/xc32/v4.00/bin/bin/../../lib/gcc/pic32c/8.3.1/../../../../pic32c/lib/thumb/v6-m/nofp\libc-musl.a(__int_vfprintf.o)
 .comment       0x00000053       0x54 c:/program files/microchip/xc32/v4.00/bin/bin/../../lib/gcc/pic32c/8.3.1/../../../../pic32c/lib/thumb/v6-m/nofp\libm-emfloat.a(lib_a-_FLOOR.o)
 .comment       0x00000053       0x54 c:/program files/microchip/xc32/v4.00/bin/bin/../../lib/gcc/pic32c/8.3.1/../../../../pic32c/lib/thumb/v6-m/nofp\libm-emfloat.a(lib_a-_FMA.o)
 .comment       0x00000053       0x54 c:/program files/microchip/xc32/v4.00/bin/bin/../../lib/gcc/pic32c/8.3.1/thumb/v6-m/nofp\libgcc.a(_muldi3.o)
 .comment       0x00000053       0x54 c:/program files/microchip/xc32/v4.00/bin/bin/../../lib/gcc/pic32c/8.3.1/thumb/v6-m/nofp\libgcc.a(_udivmoddi4.o)

.debug_info     0x00000000    0x4349a
 .debug_info    0x00000000     0x569e build/Trinket_USB_2/production/_ext/2108104030/drv_usbfsv1.o
 .debug_info    0x0000569e     0x66f9 build/Trinket_USB_2/production/_ext/2108104030/drv_usbfsv1_device.o
 .debug_info    0x0000bd97      0xddc build/Trinket_USB_2/production/_ext/140414528/plib_adc.o
 .debug_info    0x0000cb73      0xa52 build/Trinket_USB_2/production/_ext/1796475310/plib_clock.o
 .debug_info    0x0000d5c5      0x338 build/Trinket_USB_2/production/_ext/1798624796/plib_evsys.o
 .debug_info    0x0000d8fd      0xa4e build/Trinket_USB_2/production/_ext/58287938/plib_nvic.o
 .debug_info    0x0000e34b      0x8c9 build/Trinket_USB_2/production/_ext/1292982576/plib_nvmctrl.o
 .debug_info    0x0000ec14      0xbd9 build/Trinket_USB_2/production/_ext/58341089/plib_port.o
 .debug_info    0x0000f7ed      0xc66 build/Trinket_USB_2/production/_ext/1390003407/plib_tc3.o
 .debug_info    0x00010453      0x992 build/Trinket_USB_2/production/_ext/1961919639/sys_int.o
 .debug_info    0x00010de5     0x2a7f build/Trinket_USB_2/production/_ext/1909065425/sys_time.o
 .debug_info    0x00013864     0x5dde build/Trinket_USB_2/production/_ext/1390297478/usb_device.o
 .debug_info    0x00019642     0x3e72 build/Trinket_USB_2/production/_ext/1390297478/usb_device_cdc.o
 .debug_info    0x0001d4b4     0x193d build/Trinket_USB_2/production/_ext/1390297478/usb_device_cdc_acm.o
 .debug_info    0x0001edf1     0x4106 build/Trinket_USB_2/production/_ext/1189347772/initialization.o
 .debug_info    0x00022ef7     0x345a build/Trinket_USB_2/production/_ext/1189347772/interrupts.o
 .debug_info    0x00026351     0x2ee3 build/Trinket_USB_2/production/_ext/1189347772/exceptions.o
 .debug_info    0x00029234      0x4cc build/Trinket_USB_2/production/_ext/1189347772/startup_xc32.o
 .debug_info    0x00029700     0x395d build/Trinket_USB_2/production/_ext/1189347772/usb_device_init_data.o
 .debug_info    0x0002d05d     0x2ef9 build/Trinket_USB_2/production/_ext/1189347772/tasks.o
 .debug_info    0x0002ff56     0x2ed2 build/Trinket_USB_2/production/_ext/1360937237/main.o
 .debug_info    0x00032e28     0x408d build/Trinket_USB_2/production/_ext/1360937237/app_usb.o
 .debug_info    0x00036eb5      0x2d1 c:/program files/microchip/xc32/v4.00/bin/bin/../../lib/gcc/pic32c/8.3.1/../../../../pic32c/lib/thumb/v6-m/nofp\libpic32c.a(data_init.o)
 .debug_info    0x00037186      0x6a9 c:/program files/microchip/xc32/v4.00/bin/bin/../../lib/gcc/pic32c/8.3.1/../../../../pic32c/lib/thumb/v6-m/nofp\libc-musl.a(__libc_start_main.o)
 .debug_info    0x0003782f      0x5d5 c:/program files/microchip/xc32/v4.00/bin/bin/../../lib/gcc/pic32c/8.3.1/../../../../pic32c/lib/thumb/v6-m/nofp\libc-musl.a(libc.o)
 .debug_info    0x00037e04      0x6fd c:/program files/microchip/xc32/v4.00/bin/bin/../../lib/gcc/pic32c/8.3.1/../../../../pic32c/lib/thumb/v6-m/nofp\libc-musl.a(__sio_sprintf_fs.o)
 .debug_info    0x00038501      0xc39 c:/program files/microchip/xc32/v4.00/bin/bin/../../lib/gcc/pic32c/8.3.1/../../../../pic32c/lib/thumb/v6-m/nofp\libc-musl.a(__fmt_fp.o)
 .debug_info    0x0003913a      0x870 c:/program files/microchip/xc32/v4.00/bin/bin/../../lib/gcc/pic32c/8.3.1/../../../../pic32c/lib/thumb/v6-m/nofp\libc-musl.a(__fmt_s.o)
 .debug_info    0x000399aa     0x101f c:/program files/microchip/xc32/v4.00/bin/bin/../../lib/gcc/pic32c/8.3.1/../../../../pic32c/lib/thumb/v6-m/nofp\libc-musl.a(__printf_core.o)
 .debug_info    0x0003a9c9      0x318 c:/program files/microchip/xc32/v4.00/bin/bin/../../lib/gcc/pic32c/8.3.1/../../../../pic32c/lib/thumb/v6-m/nofp\libc-musl.a(atoi.o)
 .debug_info    0x0003ace1      0x30e c:/program files/microchip/xc32/v4.00/bin/bin/../../lib/gcc/pic32c/8.3.1/../../../../pic32c/lib/thumb/v6-m/nofp\libc-musl.a(memcpy.o)
 .debug_info    0x0003afef      0x2d2 c:/program files/microchip/xc32/v4.00/bin/bin/../../lib/gcc/pic32c/8.3.1/../../../../pic32c/lib/thumb/v6-m/nofp\libc-musl.a(memset.o)
 .debug_info    0x0003b2c1      0x2c3 c:/program files/microchip/xc32/v4.00/bin/bin/../../lib/gcc/pic32c/8.3.1/../../../../pic32c/lib/thumb/v6-m/nofp\libc-musl.a(strlen.o)
 .debug_info    0x0003b584      0x2d1 c:/program files/microchip/xc32/v4.00/bin/bin/../../lib/gcc/pic32c/8.3.1/../../../../pic32c/lib/thumb/v6-m/nofp\libc-musl.a(strcpy.o)
 .debug_info    0x0003b855      0x5f9 c:/program files/microchip/xc32/v4.00/bin/bin/../../lib/gcc/pic32c/8.3.1/../../../../pic32c/lib/thumb/v6-m/nofp\libc-musl.a(tolower.o)
 .debug_info    0x0003be4e      0x58c c:/program files/microchip/xc32/v4.00/bin/bin/../../lib/gcc/pic32c/8.3.1/../../../../pic32c/lib/thumb/v6-m/nofp\libc-musl.a(__environ.o)
 .debug_info    0x0003c3da      0x570 c:/program files/microchip/xc32/v4.00/bin/bin/../../lib/gcc/pic32c/8.3.1/../../../../pic32c/lib/thumb/v6-m/nofp\libc-musl.a(__errno_location.o)
 .debug_info    0x0003c94a      0x699 c:/program files/microchip/xc32/v4.00/bin/bin/../../lib/gcc/pic32c/8.3.1/../../../../pic32c/lib/thumb/v6-m/nofp\libc-musl.a(__int_vsprintf.o)
 .debug_info    0x0003cfe3      0x756 c:/program files/microchip/xc32/v4.00/bin/bin/../../lib/gcc/pic32c/8.3.1/../../../../pic32c/lib/thumb/v6-m/nofp\libc-musl.a(__pop_float.o)
 .debug_info    0x0003d739      0x77a c:/program files/microchip/xc32/v4.00/bin/bin/../../lib/gcc/pic32c/8.3.1/../../../../pic32c/lib/thumb/v6-m/nofp\libc-musl.a(__pop_int.o)
 .debug_info    0x0003deb3      0x777 c:/program files/microchip/xc32/v4.00/bin/bin/../../lib/gcc/pic32c/8.3.1/../../../../pic32c/lib/thumb/v6-m/nofp\libc-musl.a(__pop_ptr.o)
 .debug_info    0x0003e62a      0x5af c:/program files/microchip/xc32/v4.00/bin/bin/../../lib/gcc/pic32c/8.3.1/../../../../pic32c/lib/thumb/v6-m/nofp\libc-musl.a(stpcpy.o)
 .debug_info    0x0003ebd9      0x773 c:/program files/microchip/xc32/v4.00/bin/bin/../../lib/gcc/pic32c/8.3.1/../../../../pic32c/lib/thumb/v6-m/nofp\libc-musl.a(__int_vsnprintf.o)
 .debug_info    0x0003f34c      0x777 c:/program files/microchip/xc32/v4.00/bin/bin/../../lib/gcc/pic32c/8.3.1/../../../../pic32c/lib/thumb/v6-m/nofp\libc-musl.a(__int_vfprintf.o)
 .debug_info    0x0003fac3       0x26 c:/program files/microchip/xc32/v4.00/bin/bin/../../lib/gcc/pic32c/8.3.1/thumb/v6-m/nofp\libgcc.a(_udivsi3.o)
 .debug_info    0x0003fae9       0x26 c:/program files/microchip/xc32/v4.00/bin/bin/../../lib/gcc/pic32c/8.3.1/thumb/v6-m/nofp\libgcc.a(_divsi3.o)
 .debug_info    0x0003fb0f       0x26 c:/program files/microchip/xc32/v4.00/bin/bin/../../lib/gcc/pic32c/8.3.1/thumb/v6-m/nofp\libgcc.a(_dvmd_tls.o)
 .debug_info    0x0003fb35       0x26 c:/program files/microchip/xc32/v4.00/bin/bin/../../lib/gcc/pic32c/8.3.1/thumb/v6-m/nofp\libgcc.a(_aeabi_uldivmod.o)
 .debug_info    0x0003fb5b     0x1cd3 c:/program files/microchip/xc32/v4.00/bin/bin/../../lib/gcc/pic32c/8.3.1/thumb/v6-m/nofp\libgcc.a(_muldi3.o)
 .debug_info    0x0004182e     0x1c20 c:/program files/microchip/xc32/v4.00/bin/bin/../../lib/gcc/pic32c/8.3.1/thumb/v6-m/nofp\libgcc.a(_udivmoddi4.o)
 .debug_info    0x0004344e       0x26 c:/program files/microchip/xc32/v4.00/bin/bin/../../lib/gcc/pic32c/8.3.1/thumb/v6-m/nofp\libgcc.a(_clzdi2.o)
 .debug_info    0x00043474       0x26 c:/program files/microchip/xc32/v4.00/bin/bin/../../lib/gcc/pic32c/8.3.1/thumb/v6-m/nofp\libgcc.a(_clzsi2.o)

.debug_abbrev   0x00000000     0x566c
 .debug_abbrev  0x00000000      0x4e5 build/Trinket_USB_2/production/_ext/2108104030/drv_usbfsv1.o
 .debug_abbrev  0x000004e5      0x5ed build/Trinket_USB_2/production/_ext/2108104030/drv_usbfsv1_device.o
 .debug_abbrev  0x00000ad2      0x1c0 build/Trinket_USB_2/production/_ext/140414528/plib_adc.o
 .debug_abbrev  0x00000c92      0x13e build/Trinket_USB_2/production/_ext/1796475310/plib_clock.o
 .debug_abbrev  0x00000dd0       0x3b build/Trinket_USB_2/production/_ext/1798624796/plib_evsys.o
 .debug_abbrev  0x00000e0b      0x1e1 build/Trinket_USB_2/production/_ext/58287938/plib_nvic.o
 .debug_abbrev  0x00000fec      0x1b1 build/Trinket_USB_2/production/_ext/1292982576/plib_nvmctrl.o
 .debug_abbrev  0x0000119d      0x1d6 build/Trinket_USB_2/production/_ext/58341089/plib_port.o
 .debug_abbrev  0x00001373      0x1e8 build/Trinket_USB_2/production/_ext/1390003407/plib_tc3.o
 .debug_abbrev  0x0000155b      0x246 build/Trinket_USB_2/production/_ext/1961919639/sys_int.o
 .debug_abbrev  0x000017a1      0x5da build/Trinket_USB_2/production/_ext/1909065425/sys_time.o
 .debug_abbrev  0x00001d7b      0x4e6 build/Trinket_USB_2/production/_ext/1390297478/usb_device.o
 .debug_abbrev  0x00002261      0x505 build/Trinket_USB_2/production/_ext/1390297478/usb_device_cdc.o
 .debug_abbrev  0x00002766      0x205 build/Trinket_USB_2/production/_ext/1390297478/usb_device_cdc_acm.o
 .debug_abbrev  0x0000296b      0x2df build/Trinket_USB_2/production/_ext/1189347772/initialization.o
 .debug_abbrev  0x00002c4a      0x21d build/Trinket_USB_2/production/_ext/1189347772/interrupts.o
 .debug_abbrev  0x00002e67      0x1ff build/Trinket_USB_2/production/_ext/1189347772/exceptions.o
 .debug_abbrev  0x00003066      0x110 build/Trinket_USB_2/production/_ext/1189347772/startup_xc32.o
 .debug_abbrev  0x00003176      0x248 build/Trinket_USB_2/production/_ext/1189347772/usb_device_init_data.o
 .debug_abbrev  0x000033be      0x21d build/Trinket_USB_2/production/_ext/1189347772/tasks.o
 .debug_abbrev  0x000035db      0x238 build/Trinket_USB_2/production/_ext/1360937237/main.o
 .debug_abbrev  0x00003813      0x39e build/Trinket_USB_2/production/_ext/1360937237/app_usb.o
 .debug_abbrev  0x00003bb1       0x2e c:/program files/microchip/xc32/v4.00/bin/bin/../../lib/gcc/pic32c/8.3.1/../../../../pic32c/lib/thumb/v6-m/nofp\libpic32c.a(data_init.o)
 .debug_abbrev  0x00003bdf      0x126 c:/program files/microchip/xc32/v4.00/bin/bin/../../lib/gcc/pic32c/8.3.1/../../../../pic32c/lib/thumb/v6-m/nofp\libc-musl.a(__libc_start_main.o)
 .debug_abbrev  0x00003d05       0xc7 c:/program files/microchip/xc32/v4.00/bin/bin/../../lib/gcc/pic32c/8.3.1/../../../../pic32c/lib/thumb/v6-m/nofp\libc-musl.a(libc.o)
 .debug_abbrev  0x00003dcc      0x186 c:/program files/microchip/xc32/v4.00/bin/bin/../../lib/gcc/pic32c/8.3.1/../../../../pic32c/lib/thumb/v6-m/nofp\libc-musl.a(__sio_sprintf_fs.o)
 .debug_abbrev  0x00003f52      0x1f1 c:/program files/microchip/xc32/v4.00/bin/bin/../../lib/gcc/pic32c/8.3.1/../../../../pic32c/lib/thumb/v6-m/nofp\libc-musl.a(__fmt_fp.o)
 .debug_abbrev  0x00004143      0x161 c:/program files/microchip/xc32/v4.00/bin/bin/../../lib/gcc/pic32c/8.3.1/../../../../pic32c/lib/thumb/v6-m/nofp\libc-musl.a(__fmt_s.o)
 .debug_abbrev  0x000042a4      0x2e1 c:/program files/microchip/xc32/v4.00/bin/bin/../../lib/gcc/pic32c/8.3.1/../../../../pic32c/lib/thumb/v6-m/nofp\libc-musl.a(__printf_core.o)
 .debug_abbrev  0x00004585       0xbb c:/program files/microchip/xc32/v4.00/bin/bin/../../lib/gcc/pic32c/8.3.1/../../../../pic32c/lib/thumb/v6-m/nofp\libc-musl.a(atoi.o)
 .debug_abbrev  0x00004640       0x9c c:/program files/microchip/xc32/v4.00/bin/bin/../../lib/gcc/pic32c/8.3.1/../../../../pic32c/lib/thumb/v6-m/nofp\libc-musl.a(memcpy.o)
 .debug_abbrev  0x000046dc       0x97 c:/program files/microchip/xc32/v4.00/bin/bin/../../lib/gcc/pic32c/8.3.1/../../../../pic32c/lib/thumb/v6-m/nofp\libc-musl.a(memset.o)
 .debug_abbrev  0x00004773       0x86 c:/program files/microchip/xc32/v4.00/bin/bin/../../lib/gcc/pic32c/8.3.1/../../../../pic32c/lib/thumb/v6-m/nofp\libc-musl.a(strlen.o)
 .debug_abbrev  0x000047f9       0x8e c:/program files/microchip/xc32/v4.00/bin/bin/../../lib/gcc/pic32c/8.3.1/../../../../pic32c/lib/thumb/v6-m/nofp\libc-musl.a(strcpy.o)
 .debug_abbrev  0x00004887      0x112 c:/program files/microchip/xc32/v4.00/bin/bin/../../lib/gcc/pic32c/8.3.1/../../../../pic32c/lib/thumb/v6-m/nofp\libc-musl.a(tolower.o)
 .debug_abbrev  0x00004999       0xc7 c:/program files/microchip/xc32/v4.00/bin/bin/../../lib/gcc/pic32c/8.3.1/../../../../pic32c/lib/thumb/v6-m/nofp\libc-musl.a(__environ.o)
 .debug_abbrev  0x00004a60       0xba c:/program files/microchip/xc32/v4.00/bin/bin/../../lib/gcc/pic32c/8.3.1/../../../../pic32c/lib/thumb/v6-m/nofp\libc-musl.a(__errno_location.o)
 .debug_abbrev  0x00004b1a      0x126 c:/program files/microchip/xc32/v4.00/bin/bin/../../lib/gcc/pic32c/8.3.1/../../../../pic32c/lib/thumb/v6-m/nofp\libc-musl.a(__int_vsprintf.o)
 .debug_abbrev  0x00004c40      0x11b c:/program files/microchip/xc32/v4.00/bin/bin/../../lib/gcc/pic32c/8.3.1/../../../../pic32c/lib/thumb/v6-m/nofp\libc-musl.a(__pop_float.o)
 .debug_abbrev  0x00004d5b      0x11b c:/program files/microchip/xc32/v4.00/bin/bin/../../lib/gcc/pic32c/8.3.1/../../../../pic32c/lib/thumb/v6-m/nofp\libc-musl.a(__pop_int.o)
 .debug_abbrev  0x00004e76      0x11b c:/program files/microchip/xc32/v4.00/bin/bin/../../lib/gcc/pic32c/8.3.1/../../../../pic32c/lib/thumb/v6-m/nofp\libc-musl.a(__pop_ptr.o)
 .debug_abbrev  0x00004f91       0xdf c:/program files/microchip/xc32/v4.00/bin/bin/../../lib/gcc/pic32c/8.3.1/../../../../pic32c/lib/thumb/v6-m/nofp\libc-musl.a(stpcpy.o)
 .debug_abbrev  0x00005070      0x137 c:/program files/microchip/xc32/v4.00/bin/bin/../../lib/gcc/pic32c/8.3.1/../../../../pic32c/lib/thumb/v6-m/nofp\libc-musl.a(__int_vsnprintf.o)
 .debug_abbrev  0x000051a7      0x15e c:/program files/microchip/xc32/v4.00/bin/bin/../../lib/gcc/pic32c/8.3.1/../../../../pic32c/lib/thumb/v6-m/nofp\libc-musl.a(__int_vfprintf.o)
 .debug_abbrev  0x00005305       0x14 c:/program files/microchip/xc32/v4.00/bin/bin/../../lib/gcc/pic32c/8.3.1/thumb/v6-m/nofp\libgcc.a(_udivsi3.o)
 .debug_abbrev  0x00005319       0x14 c:/program files/microchip/xc32/v4.00/bin/bin/../../lib/gcc/pic32c/8.3.1/thumb/v6-m/nofp\libgcc.a(_divsi3.o)
 .debug_abbrev  0x0000532d       0x14 c:/program files/microchip/xc32/v4.00/bin/bin/../../lib/gcc/pic32c/8.3.1/thumb/v6-m/nofp\libgcc.a(_dvmd_tls.o)
 .debug_abbrev  0x00005341       0x14 c:/program files/microchip/xc32/v4.00/bin/bin/../../lib/gcc/pic32c/8.3.1/thumb/v6-m/nofp\libgcc.a(_aeabi_uldivmod.o)
 .debug_abbrev  0x00005355      0x198 c:/program files/microchip/xc32/v4.00/bin/bin/../../lib/gcc/pic32c/8.3.1/thumb/v6-m/nofp\libgcc.a(_muldi3.o)
 .debug_abbrev  0x000054ed      0x157 c:/program files/microchip/xc32/v4.00/bin/bin/../../lib/gcc/pic32c/8.3.1/thumb/v6-m/nofp\libgcc.a(_udivmoddi4.o)
 .debug_abbrev  0x00005644       0x14 c:/program files/microchip/xc32/v4.00/bin/bin/../../lib/gcc/pic32c/8.3.1/thumb/v6-m/nofp\libgcc.a(_clzdi2.o)
 .debug_abbrev  0x00005658       0x14 c:/program files/microchip/xc32/v4.00/bin/bin/../../lib/gcc/pic32c/8.3.1/thumb/v6-m/nofp\libgcc.a(_clzsi2.o)

.debug_loc      0x00000000     0xda94
 .debug_loc     0x00000000      0x7f5 build/Trinket_USB_2/production/_ext/2108104030/drv_usbfsv1.o
 .debug_loc     0x000007f5     0x2c1d build/Trinket_USB_2/production/_ext/2108104030/drv_usbfsv1_device.o
 .debug_loc     0x00003412      0x1a9 build/Trinket_USB_2/production/_ext/140414528/plib_adc.o
 .debug_loc     0x000035bb       0x8e build/Trinket_USB_2/production/_ext/1796475310/plib_clock.o
 .debug_loc     0x00003649       0xb2 build/Trinket_USB_2/production/_ext/58287938/plib_nvic.o
 .debug_loc     0x000036fb      0x2f9 build/Trinket_USB_2/production/_ext/1292982576/plib_nvmctrl.o
 .debug_loc     0x000039f4      0x226 build/Trinket_USB_2/production/_ext/58341089/plib_port.o
 .debug_loc     0x00003c1a       0x5f build/Trinket_USB_2/production/_ext/1390003407/plib_tc3.o
 .debug_loc     0x00003c79      0x17d build/Trinket_USB_2/production/_ext/1961919639/sys_int.o
 .debug_loc     0x00003df6     0x25c7 build/Trinket_USB_2/production/_ext/1909065425/sys_time.o
 .debug_loc     0x000063bd     0x2fc0 build/Trinket_USB_2/production/_ext/1390297478/usb_device.o
 .debug_loc     0x0000937d     0x17ca build/Trinket_USB_2/production/_ext/1390297478/usb_device_cdc.o
 .debug_loc     0x0000ab47      0x260 build/Trinket_USB_2/production/_ext/1390297478/usb_device_cdc_acm.o
 .debug_loc     0x0000ada7       0x45 build/Trinket_USB_2/production/_ext/1189347772/initialization.o
 .debug_loc     0x0000adec       0x20 build/Trinket_USB_2/production/_ext/1189347772/startup_xc32.o
 .debug_loc     0x0000ae0c       0x20 build/Trinket_USB_2/production/_ext/1189347772/tasks.o
 .debug_loc     0x0000ae2c       0x20 build/Trinket_USB_2/production/_ext/1360937237/main.o
 .debug_loc     0x0000ae4c      0x4eb build/Trinket_USB_2/production/_ext/1360937237/app_usb.o
 .debug_loc     0x0000b337       0x14 c:/program files/microchip/xc32/v4.00/bin/bin/../../lib/gcc/pic32c/8.3.1/../../../../pic32c/lib/thumb/v6-m/nofp\libpic32c.a(data_init.o)
 .debug_loc     0x0000b34b       0x5e c:/program files/microchip/xc32/v4.00/bin/bin/../../lib/gcc/pic32c/8.3.1/../../../../pic32c/lib/thumb/v6-m/nofp\libc-musl.a(__libc_start_main.o)
 .debug_loc     0x0000b3a9       0x86 c:/program files/microchip/xc32/v4.00/bin/bin/../../lib/gcc/pic32c/8.3.1/../../../../pic32c/lib/thumb/v6-m/nofp\libc-musl.a(__sio_sprintf_fs.o)
 .debug_loc     0x0000b42f      0xcd2 c:/program files/microchip/xc32/v4.00/bin/bin/../../lib/gcc/pic32c/8.3.1/../../../../pic32c/lib/thumb/v6-m/nofp\libc-musl.a(__fmt_fp.o)
 .debug_loc     0x0000c101      0x144 c:/program files/microchip/xc32/v4.00/bin/bin/../../lib/gcc/pic32c/8.3.1/../../../../pic32c/lib/thumb/v6-m/nofp\libc-musl.a(__fmt_s.o)
 .debug_loc     0x0000c245      0x6c7 c:/program files/microchip/xc32/v4.00/bin/bin/../../lib/gcc/pic32c/8.3.1/../../../../pic32c/lib/thumb/v6-m/nofp\libc-musl.a(__printf_core.o)
 .debug_loc     0x0000c90c       0xdc c:/program files/microchip/xc32/v4.00/bin/bin/../../lib/gcc/pic32c/8.3.1/../../../../pic32c/lib/thumb/v6-m/nofp\libc-musl.a(atoi.o)
 .debug_loc     0x0000c9e8      0x109 c:/program files/microchip/xc32/v4.00/bin/bin/../../lib/gcc/pic32c/8.3.1/../../../../pic32c/lib/thumb/v6-m/nofp\libc-musl.a(memcpy.o)
 .debug_loc     0x0000caf1       0x80 c:/program files/microchip/xc32/v4.00/bin/bin/../../lib/gcc/pic32c/8.3.1/../../../../pic32c/lib/thumb/v6-m/nofp\libc-musl.a(memset.o)
 .debug_loc     0x0000cb71       0x54 c:/program files/microchip/xc32/v4.00/bin/bin/../../lib/gcc/pic32c/8.3.1/../../../../pic32c/lib/thumb/v6-m/nofp\libc-musl.a(strlen.o)
 .debug_loc     0x0000cbc5       0x74 c:/program files/microchip/xc32/v4.00/bin/bin/../../lib/gcc/pic32c/8.3.1/../../../../pic32c/lib/thumb/v6-m/nofp\libc-musl.a(strcpy.o)
 .debug_loc     0x0000cc39       0x8f c:/program files/microchip/xc32/v4.00/bin/bin/../../lib/gcc/pic32c/8.3.1/../../../../pic32c/lib/thumb/v6-m/nofp\libc-musl.a(tolower.o)
 .debug_loc     0x0000ccc8       0x8c c:/program files/microchip/xc32/v4.00/bin/bin/../../lib/gcc/pic32c/8.3.1/../../../../pic32c/lib/thumb/v6-m/nofp\libc-musl.a(__int_vsprintf.o)
 .debug_loc     0x0000cd54       0x6f c:/program files/microchip/xc32/v4.00/bin/bin/../../lib/gcc/pic32c/8.3.1/../../../../pic32c/lib/thumb/v6-m/nofp\libc-musl.a(__pop_float.o)
 .debug_loc     0x0000cdc3      0x281 c:/program files/microchip/xc32/v4.00/bin/bin/../../lib/gcc/pic32c/8.3.1/../../../../pic32c/lib/thumb/v6-m/nofp\libc-musl.a(__pop_int.o)
 .debug_loc     0x0000d044      0x1fe c:/program files/microchip/xc32/v4.00/bin/bin/../../lib/gcc/pic32c/8.3.1/../../../../pic32c/lib/thumb/v6-m/nofp\libc-musl.a(__pop_ptr.o)
 .debug_loc     0x0000d242       0x90 c:/program files/microchip/xc32/v4.00/bin/bin/../../lib/gcc/pic32c/8.3.1/../../../../pic32c/lib/thumb/v6-m/nofp\libc-musl.a(stpcpy.o)
 .debug_loc     0x0000d2d2      0x102 c:/program files/microchip/xc32/v4.00/bin/bin/../../lib/gcc/pic32c/8.3.1/../../../../pic32c/lib/thumb/v6-m/nofp\libc-musl.a(__int_vsnprintf.o)
 .debug_loc     0x0000d3d4       0xb0 c:/program files/microchip/xc32/v4.00/bin/bin/../../lib/gcc/pic32c/8.3.1/../../../../pic32c/lib/thumb/v6-m/nofp\libc-musl.a(__int_vfprintf.o)
 .debug_loc     0x0000d484      0x1f4 c:/program files/microchip/xc32/v4.00/bin/bin/../../lib/gcc/pic32c/8.3.1/thumb/v6-m/nofp\libgcc.a(_muldi3.o)
 .debug_loc     0x0000d678      0x41c c:/program files/microchip/xc32/v4.00/bin/bin/../../lib/gcc/pic32c/8.3.1/thumb/v6-m/nofp\libgcc.a(_udivmoddi4.o)

.debug_aranges  0x00000000      0xc58
 .debug_aranges
                0x00000000       0x80 build/Trinket_USB_2/production/_ext/2108104030/drv_usbfsv1.o
 .debug_aranges
                0x00000080       0xb8 build/Trinket_USB_2/production/_ext/2108104030/drv_usbfsv1_device.o
 .debug_aranges
                0x00000138       0x78 build/Trinket_USB_2/production/_ext/140414528/plib_adc.o
 .debug_aranges
                0x000001b0       0x20 build/Trinket_USB_2/production/_ext/1796475310/plib_clock.o
 .debug_aranges
                0x000001d0       0x20 build/Trinket_USB_2/production/_ext/1798624796/plib_evsys.o
 .debug_aranges
                0x000001f0       0x38 build/Trinket_USB_2/production/_ext/58287938/plib_nvic.o
 .debug_aranges
                0x00000228       0x70 build/Trinket_USB_2/production/_ext/1292982576/plib_nvmctrl.o
 .debug_aranges
                0x00000298       0x70 build/Trinket_USB_2/production/_ext/58341089/plib_port.o
 .debug_aranges
                0x00000308       0x78 build/Trinket_USB_2/production/_ext/1390003407/plib_tc3.o
 .debug_aranges
                0x00000380       0x40 build/Trinket_USB_2/production/_ext/1961919639/sys_int.o
 .debug_aranges
                0x000003c0      0x130 build/Trinket_USB_2/production/_ext/1909065425/sys_time.o
 .debug_aranges
                0x000004f0      0x1a0 build/Trinket_USB_2/production/_ext/1390297478/usb_device.o
 .debug_aranges
                0x00000690       0x88 build/Trinket_USB_2/production/_ext/1390297478/usb_device_cdc.o
 .debug_aranges
                0x00000718       0x20 build/Trinket_USB_2/production/_ext/1390297478/usb_device_cdc_acm.o
 .debug_aranges
                0x00000738       0x20 build/Trinket_USB_2/production/_ext/1189347772/initialization.o
 .debug_aranges
                0x00000758       0x20 build/Trinket_USB_2/production/_ext/1189347772/interrupts.o
 .debug_aranges
                0x00000778       0x28 build/Trinket_USB_2/production/_ext/1189347772/exceptions.o
 .debug_aranges
                0x000007a0       0x28 build/Trinket_USB_2/production/_ext/1189347772/startup_xc32.o
 .debug_aranges
                0x000007c8       0x18 build/Trinket_USB_2/production/_ext/1189347772/usb_device_init_data.o
 .debug_aranges
                0x000007e0       0x20 build/Trinket_USB_2/production/_ext/1189347772/tasks.o
 .debug_aranges
                0x00000800       0x20 build/Trinket_USB_2/production/_ext/1360937237/main.o
 .debug_aranges
                0x00000820       0x48 build/Trinket_USB_2/production/_ext/1360937237/app_usb.o
 .debug_aranges
                0x00000868       0x20 c:/program files/microchip/xc32/v4.00/bin/bin/../../lib/gcc/pic32c/8.3.1/../../../../pic32c/lib/thumb/v6-m/nofp\libpic32c.a(data_init.o)
 .debug_aranges
                0x00000888       0x28 c:/program files/microchip/xc32/v4.00/bin/bin/../../lib/gcc/pic32c/8.3.1/../../../../pic32c/lib/thumb/v6-m/nofp\libc-musl.a(__libc_start_main.o)
 .debug_aranges
                0x000008b0       0x18 c:/program files/microchip/xc32/v4.00/bin/bin/../../lib/gcc/pic32c/8.3.1/../../../../pic32c/lib/thumb/v6-m/nofp\libc-musl.a(libc.o)
 .debug_aranges
                0x000008c8       0x28 c:/program files/microchip/xc32/v4.00/bin/bin/../../lib/gcc/pic32c/8.3.1/../../../../pic32c/lib/thumb/v6-m/nofp\libc-musl.a(__sio_sprintf_fs.o)
 .debug_aranges
                0x000008f0       0x20 c:/program files/microchip/xc32/v4.00/bin/bin/../../lib/gcc/pic32c/8.3.1/../../../../pic32c/lib/thumb/v6-m/nofp\libc-musl.a(__fmt_fp.o)
 .debug_aranges
                0x00000910       0x20 c:/program files/microchip/xc32/v4.00/bin/bin/../../lib/gcc/pic32c/8.3.1/../../../../pic32c/lib/thumb/v6-m/nofp\libc-musl.a(__fmt_s.o)
 .debug_aranges
                0x00000930       0x50 c:/program files/microchip/xc32/v4.00/bin/bin/../../lib/gcc/pic32c/8.3.1/../../../../pic32c/lib/thumb/v6-m/nofp\libc-musl.a(__printf_core.o)
 .debug_aranges
                0x00000980       0x20 c:/program files/microchip/xc32/v4.00/bin/bin/../../lib/gcc/pic32c/8.3.1/../../../../pic32c/lib/thumb/v6-m/nofp\libc-musl.a(atoi.o)
 .debug_aranges
                0x000009a0       0x20 c:/program files/microchip/xc32/v4.00/bin/bin/../../lib/gcc/pic32c/8.3.1/../../../../pic32c/lib/thumb/v6-m/nofp\libc-musl.a(memcpy.o)
 .debug_aranges
                0x000009c0       0x20 c:/program files/microchip/xc32/v4.00/bin/bin/../../lib/gcc/pic32c/8.3.1/../../../../pic32c/lib/thumb/v6-m/nofp\libc-musl.a(memset.o)
 .debug_aranges
                0x000009e0       0x20 c:/program files/microchip/xc32/v4.00/bin/bin/../../lib/gcc/pic32c/8.3.1/../../../../pic32c/lib/thumb/v6-m/nofp\libc-musl.a(strlen.o)
 .debug_aranges
                0x00000a00       0x20 c:/program files/microchip/xc32/v4.00/bin/bin/../../lib/gcc/pic32c/8.3.1/../../../../pic32c/lib/thumb/v6-m/nofp\libc-musl.a(strcpy.o)
 .debug_aranges
                0x00000a20       0x28 c:/program files/microchip/xc32/v4.00/bin/bin/../../lib/gcc/pic32c/8.3.1/../../../../pic32c/lib/thumb/v6-m/nofp\libc-musl.a(tolower.o)
 .debug_aranges
                0x00000a48       0x18 c:/program files/microchip/xc32/v4.00/bin/bin/../../lib/gcc/pic32c/8.3.1/../../../../pic32c/lib/thumb/v6-m/nofp\libc-musl.a(__environ.o)
 .debug_aranges
                0x00000a60       0x18 c:/program files/microchip/xc32/v4.00/bin/bin/../../lib/gcc/pic32c/8.3.1/../../../../pic32c/lib/thumb/v6-m/nofp\libc-musl.a(__errno_location.o)
 .debug_aranges
                0x00000a78       0x20 c:/program files/microchip/xc32/v4.00/bin/bin/../../lib/gcc/pic32c/8.3.1/../../../../pic32c/lib/thumb/v6-m/nofp\libc-musl.a(__int_vsprintf.o)
 .debug_aranges
                0x00000a98       0x20 c:/program files/microchip/xc32/v4.00/bin/bin/../../lib/gcc/pic32c/8.3.1/../../../../pic32c/lib/thumb/v6-m/nofp\libc-musl.a(__pop_float.o)
 .debug_aranges
                0x00000ab8       0x20 c:/program files/microchip/xc32/v4.00/bin/bin/../../lib/gcc/pic32c/8.3.1/../../../../pic32c/lib/thumb/v6-m/nofp\libc-musl.a(__pop_int.o)
 .debug_aranges
                0x00000ad8       0x20 c:/program files/microchip/xc32/v4.00/bin/bin/../../lib/gcc/pic32c/8.3.1/../../../../pic32c/lib/thumb/v6-m/nofp\libc-musl.a(__pop_ptr.o)
 .debug_aranges
                0x00000af8       0x20 c:/program files/microchip/xc32/v4.00/bin/bin/../../lib/gcc/pic32c/8.3.1/../../../../pic32c/lib/thumb/v6-m/nofp\libc-musl.a(stpcpy.o)
 .debug_aranges
                0x00000b18       0x20 c:/program files/microchip/xc32/v4.00/bin/bin/../../lib/gcc/pic32c/8.3.1/../../../../pic32c/lib/thumb/v6-m/nofp\libc-musl.a(__int_vsnprintf.o)
 .debug_aranges
                0x00000b38       0x20 c:/program files/microchip/xc32/v4.00/bin/bin/../../lib/gcc/pic32c/8.3.1/../../../../pic32c/lib/thumb/v6-m/nofp\libc-musl.a(__int_vfprintf.o)
 .debug_aranges
                0x00000b58       0x20 c:/program files/microchip/xc32/v4.00/bin/bin/../../lib/gcc/pic32c/8.3.1/thumb/v6-m/nofp\libgcc.a(_udivsi3.o)
 .debug_aranges
                0x00000b78       0x20 c:/program files/microchip/xc32/v4.00/bin/bin/../../lib/gcc/pic32c/8.3.1/thumb/v6-m/nofp\libgcc.a(_divsi3.o)
 .debug_aranges
                0x00000b98       0x20 c:/program files/microchip/xc32/v4.00/bin/bin/../../lib/gcc/pic32c/8.3.1/thumb/v6-m/nofp\libgcc.a(_dvmd_tls.o)
 .debug_aranges
                0x00000bb8       0x20 c:/program files/microchip/xc32/v4.00/bin/bin/../../lib/gcc/pic32c/8.3.1/thumb/v6-m/nofp\libgcc.a(_aeabi_uldivmod.o)
 .debug_aranges
                0x00000bd8       0x20 c:/program files/microchip/xc32/v4.00/bin/bin/../../lib/gcc/pic32c/8.3.1/thumb/v6-m/nofp\libgcc.a(_muldi3.o)
 .debug_aranges
                0x00000bf8       0x20 c:/program files/microchip/xc32/v4.00/bin/bin/../../lib/gcc/pic32c/8.3.1/thumb/v6-m/nofp\libgcc.a(_udivmoddi4.o)
 .debug_aranges
                0x00000c18       0x20 c:/program files/microchip/xc32/v4.00/bin/bin/../../lib/gcc/pic32c/8.3.1/thumb/v6-m/nofp\libgcc.a(_clzdi2.o)
 .debug_aranges
                0x00000c38       0x20 c:/program files/microchip/xc32/v4.00/bin/bin/../../lib/gcc/pic32c/8.3.1/thumb/v6-m/nofp\libgcc.a(_clzsi2.o)

.debug_ranges   0x00000000      0xa98
 .debug_ranges  0x00000000       0x70 build/Trinket_USB_2/production/_ext/2108104030/drv_usbfsv1.o
 .debug_ranges  0x00000070      0x168 build/Trinket_USB_2/production/_ext/2108104030/drv_usbfsv1_device.o
 .debug_ranges  0x000001d8       0x68 build/Trinket_USB_2/production/_ext/140414528/plib_adc.o
 .debug_ranges  0x00000240       0x28 build/Trinket_USB_2/production/_ext/1796475310/plib_clock.o
 .debug_ranges  0x00000268       0x10 build/Trinket_USB_2/production/_ext/1798624796/plib_evsys.o
 .debug_ranges  0x00000278       0x28 build/Trinket_USB_2/production/_ext/58287938/plib_nvic.o
 .debug_ranges  0x000002a0       0x60 build/Trinket_USB_2/production/_ext/1292982576/plib_nvmctrl.o
 .debug_ranges  0x00000300       0x60 build/Trinket_USB_2/production/_ext/58341089/plib_port.o
 .debug_ranges  0x00000360       0x68 build/Trinket_USB_2/production/_ext/1390003407/plib_tc3.o
 .debug_ranges  0x000003c8       0x48 build/Trinket_USB_2/production/_ext/1961919639/sys_int.o
 .debug_ranges  0x00000410      0x1a8 build/Trinket_USB_2/production/_ext/1909065425/sys_time.o
 .debug_ranges  0x000005b8      0x190 build/Trinket_USB_2/production/_ext/1390297478/usb_device.o
 .debug_ranges  0x00000748       0xc0 build/Trinket_USB_2/production/_ext/1390297478/usb_device_cdc.o
 .debug_ranges  0x00000808       0x10 build/Trinket_USB_2/production/_ext/1390297478/usb_device_cdc_acm.o
 .debug_ranges  0x00000818       0x10 build/Trinket_USB_2/production/_ext/1189347772/initialization.o
 .debug_ranges  0x00000828       0x10 build/Trinket_USB_2/production/_ext/1189347772/interrupts.o
 .debug_ranges  0x00000838       0x18 build/Trinket_USB_2/production/_ext/1189347772/exceptions.o
 .debug_ranges  0x00000850       0x18 build/Trinket_USB_2/production/_ext/1189347772/startup_xc32.o
 .debug_ranges  0x00000868       0x10 build/Trinket_USB_2/production/_ext/1189347772/tasks.o
 .debug_ranges  0x00000878       0x10 build/Trinket_USB_2/production/_ext/1360937237/main.o
 .debug_ranges  0x00000888       0x38 build/Trinket_USB_2/production/_ext/1360937237/app_usb.o
 .debug_ranges  0x000008c0       0x10 c:/program files/microchip/xc32/v4.00/bin/bin/../../lib/gcc/pic32c/8.3.1/../../../../pic32c/lib/thumb/v6-m/nofp\libpic32c.a(data_init.o)
 .debug_ranges  0x000008d0       0x30 c:/program files/microchip/xc32/v4.00/bin/bin/../../lib/gcc/pic32c/8.3.1/../../../../pic32c/lib/thumb/v6-m/nofp\libc-musl.a(__libc_start_main.o)
 .debug_ranges  0x00000900       0x18 c:/program files/microchip/xc32/v4.00/bin/bin/../../lib/gcc/pic32c/8.3.1/../../../../pic32c/lib/thumb/v6-m/nofp\libc-musl.a(__sio_sprintf_fs.o)
 .debug_ranges  0x00000918       0x10 c:/program files/microchip/xc32/v4.00/bin/bin/../../lib/gcc/pic32c/8.3.1/../../../../pic32c/lib/thumb/v6-m/nofp\libc-musl.a(__fmt_fp.o)
 .debug_ranges  0x00000928       0x10 c:/program files/microchip/xc32/v4.00/bin/bin/../../lib/gcc/pic32c/8.3.1/../../../../pic32c/lib/thumb/v6-m/nofp\libc-musl.a(__fmt_s.o)
 .debug_ranges  0x00000938       0x58 c:/program files/microchip/xc32/v4.00/bin/bin/../../lib/gcc/pic32c/8.3.1/../../../../pic32c/lib/thumb/v6-m/nofp\libc-musl.a(__printf_core.o)
 .debug_ranges  0x00000990       0x10 c:/program files/microchip/xc32/v4.00/bin/bin/../../lib/gcc/pic32c/8.3.1/../../../../pic32c/lib/thumb/v6-m/nofp\libc-musl.a(atoi.o)
 .debug_ranges  0x000009a0       0x10 c:/program files/microchip/xc32/v4.00/bin/bin/../../lib/gcc/pic32c/8.3.1/../../../../pic32c/lib/thumb/v6-m/nofp\libc-musl.a(memcpy.o)
 .debug_ranges  0x000009b0       0x10 c:/program files/microchip/xc32/v4.00/bin/bin/../../lib/gcc/pic32c/8.3.1/../../../../pic32c/lib/thumb/v6-m/nofp\libc-musl.a(memset.o)
 .debug_ranges  0x000009c0       0x10 c:/program files/microchip/xc32/v4.00/bin/bin/../../lib/gcc/pic32c/8.3.1/../../../../pic32c/lib/thumb/v6-m/nofp\libc-musl.a(strlen.o)
 .debug_ranges  0x000009d0       0x10 c:/program files/microchip/xc32/v4.00/bin/bin/../../lib/gcc/pic32c/8.3.1/../../../../pic32c/lib/thumb/v6-m/nofp\libc-musl.a(strcpy.o)
 .debug_ranges  0x000009e0       0x18 c:/program files/microchip/xc32/v4.00/bin/bin/../../lib/gcc/pic32c/8.3.1/../../../../pic32c/lib/thumb/v6-m/nofp\libc-musl.a(tolower.o)
 .debug_ranges  0x000009f8       0x10 c:/program files/microchip/xc32/v4.00/bin/bin/../../lib/gcc/pic32c/8.3.1/../../../../pic32c/lib/thumb/v6-m/nofp\libc-musl.a(__int_vsprintf.o)
 .debug_ranges  0x00000a08       0x10 c:/program files/microchip/xc32/v4.00/bin/bin/../../lib/gcc/pic32c/8.3.1/../../../../pic32c/lib/thumb/v6-m/nofp\libc-musl.a(__pop_float.o)
 .debug_ranges  0x00000a18       0x10 c:/program files/microchip/xc32/v4.00/bin/bin/../../lib/gcc/pic32c/8.3.1/../../../../pic32c/lib/thumb/v6-m/nofp\libc-musl.a(__pop_int.o)
 .debug_ranges  0x00000a28       0x10 c:/program files/microchip/xc32/v4.00/bin/bin/../../lib/gcc/pic32c/8.3.1/../../../../pic32c/lib/thumb/v6-m/nofp\libc-musl.a(__pop_ptr.o)
 .debug_ranges  0x00000a38       0x10 c:/program files/microchip/xc32/v4.00/bin/bin/../../lib/gcc/pic32c/8.3.1/../../../../pic32c/lib/thumb/v6-m/nofp\libc-musl.a(stpcpy.o)
 .debug_ranges  0x00000a48       0x10 c:/program files/microchip/xc32/v4.00/bin/bin/../../lib/gcc/pic32c/8.3.1/../../../../pic32c/lib/thumb/v6-m/nofp\libc-musl.a(__int_vsnprintf.o)
 .debug_ranges  0x00000a58       0x10 c:/program files/microchip/xc32/v4.00/bin/bin/../../lib/gcc/pic32c/8.3.1/../../../../pic32c/lib/thumb/v6-m/nofp\libc-musl.a(__int_vfprintf.o)
 .debug_ranges  0x00000a68       0x30 c:/program files/microchip/xc32/v4.00/bin/bin/../../lib/gcc/pic32c/8.3.1/thumb/v6-m/nofp\libgcc.a(_muldi3.o)

.debug_line     0x00000000     0xd303
 .debug_line    0x00000000      0x9b8 build/Trinket_USB_2/production/_ext/2108104030/drv_usbfsv1.o
 .debug_line    0x000009b8     0x1eeb build/Trinket_USB_2/production/_ext/2108104030/drv_usbfsv1_device.o
 .debug_line    0x000028a3      0x380 build/Trinket_USB_2/production/_ext/140414528/plib_adc.o
 .debug_line    0x00002c23      0x1f2 build/Trinket_USB_2/production/_ext/1796475310/plib_clock.o
 .debug_line    0x00002e15       0x6c build/Trinket_USB_2/production/_ext/1798624796/plib_evsys.o
 .debug_line    0x00002e81      0x2e8 build/Trinket_USB_2/production/_ext/58287938/plib_nvic.o
 .debug_line    0x00003169      0x2f0 build/Trinket_USB_2/production/_ext/1292982576/plib_nvmctrl.o
 .debug_line    0x00003459      0x2b0 build/Trinket_USB_2/production/_ext/58341089/plib_port.o
 .debug_line    0x00003709      0x340 build/Trinket_USB_2/production/_ext/1390003407/plib_tc3.o
 .debug_line    0x00003a49      0x2d7 build/Trinket_USB_2/production/_ext/1961919639/sys_int.o
 .debug_line    0x00003d20     0x12a6 build/Trinket_USB_2/production/_ext/1909065425/sys_time.o
 .debug_line    0x00004fc6     0x18f2 build/Trinket_USB_2/production/_ext/1390297478/usb_device.o
 .debug_line    0x000068b8      0xcd8 build/Trinket_USB_2/production/_ext/1390297478/usb_device_cdc.o
 .debug_line    0x00007590      0x252 build/Trinket_USB_2/production/_ext/1390297478/usb_device_cdc_acm.o
 .debug_line    0x000077e2      0x5dc build/Trinket_USB_2/production/_ext/1189347772/initialization.o
 .debug_line    0x00007dbe      0x365 build/Trinket_USB_2/production/_ext/1189347772/interrupts.o
 .debug_line    0x00008123      0x366 build/Trinket_USB_2/production/_ext/1189347772/exceptions.o
 .debug_line    0x00008489      0x15f build/Trinket_USB_2/production/_ext/1189347772/startup_xc32.o
 .debug_line    0x000085e8      0x352 build/Trinket_USB_2/production/_ext/1189347772/usb_device_init_data.o
 .debug_line    0x0000893a      0x367 build/Trinket_USB_2/production/_ext/1189347772/tasks.o
 .debug_line    0x00008ca1      0x354 build/Trinket_USB_2/production/_ext/1360937237/main.o
 .debug_line    0x00008ff5      0x72d build/Trinket_USB_2/production/_ext/1360937237/app_usb.o
 .debug_line    0x00009722      0x132 c:/program files/microchip/xc32/v4.00/bin/bin/../../lib/gcc/pic32c/8.3.1/../../../../pic32c/lib/thumb/v6-m/nofp\libpic32c.a(data_init.o)
 .debug_line    0x00009854      0x241 c:/program files/microchip/xc32/v4.00/bin/bin/../../lib/gcc/pic32c/8.3.1/../../../../pic32c/lib/thumb/v6-m/nofp\libc-musl.a(__libc_start_main.o)
 .debug_line    0x00009a95      0x132 c:/program files/microchip/xc32/v4.00/bin/bin/../../lib/gcc/pic32c/8.3.1/../../../../pic32c/lib/thumb/v6-m/nofp\libc-musl.a(libc.o)
 .debug_line    0x00009bc7      0x22f c:/program files/microchip/xc32/v4.00/bin/bin/../../lib/gcc/pic32c/8.3.1/../../../../pic32c/lib/thumb/v6-m/nofp\libc-musl.a(__sio_sprintf_fs.o)
 .debug_line    0x00009df6      0x6ee c:/program files/microchip/xc32/v4.00/bin/bin/../../lib/gcc/pic32c/8.3.1/../../../../pic32c/lib/thumb/v6-m/nofp\libc-musl.a(__fmt_fp.o)
 .debug_line    0x0000a4e4      0x2b3 c:/program files/microchip/xc32/v4.00/bin/bin/../../lib/gcc/pic32c/8.3.1/../../../../pic32c/lib/thumb/v6-m/nofp\libc-musl.a(__fmt_s.o)
 .debug_line    0x0000a797      0x76e c:/program files/microchip/xc32/v4.00/bin/bin/../../lib/gcc/pic32c/8.3.1/../../../../pic32c/lib/thumb/v6-m/nofp\libc-musl.a(__printf_core.o)
 .debug_line    0x0000af05      0x183 c:/program files/microchip/xc32/v4.00/bin/bin/../../lib/gcc/pic32c/8.3.1/../../../../pic32c/lib/thumb/v6-m/nofp\libc-musl.a(atoi.o)
 .debug_line    0x0000b088       0xf5 c:/program files/microchip/xc32/v4.00/bin/bin/../../lib/gcc/pic32c/8.3.1/../../../../pic32c/lib/thumb/v6-m/nofp\libc-musl.a(memcpy.o)
 .debug_line    0x0000b17d       0xe9 c:/program files/microchip/xc32/v4.00/bin/bin/../../lib/gcc/pic32c/8.3.1/../../../../pic32c/lib/thumb/v6-m/nofp\libc-musl.a(memset.o)
 .debug_line    0x0000b266       0xf0 c:/program files/microchip/xc32/v4.00/bin/bin/../../lib/gcc/pic32c/8.3.1/../../../../pic32c/lib/thumb/v6-m/nofp\libc-musl.a(strlen.o)
 .debug_line    0x0000b356       0xba c:/program files/microchip/xc32/v4.00/bin/bin/../../lib/gcc/pic32c/8.3.1/../../../../pic32c/lib/thumb/v6-m/nofp\libc-musl.a(strcpy.o)
 .debug_line    0x0000b410      0x1e1 c:/program files/microchip/xc32/v4.00/bin/bin/../../lib/gcc/pic32c/8.3.1/../../../../pic32c/lib/thumb/v6-m/nofp\libc-musl.a(tolower.o)
 .debug_line    0x0000b5f1      0x19f c:/program files/microchip/xc32/v4.00/bin/bin/../../lib/gcc/pic32c/8.3.1/../../../../pic32c/lib/thumb/v6-m/nofp\libc-musl.a(__environ.o)
 .debug_line    0x0000b790      0x1ad c:/program files/microchip/xc32/v4.00/bin/bin/../../lib/gcc/pic32c/8.3.1/../../../../pic32c/lib/thumb/v6-m/nofp\libc-musl.a(__errno_location.o)
 .debug_line    0x0000b93d      0x1e5 c:/program files/microchip/xc32/v4.00/bin/bin/../../lib/gcc/pic32c/8.3.1/../../../../pic32c/lib/thumb/v6-m/nofp\libc-musl.a(__int_vsprintf.o)
 .debug_line    0x0000bb22      0x1f8 c:/program files/microchip/xc32/v4.00/bin/bin/../../lib/gcc/pic32c/8.3.1/../../../../pic32c/lib/thumb/v6-m/nofp\libc-musl.a(__pop_float.o)
 .debug_line    0x0000bd1a      0x28c c:/program files/microchip/xc32/v4.00/bin/bin/../../lib/gcc/pic32c/8.3.1/../../../../pic32c/lib/thumb/v6-m/nofp\libc-musl.a(__pop_int.o)
 .debug_line    0x0000bfa6      0x25a c:/program files/microchip/xc32/v4.00/bin/bin/../../lib/gcc/pic32c/8.3.1/../../../../pic32c/lib/thumb/v6-m/nofp\libc-musl.a(__pop_ptr.o)
 .debug_line    0x0000c200      0x1d4 c:/program files/microchip/xc32/v4.00/bin/bin/../../lib/gcc/pic32c/8.3.1/../../../../pic32c/lib/thumb/v6-m/nofp\libc-musl.a(stpcpy.o)
 .debug_line    0x0000c3d4      0x259 c:/program files/microchip/xc32/v4.00/bin/bin/../../lib/gcc/pic32c/8.3.1/../../../../pic32c/lib/thumb/v6-m/nofp\libc-musl.a(__int_vsnprintf.o)
 .debug_line    0x0000c62d      0x219 c:/program files/microchip/xc32/v4.00/bin/bin/../../lib/gcc/pic32c/8.3.1/../../../../pic32c/lib/thumb/v6-m/nofp\libc-musl.a(__int_vfprintf.o)
 .debug_line    0x0000c846       0xa8 c:/program files/microchip/xc32/v4.00/bin/bin/../../lib/gcc/pic32c/8.3.1/thumb/v6-m/nofp\libgcc.a(_udivsi3.o)
 .debug_line    0x0000c8ee       0xaf c:/program files/microchip/xc32/v4.00/bin/bin/../../lib/gcc/pic32c/8.3.1/thumb/v6-m/nofp\libgcc.a(_divsi3.o)
 .debug_line    0x0000c99d       0x9c c:/program files/microchip/xc32/v4.00/bin/bin/../../lib/gcc/pic32c/8.3.1/thumb/v6-m/nofp\libgcc.a(_dvmd_tls.o)
 .debug_line    0x0000ca39       0xa7 c:/program files/microchip/xc32/v4.00/bin/bin/../../lib/gcc/pic32c/8.3.1/thumb/v6-m/nofp\libgcc.a(_aeabi_uldivmod.o)
 .debug_line    0x0000cae0      0x2f6 c:/program files/microchip/xc32/v4.00/bin/bin/../../lib/gcc/pic32c/8.3.1/thumb/v6-m/nofp\libgcc.a(_muldi3.o)
 .debug_line    0x0000cdd6      0x3d7 c:/program files/microchip/xc32/v4.00/bin/bin/../../lib/gcc/pic32c/8.3.1/thumb/v6-m/nofp\libgcc.a(_udivmoddi4.o)
 .debug_line    0x0000d1ad       0xa6 c:/program files/microchip/xc32/v4.00/bin/bin/../../lib/gcc/pic32c/8.3.1/thumb/v6-m/nofp\libgcc.a(_clzdi2.o)
 .debug_line    0x0000d253       0xb0 c:/program files/microchip/xc32/v4.00/bin/bin/../../lib/gcc/pic32c/8.3.1/thumb/v6-m/nofp\libgcc.a(_clzsi2.o)

.debug_str      0x00000000     0x1bff
 .debug_str     0x00000000      0x325 build/Trinket_USB_2/production/_ext/2108104030/drv_usbfsv1.o
 .debug_str     0x00000325      0x2f4 build/Trinket_USB_2/production/_ext/2108104030/drv_usbfsv1_device.o
 .debug_str     0x00000619       0x19 build/Trinket_USB_2/production/_ext/140414528/plib_adc.o
 .debug_str     0x00000632       0x28 build/Trinket_USB_2/production/_ext/1796475310/plib_clock.o
 .debug_str     0x0000065a        0x0 build/Trinket_USB_2/production/_ext/1798624796/plib_evsys.o
 .debug_str     0x0000065a        0xa build/Trinket_USB_2/production/_ext/58287938/plib_nvic.o
 .debug_str     0x00000664       0x11 build/Trinket_USB_2/production/_ext/1292982576/plib_nvmctrl.o
 .debug_str     0x00000675        0xb build/Trinket_USB_2/production/_ext/58341089/plib_port.o
 .debug_str     0x00000680       0xa7 build/Trinket_USB_2/production/_ext/1390003407/plib_tc3.o
 .debug_str     0x00000727       0x32 build/Trinket_USB_2/production/_ext/1961919639/sys_int.o
 .debug_str     0x00000759      0x140 build/Trinket_USB_2/production/_ext/1909065425/sys_time.o
 .debug_str     0x00000899      0x2cc build/Trinket_USB_2/production/_ext/1390297478/usb_device.o
 .debug_str     0x00000b65      0x1f5 build/Trinket_USB_2/production/_ext/1390297478/usb_device_cdc.o
 .debug_str     0x00000d5a       0x27 build/Trinket_USB_2/production/_ext/1390297478/usb_device_cdc_acm.o
 .debug_str     0x00000d81      0x283 build/Trinket_USB_2/production/_ext/1189347772/initialization.o
 .debug_str     0x00001004       0x9c build/Trinket_USB_2/production/_ext/1189347772/interrupts.o
 .debug_str     0x000010a0       0x9c build/Trinket_USB_2/production/_ext/1189347772/exceptions.o
 .debug_str     0x0000113c       0x2f build/Trinket_USB_2/production/_ext/1189347772/startup_xc32.o
 .debug_str     0x0000116b       0xd9 build/Trinket_USB_2/production/_ext/1189347772/usb_device_init_data.o
 .debug_str     0x00001244       0xcd build/Trinket_USB_2/production/_ext/1189347772/tasks.o
 .debug_str     0x00001311       0xb5 build/Trinket_USB_2/production/_ext/1360937237/main.o
 .debug_str     0x000013c6      0x22e build/Trinket_USB_2/production/_ext/1360937237/app_usb.o
 .debug_str     0x000015f4        0x0 c:/program files/microchip/xc32/v4.00/bin/bin/../../lib/gcc/pic32c/8.3.1/../../../../pic32c/lib/thumb/v6-m/nofp\libpic32c.a(data_init.o)
 .debug_str     0x000015f4        0x0 c:/program files/microchip/xc32/v4.00/bin/bin/../../lib/gcc/pic32c/8.3.1/../../../../pic32c/lib/thumb/v6-m/nofp\libc-musl.a(__libc_start_main.o)
 .debug_str     0x000015f4        0x0 c:/program files/microchip/xc32/v4.00/bin/bin/../../lib/gcc/pic32c/8.3.1/../../../../pic32c/lib/thumb/v6-m/nofp\libc-musl.a(libc.o)
 .debug_str     0x000015f4       0x29 c:/program files/microchip/xc32/v4.00/bin/bin/../../lib/gcc/pic32c/8.3.1/../../../../pic32c/lib/thumb/v6-m/nofp\libc-musl.a(__sio_sprintf_fs.o)
 .debug_str     0x0000161d        0x0 c:/program files/microchip/xc32/v4.00/bin/bin/../../lib/gcc/pic32c/8.3.1/../../../../pic32c/lib/thumb/v6-m/nofp\libc-musl.a(__fmt_fp.o)
 .debug_str     0x0000161d        0x0 c:/program files/microchip/xc32/v4.00/bin/bin/../../lib/gcc/pic32c/8.3.1/../../../../pic32c/lib/thumb/v6-m/nofp\libc-musl.a(__fmt_s.o)
 .debug_str     0x0000161d       0x20 c:/program files/microchip/xc32/v4.00/bin/bin/../../lib/gcc/pic32c/8.3.1/../../../../pic32c/lib/thumb/v6-m/nofp\libc-musl.a(__printf_core.o)
 .debug_str     0x0000163d        0x0 c:/program files/microchip/xc32/v4.00/bin/bin/../../lib/gcc/pic32c/8.3.1/../../../../pic32c/lib/thumb/v6-m/nofp\libc-musl.a(atoi.o)
 .debug_str     0x0000163d        0x0 c:/program files/microchip/xc32/v4.00/bin/bin/../../lib/gcc/pic32c/8.3.1/../../../../pic32c/lib/thumb/v6-m/nofp\libc-musl.a(memcpy.o)
 .debug_str     0x0000163d        0x0 c:/program files/microchip/xc32/v4.00/bin/bin/../../lib/gcc/pic32c/8.3.1/../../../../pic32c/lib/thumb/v6-m/nofp\libc-musl.a(memset.o)
 .debug_str     0x0000163d        0x0 c:/program files/microchip/xc32/v4.00/bin/bin/../../lib/gcc/pic32c/8.3.1/../../../../pic32c/lib/thumb/v6-m/nofp\libc-musl.a(strlen.o)
 .debug_str     0x0000163d        0x9 c:/program files/microchip/xc32/v4.00/bin/bin/../../lib/gcc/pic32c/8.3.1/../../../../pic32c/lib/thumb/v6-m/nofp\libc-musl.a(strcpy.o)
 .debug_str     0x00001646        0x0 c:/program files/microchip/xc32/v4.00/bin/bin/../../lib/gcc/pic32c/8.3.1/../../../../pic32c/lib/thumb/v6-m/nofp\libc-musl.a(tolower.o)
 .debug_str     0x00001646        0x0 c:/program files/microchip/xc32/v4.00/bin/bin/../../lib/gcc/pic32c/8.3.1/../../../../pic32c/lib/thumb/v6-m/nofp\libc-musl.a(__environ.o)
 .debug_str     0x00001646        0x0 c:/program files/microchip/xc32/v4.00/bin/bin/../../lib/gcc/pic32c/8.3.1/../../../../pic32c/lib/thumb/v6-m/nofp\libc-musl.a(__errno_location.o)
 .debug_str     0x00001646        0xc c:/program files/microchip/xc32/v4.00/bin/bin/../../lib/gcc/pic32c/8.3.1/../../../../pic32c/lib/thumb/v6-m/nofp\libc-musl.a(__int_vsprintf.o)
 .debug_str     0x00001652        0x0 c:/program files/microchip/xc32/v4.00/bin/bin/../../lib/gcc/pic32c/8.3.1/../../../../pic32c/lib/thumb/v6-m/nofp\libc-musl.a(__pop_float.o)
 .debug_str     0x00001652        0x0 c:/program files/microchip/xc32/v4.00/bin/bin/../../lib/gcc/pic32c/8.3.1/../../../../pic32c/lib/thumb/v6-m/nofp\libc-musl.a(__pop_int.o)
 .debug_str     0x00001652        0x0 c:/program files/microchip/xc32/v4.00/bin/bin/../../lib/gcc/pic32c/8.3.1/../../../../pic32c/lib/thumb/v6-m/nofp\libc-musl.a(__pop_ptr.o)
 .debug_str     0x00001652        0x0 c:/program files/microchip/xc32/v4.00/bin/bin/../../lib/gcc/pic32c/8.3.1/../../../../pic32c/lib/thumb/v6-m/nofp\libc-musl.a(stpcpy.o)
 .debug_str     0x00001652        0xb c:/program files/microchip/xc32/v4.00/bin/bin/../../lib/gcc/pic32c/8.3.1/../../../../pic32c/lib/thumb/v6-m/nofp\libc-musl.a(__int_vsnprintf.o)
 .debug_str     0x0000165d        0xe c:/program files/microchip/xc32/v4.00/bin/bin/../../lib/gcc/pic32c/8.3.1/../../../../pic32c/lib/thumb/v6-m/nofp\libc-musl.a(__int_vfprintf.o)
 .debug_str     0x0000166b       0xee c:/program files/microchip/xc32/v4.00/bin/bin/../../lib/gcc/pic32c/8.3.1/thumb/v6-m/nofp\libgcc.a(_udivsi3.o)
 .debug_str     0x00001759       0xee c:/program files/microchip/xc32/v4.00/bin/bin/../../lib/gcc/pic32c/8.3.1/thumb/v6-m/nofp\libgcc.a(_divsi3.o)
 .debug_str     0x00001847       0xee c:/program files/microchip/xc32/v4.00/bin/bin/../../lib/gcc/pic32c/8.3.1/thumb/v6-m/nofp\libgcc.a(_dvmd_tls.o)
 .debug_str     0x00001935       0xee c:/program files/microchip/xc32/v4.00/bin/bin/../../lib/gcc/pic32c/8.3.1/thumb/v6-m/nofp\libgcc.a(_aeabi_uldivmod.o)
 .debug_str     0x00001a23        0x0 c:/program files/microchip/xc32/v4.00/bin/bin/../../lib/gcc/pic32c/8.3.1/thumb/v6-m/nofp\libgcc.a(_muldi3.o)
 .debug_str     0x00001a23        0x0 c:/program files/microchip/xc32/v4.00/bin/bin/../../lib/gcc/pic32c/8.3.1/thumb/v6-m/nofp\libgcc.a(_udivmoddi4.o)
 .debug_str     0x00001a23       0xee c:/program files/microchip/xc32/v4.00/bin/bin/../../lib/gcc/pic32c/8.3.1/thumb/v6-m/nofp\libgcc.a(_clzdi2.o)
 .debug_str     0x00001b11       0xee c:/program files/microchip/xc32/v4.00/bin/bin/../../lib/gcc/pic32c/8.3.1/thumb/v6-m/nofp\libgcc.a(_clzsi2.o)

.debug_frame    0x00000000     0x1820
 .debug_frame   0x00000000      0x128 build/Trinket_USB_2/production/_ext/2108104030/drv_usbfsv1.o
 .debug_frame   0x00000128      0x21c build/Trinket_USB_2/production/_ext/2108104030/drv_usbfsv1_device.o
 .debug_frame   0x00000344       0xd8 build/Trinket_USB_2/production/_ext/140414528/plib_adc.o
 .debug_frame   0x0000041c       0x20 build/Trinket_USB_2/production/_ext/1796475310/plib_clock.o
 .debug_frame   0x0000043c       0x20 build/Trinket_USB_2/production/_ext/1798624796/plib_evsys.o
 .debug_frame   0x0000045c       0x50 build/Trinket_USB_2/production/_ext/58287938/plib_nvic.o
 .debug_frame   0x000004ac       0xd4 build/Trinket_USB_2/production/_ext/1292982576/plib_nvmctrl.o
 .debug_frame   0x00000580       0xcc build/Trinket_USB_2/production/_ext/58341089/plib_port.o
 .debug_frame   0x0000064c       0xd8 build/Trinket_USB_2/production/_ext/1390003407/plib_tc3.o
 .debug_frame   0x00000724       0x84 build/Trinket_USB_2/production/_ext/1961919639/sys_int.o
 .debug_frame   0x000007a8      0x3a0 build/Trinket_USB_2/production/_ext/1909065425/sys_time.o
 .debug_frame   0x00000b48      0x524 build/Trinket_USB_2/production/_ext/1390297478/usb_device.o
 .debug_frame   0x0000106c      0x174 build/Trinket_USB_2/production/_ext/1390297478/usb_device_cdc.o
 .debug_frame   0x000011e0       0x28 build/Trinket_USB_2/production/_ext/1390297478/usb_device_cdc_acm.o
 .debug_frame   0x00001208       0x28 build/Trinket_USB_2/production/_ext/1189347772/initialization.o
 .debug_frame   0x00001230       0x20 build/Trinket_USB_2/production/_ext/1189347772/interrupts.o
 .debug_frame   0x00001250       0x30 build/Trinket_USB_2/production/_ext/1189347772/exceptions.o
 .debug_frame   0x00001280       0x38 build/Trinket_USB_2/production/_ext/1189347772/startup_xc32.o
 .debug_frame   0x000012b8       0x28 build/Trinket_USB_2/production/_ext/1189347772/tasks.o
 .debug_frame   0x000012e0       0x28 build/Trinket_USB_2/production/_ext/1360937237/main.o
 .debug_frame   0x00001308       0x94 build/Trinket_USB_2/production/_ext/1360937237/app_usb.o
 .debug_frame   0x0000139c       0x34 c:/program files/microchip/xc32/v4.00/bin/bin/../../lib/gcc/pic32c/8.3.1/../../../../pic32c/lib/thumb/v6-m/nofp\libpic32c.a(data_init.o)
 .debug_frame   0x000013d0       0x38 c:/program files/microchip/xc32/v4.00/bin/bin/../../lib/gcc/pic32c/8.3.1/../../../../pic32c/lib/thumb/v6-m/nofp\libc-musl.a(__libc_start_main.o)
 .debug_frame   0x00001408       0x44 c:/program files/microchip/xc32/v4.00/bin/bin/../../lib/gcc/pic32c/8.3.1/../../../../pic32c/lib/thumb/v6-m/nofp\libc-musl.a(__sio_sprintf_fs.o)
 .debug_frame   0x0000144c       0x30 c:/program files/microchip/xc32/v4.00/bin/bin/../../lib/gcc/pic32c/8.3.1/../../../../pic32c/lib/thumb/v6-m/nofp\libc-musl.a(__fmt_fp.o)
 .debug_frame   0x0000147c       0x30 c:/program files/microchip/xc32/v4.00/bin/bin/../../lib/gcc/pic32c/8.3.1/../../../../pic32c/lib/thumb/v6-m/nofp\libc-musl.a(__fmt_s.o)
 .debug_frame   0x000014ac       0xc0 c:/program files/microchip/xc32/v4.00/bin/bin/../../lib/gcc/pic32c/8.3.1/../../../../pic32c/lib/thumb/v6-m/nofp\libc-musl.a(__printf_core.o)
 .debug_frame   0x0000156c       0x28 c:/program files/microchip/xc32/v4.00/bin/bin/../../lib/gcc/pic32c/8.3.1/../../../../pic32c/lib/thumb/v6-m/nofp\libc-musl.a(atoi.o)
 .debug_frame   0x00001594       0x28 c:/program files/microchip/xc32/v4.00/bin/bin/../../lib/gcc/pic32c/8.3.1/../../../../pic32c/lib/thumb/v6-m/nofp\libc-musl.a(memcpy.o)
 .debug_frame   0x000015bc       0x20 c:/program files/microchip/xc32/v4.00/bin/bin/../../lib/gcc/pic32c/8.3.1/../../../../pic32c/lib/thumb/v6-m/nofp\libc-musl.a(memset.o)
 .debug_frame   0x000015dc       0x20 c:/program files/microchip/xc32/v4.00/bin/bin/../../lib/gcc/pic32c/8.3.1/../../../../pic32c/lib/thumb/v6-m/nofp\libc-musl.a(strlen.o)
 .debug_frame   0x000015fc       0x28 c:/program files/microchip/xc32/v4.00/bin/bin/../../lib/gcc/pic32c/8.3.1/../../../../pic32c/lib/thumb/v6-m/nofp\libc-musl.a(strcpy.o)
 .debug_frame   0x00001624       0x38 c:/program files/microchip/xc32/v4.00/bin/bin/../../lib/gcc/pic32c/8.3.1/../../../../pic32c/lib/thumb/v6-m/nofp\libc-musl.a(tolower.o)
 .debug_frame   0x0000165c       0x28 c:/program files/microchip/xc32/v4.00/bin/bin/../../lib/gcc/pic32c/8.3.1/../../../../pic32c/lib/thumb/v6-m/nofp\libc-musl.a(__int_vsprintf.o)
 .debug_frame   0x00001684       0x20 c:/program files/microchip/xc32/v4.00/bin/bin/../../lib/gcc/pic32c/8.3.1/../../../../pic32c/lib/thumb/v6-m/nofp\libc-musl.a(__pop_float.o)
 .debug_frame   0x000016a4       0x2c c:/program files/microchip/xc32/v4.00/bin/bin/../../lib/gcc/pic32c/8.3.1/../../../../pic32c/lib/thumb/v6-m/nofp\libc-musl.a(__pop_int.o)
 .debug_frame   0x000016d0       0x28 c:/program files/microchip/xc32/v4.00/bin/bin/../../lib/gcc/pic32c/8.3.1/../../../../pic32c/lib/thumb/v6-m/nofp\libc-musl.a(__pop_ptr.o)
 .debug_frame   0x000016f8       0x20 c:/program files/microchip/xc32/v4.00/bin/bin/../../lib/gcc/pic32c/8.3.1/../../../../pic32c/lib/thumb/v6-m/nofp\libc-musl.a(stpcpy.o)
 .debug_frame   0x00001718       0x2c c:/program files/microchip/xc32/v4.00/bin/bin/../../lib/gcc/pic32c/8.3.1/../../../../pic32c/lib/thumb/v6-m/nofp\libc-musl.a(__int_vsnprintf.o)
 .debug_frame   0x00001744       0x2c c:/program files/microchip/xc32/v4.00/bin/bin/../../lib/gcc/pic32c/8.3.1/../../../../pic32c/lib/thumb/v6-m/nofp\libc-musl.a(__int_vfprintf.o)
 .debug_frame   0x00001770       0x20 c:/program files/microchip/xc32/v4.00/bin/bin/../../lib/gcc/pic32c/8.3.1/thumb/v6-m/nofp\libgcc.a(_udivsi3.o)
 .debug_frame   0x00001790       0x20 c:/program files/microchip/xc32/v4.00/bin/bin/../../lib/gcc/pic32c/8.3.1/thumb/v6-m/nofp\libgcc.a(_divsi3.o)
 .debug_frame   0x000017b0       0x34 c:/program files/microchip/xc32/v4.00/bin/bin/../../lib/gcc/pic32c/8.3.1/thumb/v6-m/nofp\libgcc.a(_muldi3.o)
 .debug_frame   0x000017e4       0x3c c:/program files/microchip/xc32/v4.00/bin/bin/../../lib/gcc/pic32c/8.3.1/thumb/v6-m/nofp\libgcc.a(_udivmoddi4.o)

.note.GNU-stack
                0x00000000        0x0
 .note.GNU-stack
                0x00000000        0x0 c:/program files/microchip/xc32/v4.00/bin/bin/../../lib/gcc/pic32c/8.3.1/../../../../pic32c/lib/thumb/v6-m/nofp\libc-musl.a(__libc_start_main.o)
 .note.GNU-stack
                0x00000000        0x0 c:/program files/microchip/xc32/v4.00/bin/bin/../../lib/gcc/pic32c/8.3.1/../../../../pic32c/lib/thumb/v6-m/nofp\libc-musl.a(libc.o)
 .note.GNU-stack
                0x00000000        0x0 c:/program files/microchip/xc32/v4.00/bin/bin/../../lib/gcc/pic32c/8.3.1/../../../../pic32c/lib/thumb/v6-m/nofp\libc-musl.a(__sio_sprintf_fs.o)
 .note.GNU-stack
                0x00000000        0x0 c:/program files/microchip/xc32/v4.00/bin/bin/../../lib/gcc/pic32c/8.3.1/../../../../pic32c/lib/thumb/v6-m/nofp\libc-musl.a(__fmt_fp.o)
 .note.GNU-stack
                0x00000000        0x0 c:/program files/microchip/xc32/v4.00/bin/bin/../../lib/gcc/pic32c/8.3.1/../../../../pic32c/lib/thumb/v6-m/nofp\libc-musl.a(__fmt_s.o)
 .note.GNU-stack
                0x00000000        0x0 c:/program files/microchip/xc32/v4.00/bin/bin/../../lib/gcc/pic32c/8.3.1/../../../../pic32c/lib/thumb/v6-m/nofp\libc-musl.a(__printf_core.o)
 .note.GNU-stack
                0x00000000        0x0 c:/program files/microchip/xc32/v4.00/bin/bin/../../lib/gcc/pic32c/8.3.1/../../../../pic32c/lib/thumb/v6-m/nofp\libc-musl.a(atoi.o)
 .note.GNU-stack
                0x00000000        0x0 c:/program files/microchip/xc32/v4.00/bin/bin/../../lib/gcc/pic32c/8.3.1/../../../../pic32c/lib/thumb/v6-m/nofp\libc-musl.a(memcpy.o)
 .note.GNU-stack
                0x00000000        0x0 c:/program files/microchip/xc32/v4.00/bin/bin/../../lib/gcc/pic32c/8.3.1/../../../../pic32c/lib/thumb/v6-m/nofp\libc-musl.a(memset.o)
 .note.GNU-stack
                0x00000000        0x0 c:/program files/microchip/xc32/v4.00/bin/bin/../../lib/gcc/pic32c/8.3.1/../../../../pic32c/lib/thumb/v6-m/nofp\libc-musl.a(strlen.o)
 .note.GNU-stack
                0x00000000        0x0 c:/program files/microchip/xc32/v4.00/bin/bin/../../lib/gcc/pic32c/8.3.1/../../../../pic32c/lib/thumb/v6-m/nofp\libc-musl.a(strcpy.o)
 .note.GNU-stack
                0x00000000        0x0 c:/program files/microchip/xc32/v4.00/bin/bin/../../lib/gcc/pic32c/8.3.1/../../../../pic32c/lib/thumb/v6-m/nofp\libc-musl.a(tolower.o)
 .note.GNU-stack
                0x00000000        0x0 c:/program files/microchip/xc32/v4.00/bin/bin/../../lib/gcc/pic32c/8.3.1/../../../../pic32c/lib/thumb/v6-m/nofp\libc-musl.a(__environ.o)
 .note.GNU-stack
                0x00000000        0x0 c:/program files/microchip/xc32/v4.00/bin/bin/../../lib/gcc/pic32c/8.3.1/../../../../pic32c/lib/thumb/v6-m/nofp\libc-musl.a(__errno_location.o)
 .note.GNU-stack
                0x00000000        0x0 c:/program files/microchip/xc32/v4.00/bin/bin/../../lib/gcc/pic32c/8.3.1/../../../../pic32c/lib/thumb/v6-m/nofp\libc-musl.a(__int_vsprintf.o)
 .note.GNU-stack
                0x00000000        0x0 c:/program files/microchip/xc32/v4.00/bin/bin/../../lib/gcc/pic32c/8.3.1/../../../../pic32c/lib/thumb/v6-m/nofp\libc-musl.a(__pop_float.o)
 .note.GNU-stack
                0x00000000        0x0 c:/program files/microchip/xc32/v4.00/bin/bin/../../lib/gcc/pic32c/8.3.1/../../../../pic32c/lib/thumb/v6-m/nofp\libc-musl.a(__pop_int.o)
 .note.GNU-stack
                0x00000000        0x0 c:/program files/microchip/xc32/v4.00/bin/bin/../../lib/gcc/pic32c/8.3.1/../../../../pic32c/lib/thumb/v6-m/nofp\libc-musl.a(__pop_ptr.o)
 .note.GNU-stack
                0x00000000        0x0 c:/program files/microchip/xc32/v4.00/bin/bin/../../lib/gcc/pic32c/8.3.1/../../../../pic32c/lib/thumb/v6-m/nofp\libc-musl.a(stpcpy.o)
 .note.GNU-stack
                0x00000000        0x0 c:/program files/microchip/xc32/v4.00/bin/bin/../../lib/gcc/pic32c/8.3.1/../../../../pic32c/lib/thumb/v6-m/nofp\libc-musl.a(__int_vsnprintf.o)
 .note.GNU-stack
                0x00000000        0x0 c:/program files/microchip/xc32/v4.00/bin/bin/../../lib/gcc/pic32c/8.3.1/../../../../pic32c/lib/thumb/v6-m/nofp\libc-musl.a(__int_vfprintf.o)

.stack          0x20000ba8      0x100
 .stack         0x20000ba8      0x100 stack

.bss.cdcReadBuffer%1
                0x20000000      0x200
 .bss.cdcReadBuffer
                0x20000000      0x200 build/Trinket_USB_2/production/_ext/1360937237/app_usb.o
                0x20000000                cdcReadBuffer

.bss.cdcWriteBuffer%2
                0x20000200      0x200
 .bss.cdcWriteBuffer
                0x20000200      0x200 build/Trinket_USB_2/production/_ext/1360937237/app_usb.o
                0x20000200                cdcWriteBuffer

.bss.gDrvUSBObj%3
                0x20000400      0x134
 .bss.gDrvUSBObj
                0x20000400      0x134 build/Trinket_USB_2/production/_ext/2108104030/drv_usbfsv1.o
                0x20000400                gDrvUSBObj

.bss.usbDeviceInstance%4
                0x20000534       0xec
 .bss.usbDeviceInstance
                0x20000534       0xec build/Trinket_USB_2/production/_ext/1390297478/usb_device.o

.bss.timers%5   0x20000620       0xa0
 .bss.timers    0x20000620       0xa0 build/Trinket_USB_2/production/_ext/1909065425/sys_time.o

.bss.gUSBDeviceCDCIRP%6
                0x200006c0       0x6c
 .bss.gUSBDeviceCDCIRP
                0x200006c0       0x6c build/Trinket_USB_2/production/_ext/1390297478/usb_device_cdc.o
                0x200006c0                gUSBDeviceCDCIRP

.data.gDrvUSBFSV1DeviceInterface%7
                0x2000072c       0x50
 .data.gDrvUSBFSV1DeviceInterface
                0x2000072c       0x50 build/Trinket_USB_2/production/_ext/2108104030/drv_usbfsv1_device.o
                0x2000072c                gDrvUSBFSV1DeviceInterface

.bss%8          0x2000077c       0x50
 .bss           0x2000077c       0x50 c:/program files/microchip/xc32/v4.00/bin/bin/../../lib/gcc/pic32c/8.3.1/../../../../pic32c/lib/thumb/v6-m/nofp\libc-musl.a(libc.o)
                0x2000077c                __progname_full
                0x2000077c                program_invocation_name
                0x20000780                program_invocation_short_name
                0x20000780                __progname
                0x20000784                __sysinfo
                0x20000788                __hwcap
                0x2000078c                __libc

.bss.gUSBDeviceCDCInstance%9
                0x200007cc       0x44
 .bss.gUSBDeviceCDCInstance
                0x200007cc       0x44 build/Trinket_USB_2/production/_ext/1390297478/usb_device_cdc.o
                0x200007cc                gUSBDeviceCDCInstance

.bss.gDrvEP0BufferBank0%10
                0x20000810       0x40
 .bss.gDrvEP0BufferBank0
                0x20000810       0x40 build/Trinket_USB_2/production/_ext/2108104030/drv_usbfsv1_device.o
                0x20000810                gDrvEP0BufferBank0

.bss.gDrvEP0BufferBank1%11
                0x20000850       0x40
 .bss.gDrvEP0BufferBank1
                0x20000850       0x40 build/Trinket_USB_2/production/_ext/2108104030/drv_usbfsv1_device.o
                0x20000850                gDrvEP0BufferBank1

.bss.app_usbData%12
                0x20000890       0x3c
 .bss.app_usbData
                0x20000890       0x3c build/Trinket_USB_2/production/_ext/1360937237/app_usb.o
                0x20000890                app_usbData

.bss.gSystemCounterObj%13
                0x200008cc       0x38
 .bss.gSystemCounterObj
                0x200008cc       0x38 build/Trinket_USB_2/production/_ext/1909065425/sys_time.o

.bss.gDrvUSBEndpointObjects%14
                0x20000904       0x30
 .bss.gDrvUSBEndpointObjects
                0x20000904       0x30 build/Trinket_USB_2/production/_ext/2108104030/drv_usbfsv1_device.o
                0x20000904                gDrvUSBEndpointObjects

.bss%15         0x20000934       0x1c
 .bss           0x20000934       0x1c c:/program files/microchip/xc32/v4.00/bin/bin/../../lib/gcc/pic32c/8.3.1/thumb/v6-m/nofp/crtbegin.o

.bss.app_sensorData%16
                0x20000950       0x10
 .bss.app_sensorData
                0x20000950       0x10 build/Trinket_USB_2/production/_ext/1360937237/app_usb.o
                0x20000950                app_sensorData

.bss.sysObj%17  0x20000960        0xc
 .bss.sysObj    0x20000960        0xc build/Trinket_USB_2/production/_ext/1189347772/initialization.o
                0x20000960                sysObj

.bss.gUSBDeviceCDCSerialStateResponse%18
                0x2000096c        0xa
 .bss.gUSBDeviceCDCSerialStateResponse
                0x2000096c        0xa build/Trinket_USB_2/production/_ext/1390297478/usb_device_cdc.o
                0x2000096c                gUSBDeviceCDCSerialStateResponse

.bss.TC3_CallbackObject%19
                0x20000978        0x8
 .bss.TC3_CallbackObject
                0x20000978        0x8 build/Trinket_USB_2/production/_ext/1390003407/plib_tc3.o
                0x20000978                TC3_CallbackObject

.bss%20         0x20000980        0xc
 .bss           0x20000980        0x4 c:/program files/microchip/xc32/v4.00/bin/bin/../../lib/gcc/pic32c/8.3.1/../../../../pic32c/lib/thumb/v6-m/nofp\libpic32c.a(data_init.o)
 .bss           0x20000984        0x4 c:/program files/microchip/xc32/v4.00/bin/bin/../../lib/gcc/pic32c/8.3.1/../../../../pic32c/lib/thumb/v6-m/nofp\libc-musl.a(__environ.o)
                0x20000984                __environ
                0x20000984                environ
                0x20000984                ___environ
                0x20000984                _environ
 .bss           0x20000988        0x4 c:/program files/microchip/xc32/v4.00/bin/bin/../../lib/gcc/pic32c/8.3.1/../../../../pic32c/lib/thumb/v6-m/nofp\libc-musl.a(__errno_location.o)
                0x20000988                __errno_val

.bss.gUSBDeviceCdcCommonDataObj%23
                0x2000098c        0x2
 .bss.gUSBDeviceCdcCommonDataObj
                0x2000098c        0x2 build/Trinket_USB_2/production/_ext/1390297478/usb_device_cdc.o
                0x2000098c                gUSBDeviceCdcCommonDataObj

.data.gSysTimeTokenCount%24
                0x20000976        0x2
 .data.gSysTimeTokenCount
                0x20000976        0x2 build/Trinket_USB_2/production/_ext/1909065425/sys_time.o

.eh_frame%z1    0x00000000        0x0
 .eh_frame      0x00000000        0x0 c:/program files/microchip/xc32/v4.00/bin/bin/../../lib/gcc/pic32c/8.3.1/thumb/v6-m/nofp/crtbegin.o

.config_00804000.__config_00804000%25
                0x00804000        0x4
 .config_00804000.__config_00804000
                0x00804000        0x4 build/Trinket_USB_2/production/_ext/1189347772/initialization.o
                0x00804000                __config_00804000

.config_00804004.__config_00804004%26
                0x00804004        0x4
 .config_00804004.__config_00804004
                0x00804004        0x4 build/Trinket_USB_2/production/_ext/1189347772/initialization.o
                0x00804004                __config_00804004

.text._DRV_USBFSV1_DEVICE_Tasks_ISR%27
                0x000000d8      0x628
 .text._DRV_USBFSV1_DEVICE_Tasks_ISR
                0x000000d8      0x628 build/Trinket_USB_2/production/_ext/2108104030/drv_usbfsv1_device.o
                0x000000d8                _DRV_USBFSV1_DEVICE_Tasks_ISR

.text.__fmt_fp%28
                0x00000700      0x4bc
 .text.__fmt_fp
                0x00000700      0x4bc c:/program files/microchip/xc32/v4.00/bin/bin/../../lib/gcc/pic32c/8.3.1/../../../../pic32c/lib/thumb/v6-m/nofp\libc-musl.a(__fmt_fp.o)
                0x00000700                __fmt_f_needed
                0x00000700                __fmt_fp

.text.DRV_USBFSV1_DEVICE_IRPSubmit%29
                0x00000bbc      0x3d4
 .text.DRV_USBFSV1_DEVICE_IRPSubmit
                0x00000bbc      0x3d4 build/Trinket_USB_2/production/_ext/2108104030/drv_usbfsv1_device.o
                0x00000bbc                DRV_USBFSV1_DEVICE_IRPSubmit

.text.__printf_core%30
                0x00000f90      0x324
 .text.__printf_core
                0x00000f90      0x324 c:/program files/microchip/xc32/v4.00/bin/bin/../../lib/gcc/pic32c/8.3.1/../../../../pic32c/lib/thumb/v6-m/nofp\libc-musl.a(__printf_core.o)
                0x00000f90                __printf_core

.text%31        0x000012b4      0x1d4
 .text          0x000012b4      0x1d4 c:/program files/microchip/xc32/v4.00/bin/bin/../../lib/gcc/pic32c/8.3.1/thumb/v6-m/nofp\libgcc.a(_divsi3.o)
                0x000012b4                __divsi3
                0x000012b4                __aeabi_idiv
                0x00001480                __aeabi_idivmod

.text.__aeabi_dadd%32
                0x00001488      0x1c8
 .text.__aeabi_dadd
                0x00001488      0x1c8 c:/program files/microchip/xc32/v4.00/bin/bin/../../lib/gcc/pic32c/8.3.1/../../../../pic32c/lib/thumb/v6-m/nofp\libm-emfloat.a(floatasmops_arm.o)
                0x00001488                __aeabi_dadd

.text%33        0x00001650      0x1a4
 .text          0x00001650      0x1a4 c:/program files/microchip/xc32/v4.00/bin/bin/../../lib/gcc/pic32c/8.3.1/thumb/v6-m/nofp\libgcc.a(_udivmoddi4.o)
                0x00001650                __udivmoddi4

.text.DRV_USBFSV1_DEVICE_EndpointEnable%34
                0x000017f4      0x194
 .text.DRV_USBFSV1_DEVICE_EndpointEnable
                0x000017f4      0x194 build/Trinket_USB_2/production/_ext/2108104030/drv_usbfsv1_device.o
                0x000017f4                DRV_USBFSV1_DEVICE_EndpointEnable

.text.__aeabi_dmul_aux%35
                0x00001988      0x18a
 .text.__aeabi_dmul_aux
                0x00001988      0x18a c:/program files/microchip/xc32/v4.00/bin/bin/../../lib/gcc/pic32c/8.3.1/../../../../pic32c/lib/thumb/v6-m/nofp\libm-emfloat.a(floatasmops_arm.o)
                0x000019c0                __aeabi_dmul

.text.DRV_USBFSV1_DEVICE_EndpointDisable%36
                0x00001b14      0x180
 .text.DRV_USBFSV1_DEVICE_EndpointDisable
                0x00001b14      0x180 build/Trinket_USB_2/production/_ext/2108104030/drv_usbfsv1_device.o
                0x00001b14                DRV_USBFSV1_DEVICE_EndpointDisable

.dinit%37       0x00001c94      0x180
 .dinit         0x00001c94      0x180 data_init

.text.APP_USB_Tasks%38
                0x00001e14      0x148
 .text.APP_USB_Tasks
                0x00001e14      0x148 build/Trinket_USB_2/production/_ext/1360937237/app_usb.o
                0x00001e14                APP_USB_Tasks

.text._USB_DEVICE_ProcessStandardDeviceSetRequests%39
                0x00001f5c      0x142
 .text._USB_DEVICE_ProcessStandardDeviceSetRequests
                0x00001f5c      0x142 build/Trinket_USB_2/production/_ext/1390297478/usb_device.o
                0x00001f5c                _USB_DEVICE_ProcessStandardDeviceSetRequests

.text.USB_DEVICE_CDC_Write%40
                0x000020a0      0x130
 .text.USB_DEVICE_CDC_Write
                0x000020a0      0x130 build/Trinket_USB_2/production/_ext/1390297478/usb_device_cdc.o
                0x000020a0                USB_DEVICE_CDC_Write

.text.DRV_USBFSV1_Initialize%41
                0x000021d0      0x124
 .text.DRV_USBFSV1_Initialize
                0x000021d0      0x124 build/Trinket_USB_2/production/_ext/2108104030/drv_usbfsv1.o
                0x000021d0                DRV_USBFSV1_Initialize

.text.DRV_USBFSV1_DEVICE_EndpointStallClear%42
                0x000022f4      0x120
 .text.DRV_USBFSV1_DEVICE_EndpointStallClear
                0x000022f4      0x120 build/Trinket_USB_2/production/_ext/2108104030/drv_usbfsv1_device.o
                0x000022f4                DRV_USBFSV1_DEVICE_EndpointStallClear

.text._USB_DEVICE_ControlTransferHandler%43
                0x00002414      0x11c
 .text._USB_DEVICE_ControlTransferHandler
                0x00002414      0x11c build/Trinket_USB_2/production/_ext/1390297478/usb_device.o
                0x00002414                _USB_DEVICE_ControlTransferHandler

.text._USB_DEVICE_EventHandler%44
                0x00002530      0x114
 .text._USB_DEVICE_EventHandler
                0x00002530      0x114 build/Trinket_USB_2/production/_ext/1390297478/usb_device.o
                0x00002530                _USB_DEVICE_EventHandler

.text%45        0x00002644      0x114
 .text          0x00002644      0x114 c:/program files/microchip/xc32/v4.00/bin/bin/../../lib/gcc/pic32c/8.3.1/thumb/v6-m/nofp\libgcc.a(_udivsi3.o)
                0x00002644                __aeabi_uidiv
                0x00002644                __udivsi3
                0x00002750                __aeabi_uidivmod

.text.DRV_USBFSV1_DEVICE_EndpointStall%46
                0x00002758      0x104
 .text.DRV_USBFSV1_DEVICE_EndpointStall
                0x00002758      0x104 build/Trinket_USB_2/production/_ext/2108104030/drv_usbfsv1_device.o
                0x00002758                DRV_USBFSV1_DEVICE_EndpointStall

.text.USB_DEVICE_Initialize%47
                0x0000285c       0xfc
 .text.USB_DEVICE_Initialize
                0x0000285c       0xfc build/Trinket_USB_2/production/_ext/1390297478/usb_device.o
                0x0000285c                USB_DEVICE_Initialize

.text._USB_DEVICE_ProcessStandardDeviceGetRequests%48
                0x00002958       0xfc
 .text._USB_DEVICE_ProcessStandardDeviceGetRequests