Archive member included to satisfy reference by file (symbol)

c:/program files/microchip/xc32/v4.00/bin/bin/../../lib/gcc/pic32c/8.3.1/../../../../pic32c/lib/thumb/v6-m/nofp\libpic32c.a(data_init.o)
                              build/Trinket_USB_2/production/_ext/1189347772/startup_xc32.o (__pic32c_data_initialization)
c:/program files/microchip/xc32/v4.00/bin/bin/../../lib/gcc/pic32c/8.3.1/../../../../pic32c/lib/thumb/v6-m/nofp\libc-musl.a(__libc_start_main.o)
                              build/Trinket_USB_2/production/_ext/1189347772/startup_xc32.o (__libc_init_array)
c:/program files/microchip/xc32/v4.00/bin/bin/../../lib/gcc/pic32c/8.3.1/../../../../pic32c/lib/thumb/v6-m/nofp\libc-musl.a(libc.o)
                              c:/program files/microchip/xc32/v4.00/bin/bin/../../lib/gcc/pic32c/8.3.1/../../../../pic32c/lib/thumb/v6-m/nofp\libc-musl.a(__libc_start_main.o) (__progname_full)
c:/program files/microchip/xc32/v4.00/bin/bin/../../lib/gcc/pic32c/8.3.1/../../../../pic32c/lib/thumb/v6-m/nofp\libc-musl.a(memcpy.o)
                              build/Trinket_USB_2/production/_ext/2108104030/drv_usbfsv1_device.o (memcpy)
c:/program files/microchip/xc32/v4.00/bin/bin/../../lib/gcc/pic32c/8.3.1/../../../../pic32c/lib/thumb/v6-m/nofp\libc-musl.a(memset.o)
                              build/Trinket_USB_2/production/_ext/2108104030/drv_usbfsv1_device.o (memset)
c:/program files/microchip/xc32/v4.00/bin/bin/../../lib/gcc/pic32c/8.3.1/../../../../pic32c/lib/thumb/v6-m/nofp\libc-musl.a(__environ.o)
                              c:/program files/microchip/xc32/v4.00/bin/bin/../../lib/gcc/pic32c/8.3.1/../../../../pic32c/lib/thumb/v6-m/nofp\libc-musl.a(__libc_start_main.o) (__environ)
c:/program files/microchip/xc32/v4.00/bin/bin/../../lib/gcc/pic32c/8.3.1/thumb/v6-m/nofp\libgcc.a(_udivsi3.o)
                              build/Trinket_USB_2/production/_ext/1909065425/sys_time.o (__aeabi_uidiv)
c:/program files/microchip/xc32/v4.00/bin/bin/../../lib/gcc/pic32c/8.3.1/thumb/v6-m/nofp\libgcc.a(_divsi3.o)
                              build/Trinket_USB_2/production/_ext/1390297478/usb_device.o (__aeabi_idiv)
c:/program files/microchip/xc32/v4.00/bin/bin/../../lib/gcc/pic32c/8.3.1/thumb/v6-m/nofp\libgcc.a(_dvmd_tls.o)
                              c:/program files/microchip/xc32/v4.00/bin/bin/../../lib/gcc/pic32c/8.3.1/thumb/v6-m/nofp\libgcc.a(_udivsi3.o) (__aeabi_idiv0)
c:/program files/microchip/xc32/v4.00/bin/bin/../../lib/gcc/pic32c/8.3.1/thumb/v6-m/nofp\libgcc.a(_aeabi_uldivmod.o)
                              build/Trinket_USB_2/production/_ext/1909065425/sys_time.o (__aeabi_uldivmod)
c:/program files/microchip/xc32/v4.00/bin/bin/../../lib/gcc/pic32c/8.3.1/thumb/v6-m/nofp\libgcc.a(_muldi3.o)
                              build/Trinket_USB_2/production/_ext/1909065425/sys_time.o (__aeabi_lmul)
c:/program files/microchip/xc32/v4.00/bin/bin/../../lib/gcc/pic32c/8.3.1/thumb/v6-m/nofp\libgcc.a(_udivmoddi4.o)
                              c:/program files/microchip/xc32/v4.00/bin/bin/../../lib/gcc/pic32c/8.3.1/thumb/v6-m/nofp\libgcc.a(_aeabi_uldivmod.o) (__udivmoddi4)
c:/program files/microchip/xc32/v4.00/bin/bin/../../lib/gcc/pic32c/8.3.1/thumb/v6-m/nofp\libgcc.a(_clzdi2.o)
                              c:/program files/microchip/xc32/v4.00/bin/bin/../../lib/gcc/pic32c/8.3.1/thumb/v6-m/nofp\libgcc.a(_udivmoddi4.o) (__clzdi2)
c:/program files/microchip/xc32/v4.00/bin/bin/../../lib/gcc/pic32c/8.3.1/thumb/v6-m/nofp\libgcc.a(_clzsi2.o)
                              c:/program files/microchip/xc32/v4.00/bin/bin/../../lib/gcc/pic32c/8.3.1/thumb/v6-m/nofp\libgcc.a(_clzdi2.o) (__clzsi2)

Microchip PIC32 Memory-Usage Report

ROM Program-Memory Usage
section                    address  length [bytes]      (dec)  Description
-------                 ----------  -------------------------  -----------
.vectors                         0           0xb0         176   
.text                         0xb0           0x20          32  App's exec code 
.ARM.exidx                    0xd0            0x8           8   
.text._DRV_USBFSV1_DEVI       0xd8          0x628        1576   
.text.DRV_USBFSV1_DEVIC      0x700          0x3d4         980   
.text                        0xad4          0x1d4         468  App's exec code 
.text.APP_USB_Tasks          0xca8          0x1a8         424   
.text                        0xe50          0x1a4         420  App's exec code 
.text.DRV_USBFSV1_DEVIC      0xff4          0x194         404   
.text.DRV_USBFSV1_DEVIC     0x1188          0x180         384   
.dinit                      0x1308          0x170         368   
.text._USB_DEVICE_Proce     0x1478          0x142         322   
.text.DRV_USBFSV1_DEVIC     0x15ba            0x2           2   
.text.USB_DEVICE_CDC_Wr     0x15bc          0x130         304   
.text.DRV_USBFSV1_Initi     0x16ec          0x124         292   
.text.DRV_USBFSV1_DEVIC     0x1810          0x120         288   
[...]
Memory Configuration

Name             Origin             Length             Attributes
rom              0x00000000         0x00040000         xrl
ram              0x20000000         0x00008000         xw !r
config_00804000  0x00804000         0x00000004
config_00804004  0x00804004         0x00000004
*default*        0x00000000         0xffffffff

Linker script and memory map

LOAD c:/program files/microchip/xc32/v4.00/bin/bin/../../lib/gcc/pic32c/8.3.1/thumb/v6-m/nofp/crti.o
LOAD c:/program files/microchip/xc32/v4.00/bin/bin/../../lib/gcc/pic32c/8.3.1/thumb/v6-m/nofp/crtbegin.o
LOAD build/Trinket_USB_2/production/_ext/2108104030/drv_usbfsv1.o
LOAD build/Trinket_USB_2/production/_ext/2108104030/drv_usbfsv1_device.o
LOAD build/Trinket_USB_2/production/_ext/1796475310/plib_clock.o
LOAD build/Trinket_USB_2/production/_ext/1798624796/plib_evsys.o
LOAD build/Trinket_USB_2/production/_ext/58287938/plib_nvic.o
LOAD build/Trinket_USB_2/production/_ext/1292982576/plib_nvmctrl.o
LOAD build/Trinket_USB_2/production/_ext/58341089/plib_port.o
LOAD build/Trinket_USB_2/production/_ext/1578018698/xc32_monitor.o
LOAD build/Trinket_USB_2/production/_ext/1961919639/sys_int.o
LOAD build/Trinket_USB_2/production/_ext/1390297478/usb_device.o
LOAD build/Trinket_USB_2/production/_ext/1390297478/usb_device_cdc.o
LOAD build/Trinket_USB_2/production/_ext/1390297478/usb_device_cdc_acm.o
LOAD build/Trinket_USB_2/production/_ext/1189347772/initialization.o
LOAD build/Trinket_USB_2/production/_ext/1189347772/interrupts.o
LOAD build/Trinket_USB_2/production/_ext/1189347772/exceptions.o
LOAD build/Trinket_USB_2/production/_ext/1189347772/startup_xc32.o
LOAD build/Trinket_USB_2/production/_ext/1189347772/libc_syscalls.o
LOAD build/Trinket_USB_2/production/_ext/1189347772/usb_device_init_data.o
LOAD build/Trinket_USB_2/production/_ext/1189347772/tasks.o
LOAD build/Trinket_USB_2/production/_ext/1360937237/main.o
LOAD build/Trinket_USB_2/production/_ext/1360937237/app_usb.o
LOAD build/Trinket_USB_2/production/_ext/1390003407/plib_tc3.o
LOAD build/Trinket_USB_2/production/_ext/1909065425/sys_time.o
LOAD build/Trinket_USB_2/production/_ext/1360937237/app_sensor.o
                0x00000001                __MPLAB_BUILD = 0x1
                0x00040000                __rom_end = (ORIGIN (rom) + LENGTH (rom))
                0x20008000                __ram_end = (ORIGIN (ram) + LENGTH (ram))

.config_00804000
 *(.config_00804000)

.config_00804004
 *(.config_00804004)

.vectors        0x00000000       0xb0
                0x00000000                . = ALIGN (0x4)
                0x00000000                _sfixed = .
 *(.vectors .vectors.* .vectors_default .vectors_default.*)
 .vectors.exception_table
                0x00000000       0xb0 build/Trinket_USB_2/production/_ext/1189347772/interrupts.o
                0x00000000                exception_table
 *(.isr_vector)
 *(.reset*)
 *(.after_vectors)

.text           0x000000b0       0x20
                0x000000b0                . = ALIGN (0x4)
 *(.glue_7t)
 .glue_7t       0x000000b0        0x0 linker stubs
 *(.glue_7)
 .glue_7        0x000000b0        0x0 linker stubs
 *(.gnu.linkonce.r.*)
 *(.ARM.extab* .gnu.linkonce.armextab.*)
                0x000000b0                . = ALIGN (0x4)
 *(.init)
 .init          0x000000b0        0x4 c:/program files/microchip/xc32/v4.00/bin/bin/../../lib/gcc/pic32c/8.3.1/thumb/v6-m/nofp/crti.o
                0x000000b0                _init
 .init          0x000000b4        0x8 c:/program files/microchip/xc32/v4.00/bin/bin/../../lib/gcc/pic32c/8.3.1/thumb/v6-m/nofp/crtn.o
                0x000000bc                . = ALIGN (0x4)
                0x000000bc                __preinit_array_start = .
 *(.preinit_array)
                0x000000bc                __preinit_array_end = .
                0x000000bc                . = ALIGN (0x4)
                0x000000bc                __init_array_start = .
 *(SORT_BY_NAME(.init_array.*))
 *(.init_array)
 .init_array    0x000000bc        0x4 c:/program files/microchip/xc32/v4.00/bin/bin/../../lib/gcc/pic32c/8.3.1/thumb/v6-m/nofp/crtbegin.o
                0x000000c0                __init_array_end = .
                0x000000c0                . = ALIGN (0x4)
 *crtbegin.o(.ctors)
 *(EXCLUDE_FILE(*crtend.o) .ctors)
 *(SORT_BY_NAME(.ctors.*))
 *crtend.o(.ctors)
                0x000000c0                . = ALIGN (0x4)
 *(.fini)
 .fini          0x000000c0        0x4 c:/program files/microchip/xc32/v4.00/bin/bin/../../lib/gcc/pic32c/8.3.1/thumb/v6-m/nofp/crti.o
                0x000000c0                _fini
 .fini          0x000000c4        0x8 c:/program files/microchip/xc32/v4.00/bin/bin/../../lib/gcc/pic32c/8.3.1/thumb/v6-m/nofp/crtn.o
                0x000000cc                . = ALIGN (0x4)
                0x000000cc                __fini_array_start = .
 *(.fini_array)
 .fini_array    0x000000cc        0x4 c:/program files/microchip/xc32/v4.00/bin/bin/../../lib/gcc/pic32c/8.3.1/thumb/v6-m/nofp/crtbegin.o
 *(SORT_BY_NAME(.fini_array.*))
                0x000000d0                __fini_array_end = .
 *crtbegin.o(.dtors)
 *(EXCLUDE_FILE(*crtend.o) .dtors)
 *(SORT_BY_NAME(.dtors.*))
 *crtend.o(.dtors)
                0x000000d0                . = ALIGN (0x4)
                0x000000d0                _efixed = .
                [!provide]                PROVIDE (__exidx_start = .)

.ARM.exidx      0x000000d0        0x8
 *(.ARM.exidx* .gnu.linkonce.armexidx.*)
 .ARM.exidx     0x000000d0        0x8 c:/program files/microchip/xc32/v4.00/bin/bin/../../lib/gcc/pic32c/8.3.1/thumb/v6-m/nofp\libgcc.a(_udivmoddi4.o)
                [!provide]                PROVIDE (__exidx_end = .)
                0x000000d8                . = ALIGN (0x4)
                0x000000d8                _etext = .

.bss            0x20000000        0x0
                0x20000000                . = ALIGN (0x4)
                0x20000000                __bss_start__ = .
                0x20000000                _sbss = .
                0x20000000                _szero = .
 *(COMMON)
                0x20000000                . = ALIGN (0x4)
                0x20000000                __bss_end__ = .
                0x20000000                _ebss = .
                0x20000000                _ezero = .
                0x20000000                . = ALIGN (0x4)
                0x20000000                _end = .
                0x20007fff                _ram_end_ = ((ORIGIN (ram) + LENGTH (ram)) - 0x1)
                0x00000200                _min_heap_size = 0x200
START GROUP
LOAD c:/program files/microchip/xc32/v4.00/bin/bin/../../lib/gcc/pic32c/8.3.1/../../../../pic32c/lib/thumb/v6-m/nofp\libpic32c.a
LOAD c:/program files/microchip/xc32/v4.00/bin/bin/../../lib/gcc/pic32c/8.3.1/../../../../pic32c/lib/thumb/v6-m/nofp\libm-emfloat.a
LOAD c:/program files/microchip/xc32/v4.00/bin/bin/../../lib/gcc/pic32c/8.3.1/../../../../pic32c/lib/thumb/v6-m/nofp\libc-musl.a
LOAD c:/program files/microchip/xc32/v4.00/bin/bin/../../lib/gcc/pic32c/8.3.1/../../../../pic32c/lib/thumb/v6-m/nofp\libm-emfloat.a
LOAD c:/program files/microchip/xc32/v4.00/bin/bin/../../lib/gcc/pic32c/8.3.1/thumb/v6-m/nofp\libgcc.a
END GROUP
LOAD c:/program files/microchip/xc32/v4.00/bin/bin/../../lib/gcc/pic32c/8.3.1/thumb/v6-m/nofp/crtend.o
LOAD c:/program files/microchip/xc32/v4.00/bin/bin/../../lib/gcc/pic32c/8.3.1/thumb/v6-m/nofp/crtn.o
OUTPUT(dist/Trinket_USB_2/production/USB_2.X.production.elf elf32-littlearm)
LOAD stack
LOAD data_init

.ARM.attributes
                0x00000000       0x2c
 .ARM.attributes
                0x00000000       0x1e c:/program files/microchip/xc32/v4.00/bin/bin/../../lib/gcc/pic32c/8.3.1/thumb/v6-m/nofp/crti.o
 .ARM.attributes
                0x0000001e       0x2c c:/program files/microchip/xc32/v4.00/bin/bin/../../lib/gcc/pic32c/8.3.1/thumb/v6-m/nofp/crtbegin.o
 .ARM.attributes
                0x0000004a       0x2c build/Trinket_USB_2/production/_ext/2108104030/drv_usbfsv1.o
 .ARM.attributes
                0x00000076       0x2c build/Trinket_USB_2/production/_ext/2108104030/drv_usbfsv1_device.o
 .ARM.attributes
                0x000000a2       0x2c build/Trinket_USB_2/production/_ext/1796475310/plib_clock.o
 .ARM.attributes
                0x000000ce       0x2c build/Trinket_USB_2/production/_ext/1798624796/plib_evsys.o
 .ARM.attributes
                0x000000fa       0x2c build/Trinket_USB_2/production/_ext/58287938/plib_nvic.o
 .ARM.attributes
                0x00000126       0x2c build/Trinket_USB_2/production/_ext/1292982576/plib_nvmctrl.o
 .ARM.attributes
                0x00000152       0x2c build/Trinket_USB_2/production/_ext/58341089/plib_port.o
 .ARM.attributes
                0x0000017e       0x2c build/Trinket_USB_2/production/_ext/1961919639/sys_int.o
 .ARM.attributes
                0x000001aa       0x2c build/Trinket_USB_2/production/_ext/1390297478/usb_device.o
 .ARM.attributes
                0x000001d6       0x2c build/Trinket_USB_2/production/_ext/1390297478/usb_device_cdc.o
 .ARM.attributes
                0x00000202       0x2c build/Trinket_USB_2/production/_ext/1390297478/usb_device_cdc_acm.o
 .ARM.attributes
                0x0000022e       0x2c build/Trinket_USB_2/production/_ext/1189347772/initialization.o
 .ARM.attributes
                0x0000025a       0x2c build/Trinket_USB_2/production/_ext/1189347772/interrupts.o
 .ARM.attributes
                0x00000286       0x2c build/Trinket_USB_2/production/_ext/1189347772/exceptions.o
 .ARM.attributes
                0x000002b2       0x2c build/Trinket_USB_2/production/_ext/1189347772/startup_xc32.o
 .ARM.attributes
                0x000002de       0x32 build/Trinket_USB_2/production/_ext/1189347772/usb_device_init_data.o
 .ARM.attributes
                0x00000310       0x2c build/Trinket_USB_2/production/_ext/1189347772/tasks.o
 .ARM.attributes
                0x0000033c       0x2c build/Trinket_USB_2/production/_ext/1360937237/main.o
 .ARM.attributes
                0x00000368       0x2c build/Trinket_USB_2/production/_ext/1360937237/app_usb.o
 .ARM.attributes
                0x00000394       0x2c build/Trinket_USB_2/production/_ext/1390003407/plib_tc3.o
 .ARM.attributes
                0x000003c0       0x2c build/Trinket_USB_2/production/_ext/1909065425/sys_time.o
 .ARM.attributes
                0x000003ec       0x2c build/Trinket_USB_2/production/_ext/1360937237/app_sensor.o
 .ARM.attributes
                0x00000418       0x2c c:/program files/microchip/xc32/v4.00/bin/bin/../../lib/gcc/pic32c/8.3.1/../../../../pic32c/lib/thumb/v6-m/nofp\libpic32c.a(data_init.o)
 .ARM.attributes
                0x00000444       0x2e c:/program files/microchip/xc32/v4.00/bin/bin/../../lib/gcc/pic32c/8.3.1/../../../../pic32c/lib/thumb/v6-m/nofp\libc-musl.a(__libc_start_main.o)
 .ARM.attributes
                0x00000472       0x2e c:/program files/microchip/xc32/v4.00/bin/bin/../../lib/gcc/pic32c/8.3.1/../../../../pic32c/lib/thumb/v6-m/nofp\libc-musl.a(libc.o)
 .ARM.attributes
                0x000004a0       0x2e c:/program files/microchip/xc32/v4.00/bin/bin/../../lib/gcc/pic32c/8.3.1/../../../../pic32c/lib/thumb/v6-m/nofp\libc-musl.a(memcpy.o)
 .ARM.attributes
                0x000004ce       0x2e c:/program files/microchip/xc32/v4.00/bin/bin/../../lib/gcc/pic32c/8.3.1/../../../../pic32c/lib/thumb/v6-m/nofp\libc-musl.a(memset.o)
 .ARM.attributes
                0x000004fc       0x2e c:/program files/microchip/xc32/v4.00/bin/bin/../../lib/gcc/pic32c/8.3.1/../../../../pic32c/lib/thumb/v6-m/nofp\libc-musl.a(__environ.o)
 .ARM.attributes
                0x0000052a       0x1e c:/program files/microchip/xc32/v4.00/bin/bin/../../lib/gcc/pic32c/8.3.1/thumb/v6-m/nofp\libgcc.a(_udivsi3.o)
 .ARM.attributes
                0x00000548       0x1e c:/program files/microchip/xc32/v4.00/bin/bin/../../lib/gcc/pic32c/8.3.1/thumb/v6-m/nofp\libgcc.a(_divsi3.o)
 .ARM.attributes
                0x00000566       0x1e c:/program files/microchip/xc32/v4.00/bin/bin/../../lib/gcc/pic32c/8.3.1/thumb/v6-m/nofp\libgcc.a(_dvmd_tls.o)
 .ARM.attributes
                0x00000584       0x1e c:/program files/microchip/xc32/v4.00/bin/bin/../../lib/gcc/pic32c/8.3.1/thumb/v6-m/nofp\libgcc.a(_aeabi_uldivmod.o)
 .ARM.attributes
                0x000005a2       0x2c c:/program files/microchip/xc32/v4.00/bin/bin/../../lib/gcc/pic32c/8.3.1/thumb/v6-m/nofp\libgcc.a(_muldi3.o)
 .ARM.attributes
                0x000005ce       0x2c c:/program files/microchip/xc32/v4.00/bin/bin/../../lib/gcc/pic32c/8.3.1/thumb/v6-m/nofp\libgcc.a(_udivmoddi4.o)
 .ARM.attributes
                0x000005fa       0x1e c:/program files/microchip/xc32/v4.00/bin/bin/../../lib/gcc/pic32c/8.3.1/thumb/v6-m/nofp\libgcc.a(_clzdi2.o)
 .ARM.attributes
                0x00000618       0x1e c:/program files/microchip/xc32/v4.00/bin/bin/../../lib/gcc/pic32c/8.3.1/thumb/v6-m/nofp\libgcc.a(_clzsi2.o)
 .ARM.attributes
                0x00000636       0x1e c:/program files/microchip/xc32/v4.00/bin/bin/../../lib/gcc/pic32c/8.3.1/thumb/v6-m/nofp/crtn.o

.comment        0x00000000       0x53
 .comment       0x00000000       0x53 c:/program files/microchip/xc32/v4.00/bin/bin/../../lib/gcc/pic32c/8.3.1/thumb/v6-m/nofp/crtbegin.o
                                 0x54 (size before relaxing)
 .comment       0x00000053       0x54 build/Trinket_USB_2/production/_ext/2108104030/drv_usbfsv1.o
 .comment       0x00000053       0x54 build/Trinket_USB_2/production/_ext/2108104030/drv_usbfsv1_device.o
 .comment       0x00000053       0x54 build/Trinket_USB_2/production/_ext/1796475310/plib_clock.o
 .comment       0x00000053       0x54 build/Trinket_USB_2/production/_ext/1798624796/plib_evsys.o
 .comment       0x00000053       0x54 build/Trinket_USB_2/production/_ext/58287938/plib_nvic.o
 .comment       0x00000053       0x54 build/Trinket_USB_2/production/_ext/1292982576/plib_nvmctrl.o
 .comment       0x00000053       0x54 build/Trinket_USB_2/production/_ext/58341089/plib_port.o
 .comment       0x00000053       0x54 build/Trinket_USB_2/production/_ext/1961919639/sys_int.o
 .comment       0x00000053       0x54 build/Trinket_USB_2/production/_ext/1390297478/usb_device.o
 .comment       0x00000053       0x54 build/Trinket_USB_2/production/_ext/1390297478/usb_device_cdc.o
 .comment       0x00000053       0x54 build/Trinket_USB_2/production/_ext/1390297478/usb_device_cdc_acm.o
 .comment       0x00000053       0x54 build/Trinket_USB_2/production/_ext/1189347772/initialization.o
 .comment       0x00000053       0x54 build/Trinket_USB_2/production/_ext/1189347772/interrupts.o
 .comment       0x00000053       0x54 build/Trinket_USB_2/production/_ext/1189347772/exceptions.o
 .comment       0x00000053       0x54 build/Trinket_USB_2/production/_ext/1189347772/startup_xc32.o
 .comment       0x00000053       0x54 build/Trinket_USB_2/production/_ext/1189347772/usb_device_init_data.o
 .comment       0x00000053       0x54 build/Trinket_USB_2/production/_ext/1189347772/tasks.o
 .comment       0x00000053       0x54 build/Trinket_USB_2/production/_ext/1360937237/main.o
 .comment       0x00000053       0x54 build/Trinket_USB_2/production/_ext/1360937237/app_usb.o
 .comment       0x00000053       0x54 build/Trinket_USB_2/production/_ext/1390003407/plib_tc3.o
 .comment       0x00000053       0x54 build/Trinket_USB_2/production/_ext/1909065425/sys_time.o
 .comment       0x00000053       0x54 build/Trinket_USB_2/production/_ext/1360937237/app_sensor.o
 .comment       0x00000053       0x54 c:/program files/microchip/xc32/v4.00/bin/bin/../../lib/gcc/pic32c/8.3.1/../../../../pic32c/lib/thumb/v6-m/nofp\libpic32c.a(data_init.o)
 .comment       0x00000053       0x54 c:/program files/microchip/xc32/v4.00/bin/bin/../../lib/gcc/pic32c/8.3.1/../../../../pic32c/lib/thumb/v6-m/nofp\libc-musl.a(__libc_start_main.o)
 .comment       0x00000053       0x54 c:/program files/microchip/xc32/v4.00/bin/bin/../../lib/gcc/pic32c/8.3.1/../../../../pic32c/lib/thumb/v6-m/nofp\libc-musl.a(libc.o)
 .comment       0x00000053       0x54 c:/program files/microchip/xc32/v4.00/bin/bin/../../lib/gcc/pic32c/8.3.1/../../../../pic32c/lib/thumb/v6-m/nofp\libc-musl.a(memcpy.o)
 .comment       0x00000053       0x54 c:/program files/microchip/xc32/v4.00/bin/bin/../../lib/gcc/pic32c/8.3.1/../../../../pic32c/lib/thumb/v6-m/nofp\libc-musl.a(memset.o)
 .comment       0x00000053       0x54 c:/program files/microchip/xc32/v4.00/bin/bin/../../lib/gcc/pic32c/8.3.1/../../../../pic32c/lib/thumb/v6-m/nofp\libc-musl.a(__environ.o)
 .comment       0x00000053       0x54 c:/program files/microchip/xc32/v4.00/bin/bin/../../lib/gcc/pic32c/8.3.1/thumb/v6-m/nofp\libgcc.a(_muldi3.o)
 .comment       0x00000053       0x54 c:/program files/microchip/xc32/v4.00/bin/bin/../../lib/gcc/pic32c/8.3.1/thumb/v6-m/nofp\libgcc.a(_udivmoddi4.o)

.debug_info     0x00000000    0x3e776
 .debug_info    0x00000000     0x5695 build/Trinket_USB_2/production/_ext/2108104030/drv_usbfsv1.o
 .debug_info    0x00005695     0x66f0 build/Trinket_USB_2/production/_ext/2108104030/drv_usbfsv1_device.o
 .debug_info    0x0000bd85      0xa52 build/Trinket_USB_2/production/_ext/1796475310/plib_clock.o
 .debug_info    0x0000c7d7      0x338 build/Trinket_USB_2/production/_ext/1798624796/plib_evsys.o
 .debug_info    0x0000cb0f      0xa4e build/Trinket_USB_2/production/_ext/58287938/plib_nvic.o
 .debug_info    0x0000d55d      0x8c9 build/Trinket_USB_2/production/_ext/1292982576/plib_nvmctrl.o
 .debug_info    0x0000de26      0xbd9 build/Trinket_USB_2/production/_ext/58341089/plib_port.o
 .debug_info    0x0000e9ff      0x992 build/Trinket_USB_2/production/_ext/1961919639/sys_int.o
 .debug_info    0x0000f391     0x5dde build/Trinket_USB_2/production/_ext/1390297478/usb_device.o
 .debug_info    0x0001516f     0x3e72 build/Trinket_USB_2/production/_ext/1390297478/usb_device_cdc.o
 .debug_info    0x00018fe1     0x193d build/Trinket_USB_2/production/_ext/1390297478/usb_device_cdc_acm.o
 .debug_info    0x0001a91e     0x40fd build/Trinket_USB_2/production/_ext/1189347772/initialization.o
 .debug_info    0x0001ea1b     0x3451 build/Trinket_USB_2/production/_ext/1189347772/interrupts.o
 .debug_info    0x00021e6c     0x2eda build/Trinket_USB_2/production/_ext/1189347772/exceptions.o
 .debug_info    0x00024d46      0x4cc build/Trinket_USB_2/production/_ext/1189347772/startup_xc32.o
 .debug_info    0x00025212     0x3954 build/Trinket_USB_2/production/_ext/1189347772/usb_device_init_data.o
 .debug_info    0x00028b66     0x2f06 build/Trinket_USB_2/production/_ext/1189347772/tasks.o
 .debug_info    0x0002ba6c     0x2ec9 build/Trinket_USB_2/production/_ext/1360937237/main.o
 .debug_info    0x0002e935     0x3f48 build/Trinket_USB_2/production/_ext/1360937237/app_usb.o
 .debug_info    0x0003287d      0xc66 build/Trinket_USB_2/production/_ext/1390003407/plib_tc3.o
 .debug_info    0x000334e3     0x2a7f build/Trinket_USB_2/production/_ext/1909065425/sys_time.o
 .debug_info    0x00035f62     0x3382 build/Trinket_USB_2/production/_ext/1360937237/app_sensor.o
 .debug_info    0x000392e4      0x2d1 c:/program files/microchip/xc32/v4.00/bin/bin/../../lib/gcc/pic32c/8.3.1/../../../../pic32c/lib/thumb/v6-m/nofp\libpic32c.a(data_init.o)
 .debug_info    0x000395b5      0x6a9 c:/program files/microchip/xc32/v4.00/bin/bin/../../lib/gcc/pic32c/8.3.1/../../../../pic32c/lib/thumb/v6-m/nofp\libc-musl.a(__libc_start_main.o)
 .debug_info    0x00039c5e      0x5d5 c:/program files/microchip/xc32/v4.00/bin/bin/../../lib/gcc/pic32c/8.3.1/../../../../pic32c/lib/thumb/v6-m/nofp\libc-musl.a(libc.o)
 .debug_info    0x0003a233      0x30e c:/program files/microchip/xc32/v4.00/bin/bin/../../lib/gcc/pic32c/8.3.1/../../../../pic32c/lib/thumb/v6-m/nofp\libc-musl.a(memcpy.o)
 .debug_info    0x0003a541      0x2d2 c:/program files/microchip/xc32/v4.00/bin/bin/../../lib/gcc/pic32c/8.3.1/../../../../pic32c/lib/thumb/v6-m/nofp\libc-musl.a(memset.o)
 .debug_info    0x0003a813      0x58c c:/program files/microchip/xc32/v4.00/bin/bin/../../lib/gcc/pic32c/8.3.1/../../../../pic32c/lib/thumb/v6-m/nofp\libc-musl.a(__environ.o)
 .debug_info    0x0003ad9f       0x26 c:/program files/microchip/xc32/v4.00/bin/bin/../../lib/gcc/pic32c/8.3.1/thumb/v6-m/nofp\libgcc.a(_udivsi3.o)
 .debug_info    0x0003adc5       0x26 c:/program files/microchip/xc32/v4.00/bin/bin/../../lib/gcc/pic32c/8.3.1/thumb/v6-m/nofp\libgcc.a(_divsi3.o)
 .debug_info    0x0003adeb       0x26 c:/program files/microchip/xc32/v4.00/bin/bin/../../lib/gcc/pic32c/8.3.1/thumb/v6-m/nofp\libgcc.a(_dvmd_tls.o)
 .debug_info    0x0003ae11       0x26 c:/program files/microchip/xc32/v4.00/bin/bin/../../lib/gcc/pic32c/8.3.1/thumb/v6-m/nofp\libgcc.a(_aeabi_uldivmod.o)
 .debug_info    0x0003ae37     0x1cd3 c:/program files/microchip/xc32/v4.00/bin/bin/../../lib/gcc/pic32c/8.3.1/thumb/v6-m/nofp\libgcc.a(_muldi3.o)
 .debug_info    0x0003cb0a     0x1c20 c:/program files/microchip/xc32/v4.00/bin/bin/../../lib/gcc/pic32c/8.3.1/thumb/v6-m/nofp\libgcc.a(_udivmoddi4.o)
 .debug_info    0x0003e72a       0x26 c:/program files/microchip/xc32/v4.00/bin/bin/../../lib/gcc/pic32c/8.3.1/thumb/v6-m/nofp\libgcc.a(_clzdi2.o)
 .debug_info    0x0003e750       0x26 c:/program files/microchip/xc32/v4.00/bin/bin/../../lib/gcc/pic32c/8.3.1/thumb/v6-m/nofp\libgcc.a(_clzsi2.o)

.debug_abbrev   0x00000000     0x43dd
 .debug_abbrev  0x00000000      0x4e5 build/Trinket_USB_2/production/_ext/2108104030/drv_usbfsv1.o
 .debug_abbrev  0x000004e5      0x5ed build/Trinket_USB_2/production/_ext/2108104030/drv_usbfsv1_device.o
 .debug_abbrev  0x00000ad2      0x13e build/Trinket_USB_2/production/_ext/1796475310/plib_clock.o
 .debug_abbrev  0x00000c10       0x3b build/Trinket_USB_2/production/_ext/1798624796/plib_evsys.o
 .debug_abbrev  0x00000c4b      0x1e1 build/Trinket_USB_2/production/_ext/58287938/plib_nvic.o
 .debug_abbrev  0x00000e2c      0x1b1 build/Trinket_USB_2/production/_ext/1292982576/plib_nvmctrl.o
 .debug_abbrev  0x00000fdd      0x1d6 build/Trinket_USB_2/production/_ext/58341089/plib_port.o
 .debug_abbrev  0x000011b3      0x246 build/Trinket_USB_2/production/_ext/1961919639/sys_int.o
 .debug_abbrev  0x000013f9      0x4e6 build/Trinket_USB_2/production/_ext/1390297478/usb_device.o
 .debug_abbrev  0x000018df      0x505 build/Trinket_USB_2/production/_ext/1390297478/usb_device_cdc.o
 .debug_abbrev  0x00001de4      0x205 build/Trinket_USB_2/production/_ext/1390297478/usb_device_cdc_acm.o
 .debug_abbrev  0x00001fe9      0x2df build/Trinket_USB_2/production/_ext/1189347772/initialization.o
 .debug_abbrev  0x000022c8      0x21d build/Trinket_USB_2/production/_ext/1189347772/interrupts.o
 .debug_abbrev  0x000024e5      0x1ff build/Trinket_USB_2/production/_ext/1189347772/exceptions.o
 .debug_abbrev  0x000026e4      0x110 build/Trinket_USB_2/production/_ext/1189347772/startup_xc32.o
 .debug_abbrev  0x000027f4      0x248 build/Trinket_USB_2/production/_ext/1189347772/usb_device_init_data.o
 .debug_abbrev  0x00002a3c      0x231 build/Trinket_USB_2/production/_ext/1189347772/tasks.o
 .debug_abbrev  0x00002c6d      0x238 build/Trinket_USB_2/production/_ext/1360937237/main.o
 .debug_abbrev  0x00002ea5      0x361 build/Trinket_USB_2/production/_ext/1360937237/app_usb.o
 .debug_abbrev  0x00003206      0x1e8 build/Trinket_USB_2/production/_ext/1390003407/plib_tc3.o
 .debug_abbrev  0x000033ee      0x5da build/Trinket_USB_2/production/_ext/1909065425/sys_time.o
 .debug_abbrev  0x000039c8      0x299 build/Trinket_USB_2/production/_ext/1360937237/app_sensor.o
 .debug_abbrev  0x00003c61       0x2e c:/program files/microchip/xc32/v4.00/bin/bin/../../lib/gcc/pic32c/8.3.1/../../../../pic32c/lib/thumb/v6-m/nofp\libpic32c.a(data_init.o)
 .debug_abbrev  0x00003c8f      0x126 c:/program files/microchip/xc32/v4.00/bin/bin/../../lib/gcc/pic32c/8.3.1/../../../../pic32c/lib/thumb/v6-m/nofp\libc-musl.a(__libc_start_main.o)
 .debug_abbrev  0x00003db5       0xc7 c:/program files/microchip/xc32/v4.00/bin/bin/../../lib/gcc/pic32c/8.3.1/../../../../pic32c/lib/thumb/v6-m/nofp\libc-musl.a(libc.o)
 .debug_abbrev  0x00003e7c       0x9c c:/program files/microchip/xc32/v4.00/bin/bin/../../lib/gcc/pic32c/8.3.1/../../../../pic32c/lib/thumb/v6-m/nofp\libc-musl.a(memcpy.o)
 .debug_abbrev  0x00003f18       0x97 c:/program files/microchip/xc32/v4.00/bin/bin/../../lib/gcc/pic32c/8.3.1/../../../../pic32c/lib/thumb/v6-m/nofp\libc-musl.a(memset.o)
 .debug_abbrev  0x00003faf       0xc7 c:/program files/microchip/xc32/v4.00/bin/bin/../../lib/gcc/pic32c/8.3.1/../../../../pic32c/lib/thumb/v6-m/nofp\libc-musl.a(__environ.o)
 .debug_abbrev  0x00004076       0x14 c:/program files/microchip/xc32/v4.00/bin/bin/../../lib/gcc/pic32c/8.3.1/thumb/v6-m/nofp\libgcc.a(_udivsi3.o)
 .debug_abbrev  0x0000408a       0x14 c:/program files/microchip/xc32/v4.00/bin/bin/../../lib/gcc/pic32c/8.3.1/thumb/v6-m/nofp\libgcc.a(_divsi3.o)
 .debug_abbrev  0x0000409e       0x14 c:/program files/microchip/xc32/v4.00/bin/bin/../../lib/gcc/pic32c/8.3.1/thumb/v6-m/nofp\libgcc.a(_dvmd_tls.o)
 .debug_abbrev  0x000040b2       0x14 c:/program files/microchip/xc32/v4.00/bin/bin/../../lib/gcc/pic32c/8.3.1/thumb/v6-m/nofp\libgcc.a(_aeabi_uldivmod.o)
 .debug_abbrev  0x000040c6      0x198 c:/program files/microchip/xc32/v4.00/bin/bin/../../lib/gcc/pic32c/8.3.1/thumb/v6-m/nofp\libgcc.a(_muldi3.o)
 .debug_abbrev  0x0000425e      0x157 c:/program files/microchip/xc32/v4.00/bin/bin/../../lib/gcc/pic32c/8.3.1/thumb/v6-m/nofp\libgcc.a(_udivmoddi4.o)
 .debug_abbrev  0x000043b5       0x14 c:/program files/microchip/xc32/v4.00/bin/bin/../../lib/gcc/pic32c/8.3.1/thumb/v6-m/nofp\libgcc.a(_clzdi2.o)
 .debug_abbrev  0x000043c9       0x14 c:/program files/microchip/xc32/v4.00/bin/bin/../../lib/gcc/pic32c/8.3.1/thumb/v6-m/nofp\libgcc.a(_clzsi2.o)

.debug_loc      0x00000000     0xb9b9
 .debug_loc     0x00000000      0x7f5 build/Trinket_USB_2/production/_ext/2108104030/drv_usbfsv1.o
 .debug_loc     0x000007f5     0x2c1d build/Trinket_USB_2/production/_ext/2108104030/drv_usbfsv1_device.o
 .debug_loc     0x00003412       0x8e build/Trinket_USB_2/production/_ext/1796475310/plib_clock.o
 .debug_loc     0x000034a0       0xb2 build/Trinket_USB_2/production/_ext/58287938/plib_nvic.o
 .debug_loc     0x00003552      0x2f9 build/Trinket_USB_2/production/_ext/1292982576/plib_nvmctrl.o
 .debug_loc     0x0000384b      0x226 build/Trinket_USB_2/production/_ext/58341089/plib_port.o
 .debug_loc     0x00003a71      0x17d build/Trinket_USB_2/production/_ext/1961919639/sys_int.o
 .debug_loc     0x00003bee     0x2fc0 build/Trinket_USB_2/production/_ext/1390297478/usb_device.o
 .debug_loc     0x00006bae     0x17ca build/Trinket_USB_2/production/_ext/1390297478/usb_device_cdc.o
 .debug_loc     0x00008378      0x260 build/Trinket_USB_2/production/_ext/1390297478/usb_device_cdc_acm.o
 .debug_loc     0x000085d8       0x45 build/Trinket_USB_2/production/_ext/1189347772/initialization.o
 .debug_loc     0x0000861d       0x20 build/Trinket_USB_2/production/_ext/1189347772/startup_xc32.o
 .debug_loc     0x0000863d       0x20 build/Trinket_USB_2/production/_ext/1189347772/tasks.o
 .debug_loc     0x0000865d       0x20 build/Trinket_USB_2/production/_ext/1360937237/main.o
 .debug_loc     0x0000867d      0x4eb build/Trinket_USB_2/production/_ext/1360937237/app_usb.o
 .debug_loc     0x00008b68       0x5f build/Trinket_USB_2/production/_ext/1390003407/plib_tc3.o
 .debug_loc     0x00008bc7     0x25c7 build/Trinket_USB_2/production/_ext/1909065425/sys_time.o
 .debug_loc     0x0000b18e       0x20 build/Trinket_USB_2/production/_ext/1360937237/app_sensor.o
 .debug_loc     0x0000b1ae       0x14 c:/program files/microchip/xc32/v4.00/bin/bin/../../lib/gcc/pic32c/8.3.1/../../../../pic32c/lib/thumb/v6-m/nofp\libpic32c.a(data_init.o)
 .debug_loc     0x0000b1c2       0x5e c:/program files/microchip/xc32/v4.00/bin/bin/../../lib/gcc/pic32c/8.3.1/../../../../pic32c/lib/thumb/v6-m/nofp\libc-musl.a(__libc_start_main.o)
 .debug_loc     0x0000b220      0x109 c:/program files/microchip/xc32/v4.00/bin/bin/../../lib/gcc/pic32c/8.3.1/../../../../pic32c/lib/thumb/v6-m/nofp\libc-musl.a(memcpy.o)
 .debug_loc     0x0000b329       0x80 c:/program files/microchip/xc32/v4.00/bin/bin/../../lib/gcc/pic32c/8.3.1/../../../../pic32c/lib/thumb/v6-m/nofp\libc-musl.a(memset.o)
 .debug_loc     0x0000b3a9      0x1f4 c:/program files/microchip/xc32/v4.00/bin/bin/../../lib/gcc/pic32c/8.3.1/thumb/v6-m/nofp\libgcc.a(_muldi3.o)
 .debug_loc     0x0000b59d      0x41c c:/program files/microchip/xc32/v4.00/bin/bin/../../lib/gcc/pic32c/8.3.1/thumb/v6-m/nofp\libgcc.a(_udivmoddi4.o)

.debug_aranges  0x00000000      0x9d0
 .debug_aranges
                0x00000000       0x80 build/Trinket_USB_2/production/_ext/2108104030/drv_usbfsv1.o
 .debug_aranges
                0x00000080       0xb8 build/Trinket_USB_2/production/_ext/2108104030/drv_usbfsv1_device.o
 .debug_aranges
                0x00000138       0x20 build/Trinket_USB_2/production/_ext/1796475310/plib_clock.o
 .debug_aranges
                0x00000158       0x20 build/Trinket_USB_2/production/_ext/1798624796/plib_evsys.o
 .debug_aranges
                0x00000178       0x38 build/Trinket_USB_2/production/_ext/58287938/plib_nvic.o
 .debug_aranges
                0x000001b0       0x70 build/Trinket_USB_2/production/_ext/1292982576/plib_nvmctrl.o
 .debug_aranges
                0x00000220       0x70 build/Trinket_USB_2/production/_ext/58341089/plib_port.o
 .debug_aranges
                0x00000290       0x40 build/Trinket_USB_2/production/_ext/1961919639/sys_int.o
 .debug_aranges
                0x000002d0      0x1a0 build/Trinket_USB_2/production/_ext/1390297478/usb_device.o
 .debug_aranges
                0x00000470       0x88 build/Trinket_USB_2/production/_ext/1390297478/usb_device_cdc.o
 .debug_aranges
                0x000004f8       0x20 build/Trinket_USB_2/production/_ext/1390297478/usb_device_cdc_acm.o
 .debug_aranges
                0x00000518       0x20 build/Trinket_USB_2/production/_ext/1189347772/initialization.o
 .debug_aranges
                0x00000538       0x20 build/Trinket_USB_2/production/_ext/1189347772/interrupts.o
 .debug_aranges
                0x00000558       0x28 build/Trinket_USB_2/production/_ext/1189347772/exceptions.o
 .debug_aranges
                0x00000580       0x28 build/Trinket_USB_2/production/_ext/1189347772/startup_xc32.o
 .debug_aranges
                0x000005a8       0x18 build/Trinket_USB_2/production/_ext/1189347772/usb_device_init_data.o
 .debug_aranges
                0x000005c0       0x20 build/Trinket_USB_2/production/_ext/1189347772/tasks.o
 .debug_aranges
                0x000005e0       0x20 build/Trinket_USB_2/production/_ext/1360937237/main.o
 .debug_aranges
                0x00000600       0x40 build/Trinket_USB_2/production/_ext/1360937237/app_usb.o
 .debug_aranges
                0x00000640       0x78 build/Trinket_USB_2/production/_ext/1390003407/plib_tc3.o
 .debug_aranges
                0x000006b8      0x130 build/Trinket_USB_2/production/_ext/1909065425/sys_time.o
 .debug_aranges
                0x000007e8       0x30 build/Trinket_USB_2/production/_ext/1360937237/app_sensor.o
 .debug_aranges
                0x00000818       0x20 c:/program files/microchip/xc32/v4.00/bin/bin/../../lib/gcc/pic32c/8.3.1/../../../../pic32c/lib/thumb/v6-m/nofp\libpic32c.a(data_init.o)
 .debug_aranges
                0x00000838       0x28 c:/program files/microchip/xc32/v4.00/bin/bin/../../lib/gcc/pic32c/8.3.1/../../../../pic32c/lib/thumb/v6-m/nofp\libc-musl.a(__libc_start_main.o)
 .debug_aranges
                0x00000860       0x18 c:/program files/microchip/xc32/v4.00/bin/bin/../../lib/gcc/pic32c/8.3.1/../../../../pic32c/lib/thumb/v6-m/nofp\libc-musl.a(libc.o)
 .debug_aranges
                0x00000878       0x20 c:/program files/microchip/xc32/v4.00/bin/bin/../../lib/gcc/pic32c/8.3.1/../../../../pic32c/lib/thumb/v6-m/nofp\libc-musl.a(memcpy.o)
 .debug_aranges
                0x00000898       0x20 c:/program files/microchip/xc32/v4.00/bin/bin/../../lib/gcc/pic32c/8.3.1/../../../../pic32c/lib/thumb/v6-m/nofp\libc-musl.a(memset.o)
 .debug_aranges
                0x000008b8       0x18 c:/program files/microchip/xc32/v4.00/bin/bin/../../lib/gcc/pic32c/8.3.1/../../../../pic32c/lib/thumb/v6-m/nofp\libc-musl.a(__environ.o)
 .debug_aranges
                0x000008d0       0x20 c:/program files/microchip/xc32/v4.00/bin/bin/../../lib/gcc/pic32c/8.3.1/thumb/v6-m/nofp\libgcc.a(_udivsi3.o)
 .debug_aranges
                0x000008f0       0x20 c:/program files/microchip/xc32/v4.00/bin/bin/../../lib/gcc/pic32c/8.3.1/thumb/v6-m/nofp\libgcc.a(_divsi3.o)
 .debug_aranges
                0x00000910       0x20 c:/program files/microchip/xc32/v4.00/bin/bin/../../lib/gcc/pic32c/8.3.1/thumb/v6-m/nofp\libgcc.a(_dvmd_tls.o)
 .debug_aranges
                0x00000930       0x20 c:/program files/microchip/xc32/v4.00/bin/bin/../../lib/gcc/pic32c/8.3.1/thumb/v6-m/nofp\libgcc.a(_aeabi_uldivmod.o)
 .debug_aranges
                0x00000950       0x20 c:/program files/microchip/xc32/v4.00/bin/bin/../../lib/gcc/pic32c/8.3.1/thumb/v6-m/nofp\libgcc.a(_muldi3.o)
 .debug_aranges
                0x00000970       0x20 c:/program files/microchip/xc32/v4.00/bin/bin/../../lib/gcc/pic32c/8.3.1/thumb/v6-m/nofp\libgcc.a(_udivmoddi4.o)
 .debug_aranges
                0x00000990       0x20 c:/program files/microchip/xc32/v4.00/bin/bin/../../lib/gcc/pic32c/8.3.1/thumb/v6-m/nofp\libgcc.a(_clzdi2.o)
 .debug_aranges
                0x000009b0       0x20 c:/program files/microchip/xc32/v4.00/bin/bin/../../lib/gcc/pic32c/8.3.1/thumb/v6-m/nofp\libgcc.a(_clzsi2.o)

.debug_ranges   0x00000000      0x900
 .debug_ranges  0x00000000       0x70 build/Trinket_USB_2/production/_ext/2108104030/drv_usbfsv1.o
 .debug_ranges  0x00000070      0x168 build/Trinket_USB_2/production/_ext/2108104030/drv_usbfsv1_device.o
 .debug_ranges  0x000001d8       0x28 build/Trinket_USB_2/production/_ext/1796475310/plib_clock.o
 .debug_ranges  0x00000200       0x10 build/Trinket_USB_2/production/_ext/1798624796/plib_evsys.o
 .debug_ranges  0x00000210       0x28 build/Trinket_USB_2/production/_ext/58287938/plib_nvic.o
 .debug_ranges  0x00000238       0x60 build/Trinket_USB_2/production/_ext/1292982576/plib_nvmctrl.o
 .debug_ranges  0x00000298       0x60 build/Trinket_USB_2/production/_ext/58341089/plib_port.o
 .debug_ranges  0x000002f8       0x48 build/Trinket_USB_2/production/_ext/1961919639/sys_int.o
 .debug_ranges  0x00000340      0x190 build/Trinket_USB_2/production/_ext/1390297478/usb_device.o
 .debug_ranges  0x000004d0       0xc0 build/Trinket_USB_2/production/_ext/1390297478/usb_device_cdc.o
 .debug_ranges  0x00000590       0x10 build/Trinket_USB_2/production/_ext/1390297478/usb_device_cdc_acm.o
 .debug_ranges  0x000005a0       0x10 build/Trinket_USB_2/production/_ext/1189347772/initialization.o
 .debug_ranges  0x000005b0       0x10 build/Trinket_USB_2/production/_ext/1189347772/interrupts.o
 .debug_ranges  0x000005c0       0x18 build/Trinket_USB_2/production/_ext/1189347772/exceptions.o
 .debug_ranges  0x000005d8       0x18 build/Trinket_USB_2/production/_ext/1189347772/startup_xc32.o
 .debug_ranges  0x000005f0       0x10 build/Trinket_USB_2/production/_ext/1189347772/tasks.o
 .debug_ranges  0x00000600       0x10 build/Trinket_USB_2/production/_ext/1360937237/main.o
 .debug_ranges  0x00000610       0x30 build/Trinket_USB_2/production/_ext/1360937237/app_usb.o
 .debug_ranges  0x00000640       0x68 build/Trinket_USB_2/production/_ext/1390003407/plib_tc3.o
 .debug_ranges  0x000006a8      0x1a8 build/Trinket_USB_2/production/_ext/1909065425/sys_time.o
 .debug_ranges  0x00000850       0x20 build/Trinket_USB_2/production/_ext/1360937237/app_sensor.o
 .debug_ranges  0x00000870       0x10 c:/program files/microchip/xc32/v4.00/bin/bin/../../lib/gcc/pic32c/8.3.1/../../../../pic32c/lib/thumb/v6-m/nofp\libpic32c.a(data_init.o)
 .debug_ranges  0x00000880       0x30 c:/program files/microchip/xc32/v4.00/bin/bin/../../lib/gcc/pic32c/8.3.1/../../../../pic32c/lib/thumb/v6-m/nofp\libc-musl.a(__libc_start_main.o)
 .debug_ranges  0x000008b0       0x10 c:/program files/microchip/xc32/v4.00/bin/bin/../../lib/gcc/pic32c/8.3.1/../../../../pic32c/lib/thumb/v6-m/nofp\libc-musl.a(memcpy.o)
 .debug_ranges  0x000008c0       0x10 c:/program files/microchip/xc32/v4.00/bin/bin/../../lib/gcc/pic32c/8.3.1/../../../../pic32c/lib/thumb/v6-m/nofp\libc-musl.a(memset.o)
 .debug_ranges  0x000008d0       0x30 c:/program files/microchip/xc32/v4.00/bin/bin/../../lib/gcc/pic32c/8.3.1/thumb/v6-m/nofp\libgcc.a(_muldi3.o)

.debug_line     0x00000000     0xaaa0
 .debug_line    0x00000000      0x9b8 build/Trinket_USB_2/production/_ext/2108104030/drv_usbfsv1.o
 .debug_line    0x000009b8     0x1eeb build/Trinket_USB_2/production/_ext/2108104030/drv_usbfsv1_device.o
 .debug_line    0x000028a3      0x1e9 build/Trinket_USB_2/production/_ext/1796475310/plib_clock.o
 .debug_line    0x00002a8c       0x6c build/Trinket_USB_2/production/_ext/1798624796/plib_evsys.o
 .debug_line    0x00002af8      0x2e8 build/Trinket_USB_2/production/_ext/58287938/plib_nvic.o
 .debug_line    0x00002de0      0x2f0 build/Trinket_USB_2/production/_ext/1292982576/plib_nvmctrl.o
 .debug_line    0x000030d0      0x2b0 build/Trinket_USB_2/production/_ext/58341089/plib_port.o
 .debug_line    0x00003380      0x2d7 build/Trinket_USB_2/production/_ext/1961919639/sys_int.o
 .debug_line    0x00003657     0x18f2 build/Trinket_USB_2/production/_ext/1390297478/usb_device.o
 .debug_line    0x00004f49      0xcd8 build/Trinket_USB_2/production/_ext/1390297478/usb_device_cdc.o
 .debug_line    0x00005c21      0x252 build/Trinket_USB_2/production/_ext/1390297478/usb_device_cdc_acm.o
 .debug_line    0x00005e73      0x5b3 build/Trinket_USB_2/production/_ext/1189347772/initialization.o
 .debug_line    0x00006426      0x365 build/Trinket_USB_2/production/_ext/1189347772/interrupts.o
 .debug_line    0x0000678b      0x366 build/Trinket_USB_2/production/_ext/1189347772/exceptions.o
 .debug_line    0x00006af1      0x15f build/Trinket_USB_2/production/_ext/1189347772/startup_xc32.o
 .debug_line    0x00006c50      0x352 build/Trinket_USB_2/production/_ext/1189347772/usb_device_init_data.o
 .debug_line    0x00006fa2      0x378 build/Trinket_USB_2/production/_ext/1189347772/tasks.o
 .debug_line    0x0000731a      0x354 build/Trinket_USB_2/production/_ext/1360937237/main.o
 .debug_line    0x0000766e      0x6ff build/Trinket_USB_2/production/_ext/1360937237/app_usb.o
 .debug_line    0x00007d6d      0x340 build/Trinket_USB_2/production/_ext/1390003407/plib_tc3.o
 .debug_line    0x000080ad     0x12a6 build/Trinket_USB_2/production/_ext/1909065425/sys_time.o
 .debug_line    0x00009353      0x46e build/Trinket_USB_2/production/_ext/1360937237/app_sensor.o
 .debug_line    0x000097c1      0x132 c:/program files/microchip/xc32/v4.00/bin/bin/../../lib/gcc/pic32c/8.3.1/../../../../pic32c/lib/thumb/v6-m/nofp\libpic32c.a(data_init.o)
 .debug_line    0x000098f3      0x241 c:/program files/microchip/xc32/v4.00/bin/bin/../../lib/gcc/pic32c/8.3.1/../../../../pic32c/lib/thumb/v6-m/nofp\libc-musl.a(__libc_start_main.o)
 .debug_line    0x00009b34      0x132 c:/program files/microchip/xc32/v4.00/bin/bin/../../lib/gcc/pic32c/8.3.1/../../../../pic32c/lib/thumb/v6-m/nofp\libc-musl.a(libc.o)
 .debug_line    0x00009c66       0xf5 c:/program files/microchip/xc32/v4.00/bin/bin/../../lib/gcc/pic32c/8.3.1/../../../../pic32c/lib/thumb/v6-m/nofp\libc-musl.a(memcpy.o)
 .debug_line    0x00009d5b       0xe9 c:/program files/microchip/xc32/v4.00/bin/bin/../../lib/gcc/pic32c/8.3.1/../../../../pic32c/lib/thumb/v6-m/nofp\libc-musl.a(memset.o)
 .debug_line    0x00009e44      0x19f c:/program files/microchip/xc32/v4.00/bin/bin/../../lib/gcc/pic32c/8.3.1/../../../../pic32c/lib/thumb/v6-m/nofp\libc-musl.a(__environ.o)
 .debug_line    0x00009fe3       0xa8 c:/program files/microchip/xc32/v4.00/bin/bin/../../lib/gcc/pic32c/8.3.1/thumb/v6-m/nofp\libgcc.a(_udivsi3.o)
 .debug_line    0x0000a08b       0xaf c:/program files/microchip/xc32/v4.00/bin/bin/../../lib/gcc/pic32c/8.3.1/thumb/v6-m/nofp\libgcc.a(_divsi3.o)
 .debug_line    0x0000a13a       0x9c c:/program files/microchip/xc32/v4.00/bin/bin/../../lib/gcc/pic32c/8.3.1/thumb/v6-m/nofp\libgcc.a(_dvmd_tls.o)
 .debug_line    0x0000a1d6       0xa7 c:/program files/microchip/xc32/v4.00/bin/bin/../../lib/gcc/pic32c/8.3.1/thumb/v6-m/nofp\libgcc.a(_aeabi_uldivmod.o)
 .debug_line    0x0000a27d      0x2f6 c:/program files/microchip/xc32/v4.00/bin/bin/../../lib/gcc/pic32c/8.3.1/thumb/v6-m/nofp\libgcc.a(_muldi3.o)
 .debug_line    0x0000a573      0x3d7 c:/program files/microchip/xc32/v4.00/bin/bin/../../lib/gcc/pic32c/8.3.1/thumb/v6-m/nofp\libgcc.a(_udivmoddi4.o)
 .debug_line    0x0000a94a       0xa6 c:/program files/microchip/xc32/v4.00/bin/bin/../../lib/gcc/pic32c/8.3.1/thumb/v6-m/nofp\libgcc.a(_clzdi2.o)
 .debug_line    0x0000a9f0       0xb0 c:/program files/microchip/xc32/v4.00/bin/bin/../../lib/gcc/pic32c/8.3.1/thumb/v6-m/nofp\libgcc.a(_clzsi2.o)

.debug_str      0x00000000     0x1bda
 .debug_str     0x00000000      0x325 build/Trinket_USB_2/production/_ext/2108104030/drv_usbfsv1.o
 .debug_str     0x00000325      0x2f4 build/Trinket_USB_2/production/_ext/2108104030/drv_usbfsv1_device.o
 .debug_str     0x00000619       0x28 build/Trinket_USB_2/production/_ext/1796475310/plib_clock.o
 .debug_str     0x00000641        0x0 build/Trinket_USB_2/production/_ext/1798624796/plib_evsys.o
 .debug_str     0x00000641        0xa build/Trinket_USB_2/production/_ext/58287938/plib_nvic.o
 .debug_str     0x0000064b       0x11 build/Trinket_USB_2/production/_ext/1292982576/plib_nvmctrl.o
 .debug_str     0x0000065c        0xb build/Trinket_USB_2/production/_ext/58341089/plib_port.o
 .debug_str     0x00000667       0x32 build/Trinket_USB_2/production/_ext/1961919639/sys_int.o
 .debug_str     0x00000699      0x2cc build/Trinket_USB_2/production/_ext/1390297478/usb_device.o
 .debug_str     0x00000965      0x1f5 build/Trinket_USB_2/production/_ext/1390297478/usb_device_cdc.o
 .debug_str     0x00000b5a       0x27 build/Trinket_USB_2/production/_ext/1390297478/usb_device_cdc_acm.o
 .debug_str     0x00000b81      0x28a build/Trinket_USB_2/production/_ext/1189347772/initialization.o
 .debug_str     0x00000e0b       0x9c build/Trinket_USB_2/production/_ext/1189347772/interrupts.o
 .debug_str     0x00000ea7       0x9c build/Trinket_USB_2/production/_ext/1189347772/exceptions.o
 .debug_str     0x00000f43       0x2f build/Trinket_USB_2/production/_ext/1189347772/startup_xc32.o
 .debug_str     0x00000f72       0xd9 build/Trinket_USB_2/production/_ext/1189347772/usb_device_init_data.o
 .debug_str     0x0000104b       0xde build/Trinket_USB_2/production/_ext/1189347772/tasks.o
 .debug_str     0x00001129       0xb5 build/Trinket_USB_2/production/_ext/1360937237/main.o
 .debug_str     0x000011de      0x1c9 build/Trinket_USB_2/production/_ext/1360937237/app_usb.o
 .debug_str     0x000013a7       0xa7 build/Trinket_USB_2/production/_ext/1390003407/plib_tc3.o
 .debug_str     0x0000144e      0x140 build/Trinket_USB_2/production/_ext/1909065425/sys_time.o
 .debug_str     0x0000158e       0xb8 build/Trinket_USB_2/production/_ext/1360937237/app_sensor.o
 .debug_str     0x00001646        0x0 c:/program files/microchip/xc32/v4.00/bin/bin/../../lib/gcc/pic32c/8.3.1/../../../../pic32c/lib/thumb/v6-m/nofp\libpic32c.a(data_init.o)
 .debug_str     0x00001646        0x0 c:/program files/microchip/xc32/v4.00/bin/bin/../../lib/gcc/pic32c/8.3.1/../../../../pic32c/lib/thumb/v6-m/nofp\libc-musl.a(__libc_start_main.o)
 .debug_str     0x00001646        0x0 c:/program files/microchip/xc32/v4.00/bin/bin/../../lib/gcc/pic32c/8.3.1/../../../../pic32c/lib/thumb/v6-m/nofp\libc-musl.a(libc.o)
 .debug_str     0x00001646        0x0 c:/program files/microchip/xc32/v4.00/bin/bin/../../lib/gcc/pic32c/8.3.1/../../../../pic32c/lib/thumb/v6-m/nofp\libc-musl.a(memcpy.o)
 .debug_str     0x00001646        0x0 c:/program files/microchip/xc32/v4.00/bin/bin/../../lib/gcc/pic32c/8.3.1/../../../../pic32c/lib/thumb/v6-m/nofp\libc-musl.a(memset.o)
 .debug_str     0x00001646        0x0 c:/program files/microchip/xc32/v4.00/bin/bin/../../lib/gcc/pic32c/8.3.1/../../../../pic32c/lib/thumb/v6-m/nofp\libc-musl.a(__environ.o)
 .debug_str     0x00001646       0xee c:/program files/microchip/xc32/v4.00/bin/bin/../../lib/gcc/pic32c/8.3.1/thumb/v6-m/nofp\libgcc.a(_udivsi3.o)
 .debug_str     0x00001734       0xee c:/program files/microchip/xc32/v4.00/bin/bin/../../lib/gcc/pic32c/8.3.1/thumb/v6-m/nofp\libgcc.a(_divsi3.o)
 .debug_str     0x00001822       0xee c:/program files/microchip/xc32/v4.00/bin/bin/../../lib/gcc/pic32c/8.3.1/thumb/v6-m/nofp\libgcc.a(_dvmd_tls.o)
 .debug_str     0x00001910       0xee c:/program files/microchip/xc32/v4.00/bin/bin/../../lib/gcc/pic32c/8.3.1/thumb/v6-m/nofp\libgcc.a(_aeabi_uldivmod.o)
 .debug_str     0x000019fe        0x0 c:/program files/microchip/xc32/v4.00/bin/bin/../../lib/gcc/pic32c/8.3.1/thumb/v6-m/nofp\libgcc.a(_muldi3.o)
 .debug_str     0x000019fe        0x0 c:/program files/microchip/xc32/v4.00/bin/bin/../../lib/gcc/pic32c/8.3.1/thumb/v6-m/nofp\libgcc.a(_udivmoddi4.o)
 .debug_str     0x000019fe       0xee c:/program files/microchip/xc32/v4.00/bin/bin/../../lib/gcc/pic32c/8.3.1/thumb/v6-m/nofp\libgcc.a(_clzdi2.o)
 .debug_str     0x00001aec       0xee c:/program files/microchip/xc32/v4.00/bin/bin/../../lib/gcc/pic32c/8.3.1/thumb/v6-m/nofp\libgcc.a(_clzsi2.o)

.debug_frame    0x00000000     0x1460
 .debug_frame   0x00000000      0x128 build/Trinket_USB_2/production/_ext/2108104030/drv_usbfsv1.o
 .debug_frame   0x00000128      0x21c build/Trinket_USB_2/production/_ext/2108104030/drv_usbfsv1_device.o
 .debug_frame   0x00000344       0x20 build/Trinket_USB_2/production/_ext/1796475310/plib_clock.o
 .debug_frame   0x00000364       0x20 build/Trinket_USB_2/production/_ext/1798624796/plib_evsys.o
 .debug_frame   0x00000384       0x50 build/Trinket_USB_2/production/_ext/58287938/plib_nvic.o
 .debug_frame   0x000003d4       0xd4 build/Trinket_USB_2/production/_ext/1292982576/plib_nvmctrl.o
 .debug_frame   0x000004a8       0xcc build/Trinket_USB_2/production/_ext/58341089/plib_port.o
 .debug_frame   0x00000574       0x84 build/Trinket_USB_2/production/_ext/1961919639/sys_int.o
 .debug_frame   0x000005f8      0x524 build/Trinket_USB_2/production/_ext/1390297478/usb_device.o
 .debug_frame   0x00000b1c      0x174 build/Trinket_USB_2/production/_ext/1390297478/usb_device_cdc.o
 .debug_frame   0x00000c90       0x28 build/Trinket_USB_2/production/_ext/1390297478/usb_device_cdc_acm.o
 .debug_frame   0x00000cb8       0x28 build/Trinket_USB_2/production/_ext/1189347772/initialization.o
 .debug_frame   0x00000ce0       0x20 build/Trinket_USB_2/production/_ext/1189347772/interrupts.o
 .debug_frame   0x00000d00       0x30 build/Trinket_USB_2/production/_ext/1189347772/exceptions.o
 .debug_frame   0x00000d30       0x38 build/Trinket_USB_2/production/_ext/1189347772/startup_xc32.o
 .debug_frame   0x00000d68       0x28 build/Trinket_USB_2/production/_ext/1189347772/tasks.o
 .debug_frame   0x00000d90       0x28 build/Trinket_USB_2/production/_ext/1360937237/main.o
 .debug_frame   0x00000db8       0x84 build/Trinket_USB_2/production/_ext/1360937237/app_usb.o
 .debug_frame   0x00000e3c       0xd8 build/Trinket_USB_2/production/_ext/1390003407/plib_tc3.o
 .debug_frame   0x00000f14      0x3a0 build/Trinket_USB_2/production/_ext/1909065425/sys_time.o
 .debug_frame   0x000012b4       0x48 build/Trinket_USB_2/production/_ext/1360937237/app_sensor.o
 .debug_frame   0x000012fc       0x34 c:/program files/microchip/xc32/v4.00/bin/bin/../../lib/gcc/pic32c/8.3.1/../../../../pic32c/lib/thumb/v6-m/nofp\libpic32c.a(data_init.o)
 .debug_frame   0x00001330       0x38 c:/program files/microchip/xc32/v4.00/bin/bin/../../lib/gcc/pic32c/8.3.1/../../../../pic32c/lib/thumb/v6-m/nofp\libc-musl.a(__libc_start_main.o)
 .debug_frame   0x00001368       0x28 c:/program files/microchip/xc32/v4.00/bin/bin/../../lib/gcc/pic32c/8.3.1/../../../../pic32c/lib/thumb/v6-m/nofp\libc-musl.a(memcpy.o)
 .debug_frame   0x00001390       0x20 c:/program files/microchip/xc32/v4.00/bin/bin/../../lib/gcc/pic32c/8.3.1/../../../../pic32c/lib/thumb/v6-m/nofp\libc-musl.a(memset.o)
 .debug_frame   0x000013b0       0x20 c:/program files/microchip/xc32/v4.00/bin/bin/../../lib/gcc/pic32c/8.3.1/thumb/v6-m/nofp\libgcc.a(_udivsi3.o)
 .debug_frame   0x000013d0       0x20 c:/program files/microchip/xc32/v4.00/bin/bin/../../lib/gcc/pic32c/8.3.1/thumb/v6-m/nofp\libgcc.a(_divsi3.o)
 .debug_frame   0x000013f0       0x34 c:/program files/microchip/xc32/v4.00/bin/bin/../../lib/gcc/pic32c/8.3.1/thumb/v6-m/nofp\libgcc.a(_muldi3.o)
 .debug_frame   0x00001424       0x3c c:/program files/microchip/xc32/v4.00/bin/bin/../../lib/gcc/pic32c/8.3.1/thumb/v6-m/nofp\libgcc.a(_udivmoddi4.o)

.note.GNU-stack
                0x00000000        0x0
 .note.GNU-stack
                0x00000000        0x0 c:/program files/microchip/xc32/v4.00/bin/bin/../../lib/gcc/pic32c/8.3.1/../../../../pic32c/lib/thumb/v6-m/nofp\libc-musl.a(__libc_start_main.o)
 .note.GNU-stack
                0x00000000        0x0 c:/program files/microchip/xc32/v4.00/bin/bin/../../lib/gcc/pic32c/8.3.1/../../../../pic32c/lib/thumb/v6-m/nofp\libc-musl.a(libc.o)
 .note.GNU-stack
                0x00000000        0x0 c:/program files/microchip/xc32/v4.00/bin/bin/../../lib/gcc/pic32c/8.3.1/../../../../pic32c/lib/thumb/v6-m/nofp\libc-musl.a(memcpy.o)
 .note.GNU-stack
                0x00000000        0x0 c:/program files/microchip/xc32/v4.00/bin/bin/../../lib/gcc/pic32c/8.3.1/../../../../pic32c/lib/thumb/v6-m/nofp\libc-musl.a(memset.o)
 .note.GNU-stack
                0x00000000        0x0 c:/program files/microchip/xc32/v4.00/bin/bin/../../lib/gcc/pic32c/8.3.1/../../../../pic32c/lib/thumb/v6-m/nofp\libc-musl.a(__environ.o)

.stack          0x20000ba0      0x100
 .stack         0x20000ba0      0x100 stack

.bss.cdcReadBuffer%1
                0x20000000      0x200
 .bss.cdcReadBuffer
                0x20000000      0x200 build/Trinket_USB_2/production/_ext/1360937237/app_usb.o
                0x20000000                cdcReadBuffer

.bss.cdcWriteBuffer%2
                0x20000200      0x200
 .bss.cdcWriteBuffer
                0x20000200      0x200 build/Trinket_USB_2/production/_ext/1360937237/app_usb.o
                0x20000200                cdcWriteBuffer

.bss.gDrvUSBObj%3
                0x20000400      0x134
 .bss.gDrvUSBObj
                0x20000400      0x134 build/Trinket_USB_2/production/_ext/2108104030/drv_usbfsv1.o
                0x20000400                gDrvUSBObj

.bss.usbDeviceInstance%4
                0x20000534       0xec
 .bss.usbDeviceInstance
                0x20000534       0xec build/Trinket_USB_2/production/_ext/1390297478/usb_device.o

.bss.timers%5   0x20000620       0xa0
 .bss.timers    0x20000620       0xa0 build/Trinket_USB_2/production/_ext/1909065425/sys_time.o

.bss.gUSBDeviceCDCIRP%6
                0x200006c0       0x6c
 .bss.gUSBDeviceCDCIRP
                0x200006c0       0x6c build/Trinket_USB_2/production/_ext/1390297478/usb_device_cdc.o
                0x200006c0                gUSBDeviceCDCIRP

.data.gDrvUSBFSV1DeviceInterface%7
                0x2000072c       0x50
 .data.gDrvUSBFSV1DeviceInterface
                0x2000072c       0x50 build/Trinket_USB_2/production/_ext/2108104030/drv_usbfsv1_device.o
                0x2000072c                gDrvUSBFSV1DeviceInterface

.bss%8          0x2000077c       0x50
 .bss           0x2000077c       0x50 c:/program files/microchip/xc32/v4.00/bin/bin/../../lib/gcc/pic32c/8.3.1/../../../../pic32c/lib/thumb/v6-m/nofp\libc-musl.a(libc.o)
                0x2000077c                __progname_full
                0x2000077c                program_invocation_name
                0x20000780                program_invocation_short_name
                0x20000780                __progname
                0x20000784                __sysinfo
                0x20000788                __hwcap
                0x2000078c                __libc

.bss.gUSBDeviceCDCInstance%9
                0x200007cc       0x44
 .bss.gUSBDeviceCDCInstance
                0x200007cc       0x44 build/Trinket_USB_2/production/_ext/1390297478/usb_device_cdc.o
                0x200007cc                gUSBDeviceCDCInstance

.bss.gDrvEP0BufferBank0%10
                0x20000810       0x40
 .bss.gDrvEP0BufferBank0
                0x20000810       0x40 build/Trinket_USB_2/production/_ext/2108104030/drv_usbfsv1_device.o
                0x20000810                gDrvEP0BufferBank0

.bss.gDrvEP0BufferBank1%11
                0x20000850       0x40
 .bss.gDrvEP0BufferBank1
                0x20000850       0x40 build/Trinket_USB_2/production/_ext/2108104030/drv_usbfsv1_device.o
                0x20000850                gDrvEP0BufferBank1

.bss.app_usbData%12
                0x20000890       0x3c
 .bss.app_usbData
                0x20000890       0x3c build/Trinket_USB_2/production/_ext/1360937237/app_usb.o
                0x20000890                app_usbData

.bss.gSystemCounterObj%13
                0x200008cc       0x38
 .bss.gSystemCounterObj
                0x200008cc       0x38 build/Trinket_USB_2/production/_ext/1909065425/sys_time.o

.bss.gDrvUSBEndpointObjects%14
                0x20000904       0x30
 .bss.gDrvUSBEndpointObjects
                0x20000904       0x30 build/Trinket_USB_2/production/_ext/2108104030/drv_usbfsv1_device.o
                0x20000904                gDrvUSBEndpointObjects

.bss%15         0x20000934       0x1c
 .bss           0x20000934       0x1c c:/program files/microchip/xc32/v4.00/bin/bin/../../lib/gcc/pic32c/8.3.1/thumb/v6-m/nofp/crtbegin.o

.bss.sysObj%16  0x20000950        0xc
 .bss.sysObj    0x20000950        0xc build/Trinket_USB_2/production/_ext/1189347772/initialization.o
                0x20000950                sysObj

.bss.app_sensorData%17
                0x2000095c        0xc
 .bss.app_sensorData
                0x2000095c        0xc build/Trinket_USB_2/production/_ext/1360937237/app_sensor.o
                0x2000095c                app_sensorData

.bss.gUSBDeviceCDCSerialStateResponse%18
                0x20000968        0xa
 .bss.gUSBDeviceCDCSerialStateResponse
                0x20000968        0xa build/Trinket_USB_2/production/_ext/1390297478/usb_device_cdc.o
                0x20000968                gUSBDeviceCDCSerialStateResponse

.bss.TC3_CallbackObject%19
                0x20000974        0x8
 .bss.TC3_CallbackObject
                0x20000974        0x8 build/Trinket_USB_2/production/_ext/1390003407/plib_tc3.o
                0x20000974                TC3_CallbackObject

.bss%20         0x2000097c        0x8
 .bss           0x2000097c        0x4 c:/program files/microchip/xc32/v4.00/bin/bin/../../lib/gcc/pic32c/8.3.1/../../../../pic32c/lib/thumb/v6-m/nofp\libpic32c.a(data_init.o)
 .bss           0x20000980        0x4 c:/program files/microchip/xc32/v4.00/bin/bin/../../lib/gcc/pic32c/8.3.1/../../../../pic32c/lib/thumb/v6-m/nofp\libc-musl.a(__environ.o)
                0x20000980                __environ
                0x20000980                environ
                0x20000980                ___environ
                0x20000980                _environ

.bss.gUSBDeviceCdcCommonDataObj%22
                0x20000984        0x2
 .bss.gUSBDeviceCdcCommonDataObj
                0x20000984        0x2 build/Trinket_USB_2/production/_ext/1390297478/usb_device_cdc.o
                0x20000984                gUSBDeviceCdcCommonDataObj

.data.gSysTimeTokenCount%23
                0x20000972        0x2
 .data.gSysTimeTokenCount
                0x20000972        0x2 build/Trinket_USB_2/production/_ext/1909065425/sys_time.o

.eh_frame%z1    0x00000000        0x0
 .eh_frame      0x00000000        0x0 c:/program files/microchip/xc32/v4.00/bin/bin/../../lib/gcc/pic32c/8.3.1/thumb/v6-m/nofp/crtbegin.o

.config_00804000.__config_00804000%24
                0x00804000        0x4
 .config_00804000.__config_00804000
                0x00804000        0x4 build/Trinket_USB_2/production/_ext/1189347772/initialization.o
                0x00804000                __config_00804000

.config_00804004.__config_00804004%25
                0x00804004        0x4
 .config_00804004.__config_00804004
                0x00804004        0x4 build/Trinket_USB_2/production/_ext/1189347772/initialization.o
                0x00804004                __config_00804004

.text._DRV_USBFSV1_DEVICE_Tasks_ISR%26
                0x000000d8      0x628
 .text._DRV_USBFSV1_DEVICE_Tasks_ISR
                0x000000d8      0x628 build/Trinket_USB_2/production/_ext/2108104030/drv_usbfsv1_device.o
                0x000000d8                _DRV_USBFSV1_DEVICE_Tasks_ISR

.text.DRV_USBFSV1_DEVICE_IRPSubmit%27
                0x00000700      0x3d4
 .text.DRV_USBFSV1_DEVICE_IRPSubmit
                0x00000700      0x3d4 build/Trinket_USB_2/production/_ext/2108104030/drv_usbfsv1_device.o
                0x00000700                DRV_USBFSV1_DEVICE_IRPSubmit

.text%28        0x00000ad4      0x1d4
 .text          0x00000ad4      0x1d4 c:/program files/microchip/xc32/v4.00/bin/bin/../../lib/gcc/pic32c/8.3.1/thumb/v6-m/nofp\libgcc.a(_divsi3.o)
                0x00000ad4                __divsi3
                0x00000ad4                __aeabi_idiv
                0x00000ca0                __aeabi_idivmod

.text.APP_USB_Tasks%29
                0x00000ca8      0x1a8
 .text.APP_USB_Tasks
                0x00000ca8      0x1a8 build/Trinket_USB_2/production/_ext/1360937237/app_usb.o
                0x00000ca8                APP_USB_Tasks

.text%30        0x00000e50      0x1a4
 .text          0x00000e50      0x1a4 c:/program files/microchip/xc32/v4.00/bin/bin/../../lib/gcc/pic32c/8.3.1/thumb/v6-m/nofp\libgcc.a(_udivmoddi4.o)
                0x00000e50                __udivmoddi4

.text.DRV_USBFSV1_DEVICE_EndpointEnable%31
                0x00000ff4      0x194
 .text.DRV_USBFSV1_DEVICE_EndpointEnable
                0x00000ff4      0x194 build/Trinket_USB_2/production/_ext/2108104030/drv_usbfsv1_device.o
                0x00000ff4                DRV_USBFSV1_DEVICE_EndpointEnable

.text.DRV_USBFSV1_DEVICE_EndpointDisable%32
                0x00001188      0x180
 .text.DRV_USBFSV1_DEVICE_EndpointDisable
                0x00001188      0x180 build/Trinket_USB_2/production/_ext/2108104030/drv_usbfsv1_device.o
                0x00001188                DRV_USBFSV1_DEVICE_EndpointDisable

.dinit%33       0x00001308      0x170
 .dinit         0x00001308      0x170 data_init

.text._USB_DEVICE_ProcessStandardDeviceSetRequests%34
                0x00001478      0x142
 .text._USB_DEVICE_ProcessStandardDeviceSetRequests
                0x00001478      0x142 build/Trinket_USB_2/production/_ext/1390297478/usb_device.o
                0x00001478                _USB_DEVICE_ProcessStandardDeviceSetRequests

.text.USB_DEVICE_CDC_Write%35
                0x000015bc      0x130
 .text.USB_DEVICE_CDC_Write
                0x000015bc      0x130 build/Trinket_USB_2/production/_ext/1390297478/usb_device_cdc.o
                0x000015bc                USB_DEVICE_CDC_Write

.text.DRV_USBFSV1_Initialize%36
                0x000016ec      0x124
 .text.DRV_USBFSV1_Initialize
                0x000016ec      0x124 build/Trinket_USB_2/production/_ext/2108104030/drv_usbfsv1.o
                0x000016ec                DRV_USBFSV1_Initialize

.text.DRV_USBFSV1_DEVICE_EndpointStallClear%37
                0x00001810      0x120
 .text.DRV_USBFSV1_DEVICE_EndpointStallClear
                0x00001810      0x120 build/Trinket_USB_2/production/_ext/2108104030/drv_usbfsv1_device.o
                0x00001810                DRV_USBFSV1_DEVICE_EndpointStallClear

.text._USB_DEVICE_ControlTransferHandler%38
                0x00001930      0x11c
 .text._USB_DEVICE_ControlTransferHandler
                0x00001930      0x11c build/Trinket_USB_2/production/_ext/1390297478/usb_device.o
                0x00001930                _USB_DEVICE_ControlTransferHandler

.text._USB_DEVICE_EventHandler%39
                0x00001a4c      0x114
 .text._USB_DEVICE_EventHandler
                0x00001a4c      0x114 build/Trinket_USB_2/production/_ext/1390297478/usb_device.o
                0x00001a4c                _USB_DEVICE_EventHandler

.text%40        0x00001b60      0x114
 .text          0x00001b60      0x114 c:/program files/microchip/xc32/v4.00/bin/bin/../../lib/gcc/pic32c/8.3.1/thumb/v6-m/nofp\libgcc.a(_udivsi3.o)
                0x00001b60                __aeabi_uidiv
                0x00001b60                __udivsi3
                0x00001c6c                __aeabi_uidivmod

.text.DRV_USBFSV1_DEVICE_EndpointStall%41
                0x00001c74      0x104
 .text.DRV_USBFSV1_DEVICE_EndpointStall
                0x00001c74      0x104 build/Trinket_USB_2/production/_ext/2108104030/drv_usbfsv1_device.o
                0x00001c74                DRV_USBFSV1_DEVICE_EndpointStall

.text.USB_DEVICE_CDC_Read%42
                0x00001d78      0x100
 .text.USB_DEVICE_CDC_Read
                0x00001d78      0x100 build/Trinket_USB_2/production/_ext/1390297478/usb_device_cdc.o
                0x00001d78                USB_DEVICE_CDC_Read

.text.USB_DEVICE_Initialize%43
                0x00001e78       0xfc
 .text.USB_DEVICE_Initialize
                0x00001e78       0xfc build/Trinket_USB_2/production/_ext/1390297478/usb_device.o
                0x00001e78                USB_DEVICE_Initialize

.text._USB_DEVICE_ProcessStandardDeviceGetRequests%44
                0x00001f74       0xfc
 .text._USB_DEVICE_ProcessStandardDeviceGetRequests
                0x00001f74       0xfc build/Trinket_USB_2/production/_ext/1390297478/usb_device.o
                0x00001f74                _USB_DEVICE_ProcessStandardDeviceGetRequests

.text._USB_DEVICE_Ep0ReceiveCompleteCallback%45
                0x00002070       0xf8
 .text._USB_DEVICE_Ep0ReceiveCompleteCallback
                0x00002070       0xf8 build/Trinket_USB_2/production/_ext/1390297478/usb_device.o
                0x00002070                _USB_DEVICE_Ep0ReceiveCompleteCallback

.text.USB_DEVICE_Tasks%46
                0x00002168       0xe8
 .text.USB_DEVICE_Tasks
                0x00002168       0xe8 build/Trinket_USB_2/production/_ext/1390297478/usb_device.o
                0x00002168                USB_DEVICE_Tasks

.text.SYS_TIME_PLIBCallback%47
                0x00002250       0xe0
 .text.SYS_TIME_PLIBCallback
                0x00002250       0xe0 build/Trinket_USB_2/production/_ext/1909065425/sys_time.o

.text.SYS_TIME_AddToList%48
                0x00002330       0xdc
 .text.SYS_TIME_AddToList
                0x00002330       0xdc build/Trinket_USB_2/production/_ext/1909065425/sys_time.o

.text.DRV_USBFSV1_Tasks%49
                0x0000240c       0xc8
 .text.DRV_USBFSV1_Tasks
                0x0000240c       0xc8 build/Trinket_USB_2/production/_ext/2108104030/drv_usbfsv1.o
                0x0000240c                DRV_USBFSV1_Tasks

.text.SYS_TIME_TimerObjectCreate%50
                0x000024d4       0xc0
 .text.SYS_TIME_TimerObjectCreate
                0x000024d4       0xc0 build/Trinket_USB_2/production/_ext/1909065425/sys_time.o

.text.SYS_TIME_HwTimerCompareUpdate%51
                0x00002594       0xbc
 .text.SYS_TIME_HwTimerCompareUpdate
                0x00002594       0xbc build/Trinket_USB_2/production/_ext/1909065425/sys_time.o

.text._USB_DEVICE_CDC_Initialization%52
                0x00002650       0xb8
 .text._USB_DEVICE_CDC_Initialization
                0x00002650       0xb8 build/Trinket_USB_2/production/_ext/1390297478/usb_device_cdc.o
                0x00002650                _USB_DEVICE_CDC_Initialization

.text.SYS_TIME_Initialize%53
                0x00002708       0xac
 .text.SYS_TIME_Initialize
                0x00002708       0xac build/Trinket_USB_2/production/_ext/1909065425/sys_time.o
                0x00002708                SYS_TIME_Initialize

.text.DRV_USBFSV1_DEVICE_IRPCancel%54
                0x000027b4       0xa4
 .text.DRV_USBFSV1_DEVICE_IRPCancel
                0x000027b4       0xa4 build/Trinket_USB_2/production/_ext/2108104030/drv_usbfsv1_device.o
                0x000027b4                DRV_USBFSV1_DEVICE_IRPCancel

.rodata%55      0x00002858       0xa4
 .rodata        0x00002858       0xa4 build/Trinket_USB_2/production/_ext/1360937237/app_usb.o

.text.DRV_USBFSV1_DEVICE_IRPCancelAll%56
                0x000028fc       0x9c
 .text.DRV_USBFSV1_DEVICE_IRPCancelAll
                0x000028fc       0x9c build/Trinket_USB_2/production/_ext/2108104030/drv_usbfsv1_device.o
                0x000028fc                DRV_USBFSV1_DEVICE_IRPCancelAll

.text.CLOCK_Initialize%57
                0x00002998       0x98
 .text.CLOCK_Initialize
                0x00002998       0x98 build/Trinket_USB_2/production/_ext/1796475310/plib_clock.o
                0x00002998                CLOCK_Initialize

.rodata._USB_DEVICE_CDC_ACMSetUpPacketHandler%58
                0x00002a30       0x90
 .rodata._USB_DEVICE_CDC_ACMSetUpPacketHandler
                0x00002a30       0x90 build/Trinket_USB_2/production/_ext/1390297478/usb_device_cdc_acm.o

.text.__pic32c_data_initialization%59
                0x00002ac0       0x90
 .text.__pic32c_data_initialization
                0x00002ac0       0x90 c:/program files/microchip/xc32/v4.00/bin/bin/../../lib/gcc/pic32c/8.3.1/../../../../pic32c/lib/thumb/v6-m/nofp\libpic32c.a(data_init.o)
                0x00002ac0                __pic32c_data_initialization

.text._USB_DEVICE_GetStringDescriptorRequestProcess%60
                0x00002b50       0x8a
 .text._USB_DEVICE_GetStringDescriptorRequestProcess
                0x00002b50       0x8a build/Trinket_USB_2/production/_ext/1390297478/usb_device.o
                0x00002b50                _USB_DEVICE_GetStringDescriptorRequestProcess

.text.DRV_USBFSV1_DEVICE_Detach%61
                0x00002bdc       0x88
 .text.DRV_USBFSV1_DEVICE_Detach
                0x00002bdc       0x88 build/Trinket_USB_2/production/_ext/2108104030/drv_usbfsv1_device.o
                0x00002bdc                DRV_USBFSV1_DEVICE_Detach

.text._USB_DEVICE_ProcessStandardEndpointRequest%62
                0x00002c64       0x86
 .text._USB_DEVICE_ProcessStandardEndpointRequest
                0x00002c64       0x86 build/Trinket_USB_2/production/_ext/1390297478/usb_device.o
                0x00002c64                _USB_DEVICE_ProcessStandardEndpointRequest

.text.APP_USB_USBDeviceCDCEventHandler%63
                0x00002cec       0x84
 .text.APP_USB_USBDeviceCDCEventHandler
                0x00002cec       0x84 build/Trinket_USB_2/production/_ext/1360937237/app_usb.o
                0x00002cec                APP_USB_USBDeviceCDCEventHandler

.text.DRV_USBFSV1_Tasks_ISR%64
                0x00002d70       0x7c
 .text.DRV_USBFSV1_Tasks_ISR
                0x00002d70       0x7c build/Trinket_USB_2/production/_ext/2108104030/drv_usbfsv1.o
                0x00002d70                DRV_USBFSV1_Tasks_ISR

.text._USB_DEVICE_ConfigureDevice%65
                0x00002dec       0x7c
 .text._USB_DEVICE_ConfigureDevice
                0x00002dec       0x7c build/Trinket_USB_2/production/_ext/1390297478/usb_device.o
                0x00002dec                _USB_DEVICE_ConfigureDevice

.text.APP_USB_USBDeviceEventHandler%66
                0x00002e68       0x7c
 .text.APP_USB_USBDeviceEventHandler
                0x00002e68       0x7c build/Trinket_USB_2/production/_ext/1360937237/app_usb.o
                0x00002e68                APP_USB_USBDeviceEventHandler

.text._USB_DEVICE_CDC_ReadIRPCallback%67
                0x00002ee4       0x70
 .text._USB_DEVICE_CDC_ReadIRPCallback
                0x00002ee4       0x70 build/Trinket_USB_2/production/_ext/1390297478/usb_device_cdc.o
                0x00002ee4                _USB_DEVICE_CDC_ReadIRPCallback

.text._USB_DEVICE_CDC_WriteIRPCallback%68
                0x00002f54       0x70
 .text._USB_DEVICE_CDC_WriteIRPCallback
                0x00002f54       0x70 build/Trinket_USB_2/production/_ext/1390297478/usb_device_cdc.o
                0x00002f54                _USB_DEVICE_CDC_WriteIRPCallback

.text._USB_DEVICE_CDC_ControlTransferHandler%69
                0x00002fc4       0x70
 .text._USB_DEVICE_CDC_ControlTransferHandler
                0x00002fc4       0x70 build/Trinket_USB_2/production/_ext/1390297478/usb_device_cdc.o
                0x00002fc4                _USB_DEVICE_CDC_ControlTransferHandler

.text.APP_SENSOR_Tasks%70
                0x00003034       0x6c
 .text.APP_SENSOR_Tasks
                0x00003034       0x6c build/Trinket_USB_2/production/_ext/1360937237/app_sensor.o
                0x00003034                APP_SENSOR_Tasks

.text._USB_DEVICE_Ep0TransmitCompleteCallback%71
                0x000030a0       0x68
 .text._USB_DEVICE_Ep0TransmitCompleteCallback
                0x000030a0       0x68 build/Trinket_USB_2/production/_ext/1390297478/usb_device.o
                0x000030a0                _USB_DEVICE_Ep0TransmitCompleteCallback

.text._USB_DEVICE_CDC_ACMSetUpPacketHandler%72
                0x00003108       0x68
 .text._USB_DEVICE_CDC_ACMSetUpPacketHandler
                0x00003108       0x68 build/Trinket_USB_2/production/_ext/1390297478/usb_device_cdc_acm.o
                0x00003108                _USB_DEVICE_CDC_ACMSetUpPacketHandler

.text.SYS_Initialize%73
                0x00003170       0x60
 .text.SYS_Initialize
                0x00003170       0x60 build/Trinket_USB_2/production/_ext/1189347772/initialization.o
                0x00003170                SYS_Initialize

.text.SYS_TIME_RemoveFromList%74
                0x000031d0       0x60
 .text.SYS_TIME_RemoveFromList
                0x000031d0       0x60 build/Trinket_USB_2/production/_ext/1909065425/sys_time.o

.text.SYS_TIME_TimerStart%75
                0x00003230       0x60
 .text.SYS_TIME_TimerStart
                0x00003230       0x60 build/Trinket_USB_2/production/_ext/1909065425/sys_time.o
                0x00003230                SYS_TIME_TimerStart

.text.__libc_start_init%76
                0x00003290       0x5c
 .text.__libc_start_init
                0x00003290       0x5c c:/program files/microchip/xc32/v4.00/bin/bin/../../lib/gcc/pic32c/8.3.1/../../../../pic32c/lib/thumb/v6-m/nofp\libc-musl.a(__libc_start_main.o)
                0x00003290                __libc_init_array

.text.SYS_TIME_CallbackRegisterMS%77
                0x000032ec       0x58
 .text.SYS_TIME_CallbackRegisterMS
                0x000032ec       0x58 build/Trinket_USB_2/production/_ext/1909065425/sys_time.o
                0x000032ec                SYS_TIME_CallbackRegisterMS

.text%78        0x00003344       0x54
 .text          0x00003344       0x54 c:/program files/microchip/xc32/v4.00/bin/bin/../../lib/gcc/pic32c/8.3.1/thumb/v6-m/nofp\libgcc.a(_muldi3.o)
                0x00003344                __muldi3
                0x00003344                __aeabi_lmul

.text._USB_DEVICE_ForwardControlXfrToFunction%79
                0x00003398       0x50
 .text._USB_DEVICE_ForwardControlXfrToFunction
                0x00003398       0x50 build/Trinket_USB_2/production/_ext/1390297478/usb_device.o
                0x00003398                _USB_DEVICE_ForwardControlXfrToFunction

.text.APP_USB_Initialize%80
                0x000033e8       0x50
 .text.APP_USB_Initialize
                0x000033e8       0x50 build/Trinket_USB_2/production/_ext/1360937237/app_usb.o
                0x000033e8                APP_USB_Initialize

.text._USB_DEVICE_DeInitializeAllFunctionDrivers%81
                0x00003438       0x4e
 .text._USB_DEVICE_DeInitializeAllFunctionDrivers
                0x00003438       0x4e build/Trinket_USB_2/production/_ext/1390297478/usb_device.o
                0x00003438                _USB_DEVICE_DeInitializeAllFunctionDrivers

.text._USB_DEVICE_GetFunctionDriverEntryByInterface%82
                0x00003486       0x4a
 .text._USB_DEVICE_GetFunctionDriverEntryByInterface
                0x00003486       0x4a build/Trinket_USB_2/production/_ext/1390297478/usb_device.o
                0x00003486                _USB_DEVICE_GetFunctionDriverEntryByInterface

.text.USB_DEVICE_ControlStatus%83
                0x000034d0       0x4a
 .text.USB_DEVICE_ControlStatus
                0x000034d0       0x4a build/Trinket_USB_2/production/_ext/1390297478/usb_device.o
                0x000034d0                USB_DEVICE_ControlStatus

.text%84        0x0000351c       0x48
 .text          0x0000351c       0x48 c:/program files/microchip/xc32/v4.00/bin/bin/../../lib/gcc/pic32c/8.3.1/thumb/v6-m/nofp/crtbegin.o

.text.Reset_Handler%85
                0x00003564       0x48
 .text.Reset_Handler
                0x00003564       0x48 build/Trinket_USB_2/production/_ext/1189347772/startup_xc32.o
                0x00003564                Reset_Handler

.text.USB_DEVICE_ControlSend%86
                0x000035ac       0x46
 .text.USB_DEVICE_ControlSend
                0x000035ac       0x46 build/Trinket_USB_2/production/_ext/1390297478/usb_device.o
                0x000035ac                USB_DEVICE_ControlSend

.rodata.fullSpeedConfigurationDescriptor%87
                0x000035f4       0x44
 .rodata.fullSpeedConfigurationDescriptor
                0x000035f4       0x44 build/Trinket_USB_2/production/_ext/1189347772/usb_device_init_data.o
                0x000035f4                fullSpeedConfigurationDescriptor

.text.SYS_TIME_TimerAdd%88
                0x00003638       0x44
 .text.SYS_TIME_TimerAdd
                0x00003638       0x44 build/Trinket_USB_2/production/_ext/1909065425/sys_time.o

.text.NVIC_Initialize%89
                0x0000367c       0x40
 .text.NVIC_Initialize
                0x0000367c       0x40 build/Trinket_USB_2/production/_ext/58287938/plib_nvic.o
                0x0000367c                NVIC_Initialize

.text._USB_DEVICE_FindEndpoint%90
                0x000036bc       0x40
 .text._USB_DEVICE_FindEndpoint
                0x000036bc       0x40 build/Trinket_USB_2/production/_ext/1390297478/usb_device.o
                0x000036bc                _USB_DEVICE_FindEndpoint

.text.TC3_TimerInitialize%91
                0x000036fc       0x40
 .text.TC3_TimerInitialize
                0x000036fc       0x40 build/Trinket_USB_2/production/_ext/1390003407/plib_tc3.o
                0x000036fc                TC3_TimerInitialize

.text.SYS_TIME_GetTimerObject%92
                0x0000373c       0x40
 .text.SYS_TIME_GetTimerObject
                0x0000373c       0x40 build/Trinket_USB_2/production/_ext/1909065425/sys_time.o

.text.SYS_TIME_TimerDestroy%93
                0x0000377c       0x40
 .text.SYS_TIME_TimerDestroy
                0x0000377c       0x40 build/Trinket_USB_2/production/_ext/1909065425/sys_time.o
                0x0000377c                SYS_TIME_TimerDestroy

.text%94        0x000037bc       0x40
 .text          0x000037bc       0x40 c:/program files/microchip/xc32/v4.00/bin/bin/../../lib/gcc/pic32c/8.3.1/thumb/v6-m/nofp\libgcc.a(_aeabi_uldivmod.o)
                0x000037bc                __aeabi_uldivmod

.text.SYS_INT_SourceDisable%95
                0x000037fc       0x3c
 .text.SYS_INT_SourceDisable
                0x000037fc       0x3c build/Trinket_USB_2/production/_ext/1961919639/sys_int.o
                0x000037fc                SYS_INT_SourceDisable

.text.USB_DEVICE_Open%96
                0x00003838       0x3c
 .text.USB_DEVICE_Open
                0x00003838       0x3c build/Trinket_USB_2/production/_ext/1390297478/usb_device.o
                0x00003838                USB_DEVICE_Open

.text%97        0x00003874       0x3c
 .text          0x00003874       0x3c c:/program files/microchip/xc32/v4.00/bin/bin/../../lib/gcc/pic32c/8.3.1/thumb/v6-m/nofp\libgcc.a(_clzsi2.o)
                0x00003874                __clzsi2

.text._DRV_USBFSV1_DEVICE_Initialize%98
                0x000038b0       0x38
 .text._DRV_USBFSV1_DEVICE_Initialize
                0x000038b0       0x38 build/Trinket_USB_2/production/_ext/2108104030/drv_usbfsv1_device.o
                0x000038b0                _DRV_USBFSV1_DEVICE_Initialize

.text._USB_DEVICE_CDC_Deinitialization%99
                0x000038e8       0x38
 .text._USB_DEVICE_CDC_Deinitialization
                0x000038e8       0x38 build/Trinket_USB_2/production/_ext/1390297478/usb_device_cdc.o
                0x000038e8                _USB_DEVICE_CDC_Deinitialization

.text.SYS_TIME_UpdateTimerList%100
                0x00003920       0x38
 .text.SYS_TIME_UpdateTimerList
                0x00003920       0x38 build/Trinket_USB_2/production/_ext/1909065425/sys_time.o

.rodata.sd001%101
                0x00003958       0x34
 .rodata.sd001  0x00003958       0x34 build/Trinket_USB_2/production/_ext/1189347772/usb_device_init_data.o
                0x00003958                sd001

.text.SYS_TIME_ResourceLock%102
                0x0000398c       0x34
 .text.SYS_TIME_ResourceLock
                0x0000398c       0x34 build/Trinket_USB_2/production/_ext/1909065425/sys_time.o

.text.PORT_Initialize%103
                0x000039c0       0x30
 .text.PORT_Initialize
                0x000039c0       0x30 build/Trinket_USB_2/production/_ext/58341089/plib_port.o
                0x000039c0                PORT_Initialize

.rodata.sd002%104
                0x000039f0       0x30
 .rodata.sd002  0x000039f0       0x30 build/Trinket_USB_2/production/_ext/1189347772/usb_device_init_data.o
                0x000039f0                sd002

.text.SYS_TIME_ResourceUnlock%105
                0x00003a20       0x30
 .text.SYS_TIME_ResourceUnlock
                0x00003a20       0x30 build/Trinket_USB_2/production/_ext/1909065425/sys_time.o

.text.DRV_USBFSV1_DEVICE_EndpointIsEnabled%106
                0x00003a50       0x2e
 .text.DRV_USBFSV1_DEVICE_EndpointIsEnabled
                0x00003a50       0x2e build/Trinket_USB_2/production/_ext/2108104030/drv_usbfsv1_device.o
                0x00003a50                DRV_USBFSV1_DEVICE_EndpointIsEnabled

.text._USB_DEVICE_RedirectControlXfrToClient%107
                0x00003a7e       0x2c
 .text._USB_DEVICE_RedirectControlXfrToClient
                0x00003a7e       0x2c build/Trinket_USB_2/production/_ext/1390297478/usb_device.o
                0x00003a7e                _USB_DEVICE_RedirectControlXfrToClient

.rodata.usbMasterDescriptor%108
                0x00003aac       0x2c
 .rodata.usbMasterDescriptor
                0x00003aac       0x2c build/Trinket_USB_2/production/_ext/1189347772/usb_device_init_data.o
                0x00003aac                usbMasterDescriptor

.rodata.APP_USB_USBDeviceEventHandler%109
                0x00003ad8       0x2c
 .rodata.APP_USB_USBDeviceEventHandler
                0x00003ad8       0x2c build/Trinket_USB_2/production/_ext/1360937237/app_usb.o

.text._DRV_USBFSV1_DEVICE_IRPQueueFlush%110
                0x00003b04       0x2a
 .text._DRV_USBFSV1_DEVICE_IRPQueueFlush
                0x00003b04       0x2a build/Trinket_USB_2/production/_ext/2108104030/drv_usbfsv1_device.o
                0x00003b04                _DRV_USBFSV1_DEVICE_IRPQueueFlush

.text.USB_DEVICE_EndpointEnable%111
                0x00003b2e       0x2a
 .text.USB_DEVICE_EndpointEnable
                0x00003b2e       0x2a build/Trinket_USB_2/production/_ext/1390297478/usb_device.o
                0x00003b2e                USB_DEVICE_EndpointEnable

.text.DRV_USBFSV1_Open%112
                0x00003b58       0x28
 .text.DRV_USBFSV1_Open
                0x00003b58       0x28 build/Trinket_USB_2/production/_ext/2108104030/drv_usbfsv1.o
                0x00003b58                DRV_USBFSV1_Open

.rodata._USB_DEVICE_EventHandler%113
                0x00003b80       0x28
 .rodata._USB_DEVICE_EventHandler
                0x00003b80       0x28 build/Trinket_USB_2/production/_ext/1390297478/usb_device.o

.text.USB_DEVICE_EventHandlerSet%114
                0x00003ba8       0x28
 .text.USB_DEVICE_EventHandlerSet
                0x00003ba8       0x28 build/Trinket_USB_2/production/_ext/1390297478/usb_device.o
                0x00003ba8                USB_DEVICE_EventHandlerSet

.rodata.usbDevInitData%115
                0x00003bd0       0x28
 .rodata.usbDevInitData
                0x00003bd0       0x28 build/Trinket_USB_2/production/_ext/1189347772/usb_device_init_data.o
                0x00003bd0                usbDevInitData

.text.APP_USB_StateReset%116
                0x00003bf8       0x28
 .text.APP_USB_StateReset
                0x00003bf8       0x28 build/Trinket_USB_2/production/_ext/1360937237/app_usb.o
                0x00003bf8                APP_USB_StateReset

.text.DRV_USBFSV1_DEVICE_EndpointIsStalled%117
                0x00003c20       0x26
 .text.DRV_USBFSV1_DEVICE_EndpointIsStalled
                0x00003c20       0x26 build/Trinket_USB_2/production/_ext/2108104030/drv_usbfsv1_device.o
                0x00003c20                DRV_USBFSV1_DEVICE_EndpointIsStalled

.text.USB_DEVICE_Detach%118
                0x00003c46       0x26
 .text.USB_DEVICE_Detach
                0x00003c46       0x26 build/Trinket_USB_2/production/_ext/1390297478/usb_device.o
                0x00003c46                USB_DEVICE_Detach

.text.USB_DEVICE_IRPSubmit%119
                0x00003c6c       0x26
 .text.USB_DEVICE_IRPSubmit
                0x00003c6c       0x26 build/Trinket_USB_2/production/_ext/1390297478/usb_device.o
                0x00003c6c                USB_DEVICE_IRPSubmit

.rodata.drvUSBInit%120
                0x00003c94       0x24
 .rodata.drvUSBInit
                0x00003c94       0x24 build/Trinket_USB_2/production/_ext/1189347772/initialization.o
                0x00003c94                drvUSBInit

.rodata.APP_USB_USBDeviceCDCEventHandler%121
                0x00003cb8       0x24
 .rodata.APP_USB_USBDeviceCDCEventHandler
                0x00003cb8       0x24 build/Trinket_USB_2/production/_ext/1360937237/app_usb.o

.text.TC3_TimerInterruptHandler%122
                0x00003cdc       0x24
 .text.TC3_TimerInterruptHandler
                0x00003cdc       0x24 build/Trinket_USB_2/production/_ext/1390003407/plib_tc3.o
                0x00003cdc                TC3_TimerInterruptHandler

.text.SYS_TIME_GetElapsedCount%123
                0x00003d00       0x24
 .text.SYS_TIME_GetElapsedCount
                0x00003d00       0x24 build/Trinket_USB_2/production/_ext/1909065425/sys_time.o

.text.USB_DEVICE_Attach%124
                0x00003d24       0x22
 .text.USB_DEVICE_Attach
                0x00003d24       0x22 build/Trinket_USB_2/production/_ext/1390297478/usb_device.o
                0x00003d24                USB_DEVICE_Attach

.text.USB_DEVICE_EndpointDisable%125
                0x00003d46       0x22
 .text.USB_DEVICE_EndpointDisable
                0x00003d46       0x22 build/Trinket_USB_2/production/_ext/1390297478/usb_device.o
                0x00003d46                USB_DEVICE_EndpointDisable

.text.USB_DEVICE_ControlReceive%126
                0x00003d68       0x22
 .text.USB_DEVICE_ControlReceive
                0x00003d68       0x22 build/Trinket_USB_2/production/_ext/1390297478/usb_device.o
                0x00003d68                USB_DEVICE_ControlReceive

.text.USB_DEVICE_IRPCancelAll%127
                0x00003d8a       0x22
 .text.USB_DEVICE_IRPCancelAll
                0x00003d8a       0x22 build/Trinket_USB_2/production/_ext/1390297478/usb_device.o
                0x00003d8a                USB_DEVICE_IRPCancelAll

.text._USB_DEVICE_CDC_EndpointDisable%128
                0x00003dac       0x22
 .text._USB_DEVICE_CDC_EndpointDisable
                0x00003dac       0x22 build/Trinket_USB_2/production/_ext/1390297478/usb_device_cdc.o
                0x00003dac                _USB_DEVICE_CDC_EndpointDisable

.text.DRV_USBFSV1_DEVICE_Attach%129
                0x00003dd0       0x20
 .text.DRV_USBFSV1_DEVICE_Attach
                0x00003dd0       0x20 build/Trinket_USB_2/production/_ext/2108104030/drv_usbfsv1_device.o
                0x00003dd0                DRV_USBFSV1_DEVICE_Attach

.rodata._USB_DEVICE_ProcessStandardDeviceGetRequests%130
                0x00003df0       0x20
 .rodata._USB_DEVICE_ProcessStandardDeviceGetRequests
                0x00003df0       0x20 build/Trinket_USB_2/production/_ext/1390297478/usb_device.o

.text.USB_DEVICE_CDC_EventHandlerSet%131
                0x00003e10       0x20
 .text.USB_DEVICE_CDC_EventHandlerSet
                0x00003e10       0x20 build/Trinket_USB_2/production/_ext/1390297478/usb_device_cdc.o
                0x00003e10                USB_DEVICE_CDC_EventHandlerSet

.text.SYS_Tasks%132
                0x00003e30       0x20
 .text.SYS_Tasks
                0x00003e30       0x20 build/Trinket_USB_2/production/_ext/1189347772/tasks.o
                0x00003e30                SYS_Tasks

.text.TC3_Timer16bitCounterGet%133
                0x00003e50       0x20
 .text.TC3_Timer16bitCounterGet
                0x00003e50       0x20 build/Trinket_USB_2/production/_ext/1390003407/plib_tc3.o
                0x00003e50                TC3_Timer16bitCounterGet

.rodata.sysTimePlibAPI%134
                0x00003e70       0x1c
 .rodata.sysTimePlibAPI
                0x00003e70       0x1c build/Trinket_USB_2/production/_ext/1189347772/initialization.o
                0x00003e70                sysTimePlibAPI

.text.SYS_TIME_Counter64Update%135
                0x00003e8c       0x1c
 .text.SYS_TIME_Counter64Update
                0x00003e8c       0x1c build/Trinket_USB_2/production/_ext/1909065425/sys_time.o

.text._USB_DEVICE_ClientHandleValidate%136
                0x00003ea8       0x18
 .text._USB_DEVICE_ClientHandleValidate
                0x00003ea8       0x18 build/Trinket_USB_2/production/_ext/1390297478/usb_device.o
                0x00003ea8                _USB_DEVICE_ClientHandleValidate

.text._USB_DEVICE_CDC_GlobalInitialize%137
                0x00003ec0       0x18
 .text._USB_DEVICE_CDC_GlobalInitialize
                0x00003ec0       0x18 build/Trinket_USB_2/production/_ext/1390297478/usb_device_cdc.o
                0x00003ec0                _USB_DEVICE_CDC_GlobalInitialize

.rodata.APP_USB_Tasks%138
                0x00003ed8       0x18
 .rodata.APP_USB_Tasks
                0x00003ed8       0x18 build/Trinket_USB_2/production/_ext/1360937237/app_usb.o

.text.TC3_TimerStart%139
                0x00003ef0       0x18
 .text.TC3_TimerStart
                0x00003ef0       0x18 build/Trinket_USB_2/production/_ext/1390003407/plib_tc3.o
                0x00003ef0                TC3_TimerStart

.text.TC3_TimerStop%140
                0x00003f08       0x18
 .text.TC3_TimerStop
                0x00003f08       0x18 build/Trinket_USB_2/production/_ext/1390003407/plib_tc3.o
                0x00003f08                TC3_TimerStop

.text%141       0x00003f20       0x18
 .text          0x00003f20       0x18 c:/program files/microchip/xc32/v4.00/bin/bin/../../lib/gcc/pic32c/8.3.1/thumb/v6-m/nofp\libgcc.a(_clzdi2.o)
                0x00003f20                __clzdi2

.text.NVIC_INT_Restore%142
                0x00003f38       0x14
 .text.NVIC_INT_Restore
                0x00003f38       0x14 build/Trinket_USB_2/production/_ext/58287938/plib_nvic.o
                0x00003f38                NVIC_INT_Restore

.rodata.cdcFunctionDriver%143
                0x00003f4c       0x14
 .rodata.cdcFunctionDriver
                0x00003f4c       0x14 build/Trinket_USB_2/production/_ext/1390297478/usb_device_cdc.o
                0x00003f4c                cdcFunctionDriver

.rodata.deviceDescriptor%144
                0x00003f60       0x14
 .rodata.deviceDescriptor
                0x00003f60       0x14 build/Trinket_USB_2/production/_ext/1189347772/usb_device_init_data.o
                0x00003f60                deviceDescriptor

.text.TC3_Timer16bitPeriodSet%145
                0x00003f74       0x14
 .text.TC3_Timer16bitPeriodSet
                0x00003f74       0x14 build/Trinket_USB_2/production/_ext/1390003407/plib_tc3.o
                0x00003f74                TC3_Timer16bitPeriodSet

.text.TC3_Timer16bitCompareSet%146
                0x00003f88       0x14
 .text.TC3_Timer16bitCompareSet
                0x00003f88       0x14 build/Trinket_USB_2/production/_ext/1390003407/plib_tc3.o
                0x00003f88                TC3_Timer16bitCompareSet

.text.DRV_USBFSV1_Close%147
                0x00003f9c       0x12
 .text.DRV_USBFSV1_Close
                0x00003f9c       0x12 build/Trinket_USB_2/production/_ext/2108104030/drv_usbfsv1.o
                0x00003f9c                DRV_USBFSV1_Close

.text.DRV_USBFSV1_DEVICE_SOFNumberGet%148
                0x00003fae       0x12
 .text.DRV_USBFSV1_DEVICE_SOFNumberGet
                0x00003fae       0x12 build/Trinket_USB_2/production/_ext/2108104030/drv_usbfsv1_device.o
                0x00003fae                DRV_USBFSV1_DEVICE_SOFNumberGet

.text.NVIC_INT_Disable%149
                0x00003fc0       0x12
 .text.NVIC_INT_Disable
                0x00003fc0       0x12 build/Trinket_USB_2/production/_ext/58287938/plib_nvic.o
                0x00003fc0                NVIC_INT_Disable

.text.memcpy%150
                0x00003fd2       0x12
 .text.memcpy   0x00003fd2       0x12 c:/program files/microchip/xc32/v4.00/bin/bin/../../lib/gcc/pic32c/8.3.1/../../../../pic32c/lib/thumb/v6-m/nofp\libc-musl.a(memcpy.o)
                0x00003fd2                memcpy

.text.DRV_USBFSV1_USB_Handler%151
                0x00003fe4       0x10
 .text.DRV_USBFSV1_USB_Handler
                0x00003fe4       0x10 build/Trinket_USB_2/production/_ext/2108104030/drv_usbfsv1.o
                0x00003fe4                DRV_USBFSV1_USB_Handler

.text.DRV_USBFSV1_ClientEventCallBackSet%152
                0x00003ff4       0x10
 .text.DRV_USBFSV1_ClientEventCallBackSet
                0x00003ff4       0x10 build/Trinket_USB_2/production/_ext/2108104030/drv_usbfsv1.o
                0x00003ff4                DRV_USBFSV1_ClientEventCallBackSet

.text.DRV_USBFSV1_DEVICE_RemoteWakeupStart%153
                0x00004004       0x10
 .text.DRV_USBFSV1_DEVICE_RemoteWakeupStart
                0x00004004       0x10 build/Trinket_USB_2/production/_ext/2108104030/drv_usbfsv1_device.o
                0x00004004                DRV_USBFSV1_DEVICE_RemoteWakeupStart

.rodata.funcRegistrationTable%154
                0x00004014       0x10
 .rodata.funcRegistrationTable
                0x00004014       0x10 build/Trinket_USB_2/production/_ext/1189347772/usb_device_init_data.o
                0x00004014                funcRegistrationTable

.text.memset%155
                0x00004024       0x10
 .text.memset   0x00004024       0x10 c:/program files/microchip/xc32/v4.00/bin/bin/../../lib/gcc/pic32c/8.3.1/../../../../pic32c/lib/thumb/v6-m/nofp\libc-musl.a(memset.o)
                0x00004024                memset

.text.DRV_USBFSV1_DEVICE_AddressSet%156
                0x00004034        0xe
 .text.DRV_USBFSV1_DEVICE_AddressSet
                0x00004034        0xe build/Trinket_USB_2/production/_ext/2108104030/drv_usbfsv1_device.o
                0x00004034                DRV_USBFSV1_DEVICE_AddressSet

.text.DRV_USBFSV1_DEVICE_CurrentSpeedGet%157
                0x00004042        0xe
 .text.DRV_USBFSV1_DEVICE_CurrentSpeedGet
                0x00004042        0xe build/Trinket_USB_2/production/_ext/2108104030/drv_usbfsv1_device.o
                0x00004042                DRV_USBFSV1_DEVICE_CurrentSpeedGet

.text.main%158  0x00004050        0xe
 .text.main     0x00004050        0xe build/Trinket_USB_2/production/_ext/1360937237/main.o
                0x00004050                main

.text.NVMCTRL_Initialize%159
                0x00004060        0xc
 .text.NVMCTRL_Initialize
                0x00004060        0xc build/Trinket_USB_2/production/_ext/1292982576/plib_nvmctrl.o
                0x00004060                NVMCTRL_Initialize

.rodata.cdcInit0%160
                0x0000406c        0xc
 .rodata.cdcInit0
                0x0000406c        0xc build/Trinket_USB_2/production/_ext/1189347772/usb_device_init_data.o
                0x0000406c                cdcInit0

.rodata.stringDescriptors%161
                0x00004078        0xc
 .rodata.stringDescriptors
                0x00004078        0xc build/Trinket_USB_2/production/_ext/1189347772/usb_device_init_data.o
                0x00004078                stringDescriptors

.text.TC3_TimerCallbackRegister%162
                0x00004084        0xc
 .text.TC3_TimerCallbackRegister
                0x00004084        0xc build/Trinket_USB_2/production/_ext/1390003407/plib_tc3.o
                0x00004084                TC3_TimerCallbackRegister

.text.APP_SENSOR_TimerEventHandler%163
                0x00004090        0xc
 .text.APP_SENSOR_TimerEventHandler
                0x00004090        0xc build/Trinket_USB_2/production/_ext/1360937237/app_sensor.o
                0x00004090                APP_SENSOR_TimerEventHandler

.text.APP_SENSOR_Initialize%164
                0x0000409c        0xc
 .text.APP_SENSOR_Initialize
                0x0000409c        0xc build/Trinket_USB_2/production/_ext/1360937237/app_sensor.o
                0x0000409c                APP_SENSOR_Initialize

.rodata.gDrvUSBFSV1DeviceEndpointTypeMap%165
                0x000040a8        0x8
 .rodata.gDrvUSBFSV1DeviceEndpointTypeMap
                0x000040a8        0x8 build/Trinket_USB_2/production/_ext/2108104030/drv_usbfsv1_device.o
                0x000040a8                gDrvUSBFSV1DeviceEndpointTypeMap

.text.SYS_INT_Disable%166
                0x000040b0        0x8
 .text.SYS_INT_Disable
                0x000040b0        0x8 build/Trinket_USB_2/production/_ext/1961919639/sys_int.o
                0x000040b0                SYS_INT_Disable

.text.SYS_INT_Restore%167
                0x000040b8        0x8
 .text.SYS_INT_Restore
                0x000040b8        0x8 build/Trinket_USB_2/production/_ext/1961919639/sys_int.o
                0x000040b8                SYS_INT_Restore

.rodata.sysTimeInitData%168
                0x000040c0        0x8
 .rodata.sysTimeInitData
                0x000040c0        0x8 build/Trinket_USB_2/production/_ext/1189347772/initialization.o
                0x000040c0                sysTimeInitData

.text.TC3_TimerFrequencyGet%169
                0x000040c8        0x8
 .text.TC3_TimerFrequencyGet
                0x000040c8        0x8 build/Trinket_USB_2/production/_ext/1390003407/plib_tc3.o
                0x000040c8                TC3_TimerFrequencyGet

.rodata.gDrvUSBFSV1DeviceSpeedMap%170
                0x000040d0        0x4
 .rodata.gDrvUSBFSV1DeviceSpeedMap
                0x000040d0        0x4 build/Trinket_USB_2/production/_ext/2108104030/drv_usbfsv1_device.o
                0x000040d0                gDrvUSBFSV1DeviceSpeedMap

.rodata.fullSpeedConfigDescSet%171
                0x000040d4        0x4
 .rodata.fullSpeedConfigDescSet
                0x000040d4        0x4 build/Trinket_USB_2/production/_ext/1189347772/usb_device_init_data.o
                0x000040d4                fullSpeedConfigDescSet

.rodata.sd000%172