Archive member included to satisfy reference by file (symbol)

c:/program files/microchip/xc32/v4.00/bin/bin/../../lib/gcc/pic32c/8.3.1/../../../../pic32c/lib/thumb/v6-m/nofp\libpic32c.a(data_init.o)
                              build/Trinket_USB_2/debug/_ext/1189347772/startup_xc32.o (__pic32c_data_initialization)
c:/program files/microchip/xc32/v4.00/bin/bin/../../lib/gcc/pic32c/8.3.1/../../../../pic32c/lib/thumb/v6-m/nofp\libm-emfloat.a(lib_a-_LOG10.o)
                              build/Trinket_USB_2/debug/_ext/1360937237/ms8607.o (log10)
c:/program files/microchip/xc32/v4.00/bin/bin/../../lib/gcc/pic32c/8.3.1/../../../../pic32c/lib/thumb/v6-m/nofp\libm-emfloat.a(lib_a-_ILOGB.o)
                              c:/program files/microchip/xc32/v4.00/bin/bin/../../lib/gcc/pic32c/8.3.1/../../../../pic32c/lib/thumb/v6-m/nofp\libm-emfloat.a(lib_a-_LOG10.o) (ilogb)
c:/program files/microchip/xc32/v4.00/bin/bin/../../lib/gcc/pic32c/8.3.1/../../../../pic32c/lib/thumb/v6-m/nofp\libm-emfloat.a(lib_a-_LDEXP.o)
                              c:/program files/microchip/xc32/v4.00/bin/bin/../../lib/gcc/pic32c/8.3.1/../../../../pic32c/lib/thumb/v6-m/nofp\libm-emfloat.a(lib_a-_LOG10.o) (ldexp)
c:/program files/microchip/xc32/v4.00/bin/bin/../../lib/gcc/pic32c/8.3.1/../../../../pic32c/lib/thumb/v6-m/nofp\libm-emfloat.a(lib_a-_POW.o)
                              build/Trinket_USB_2/debug/_ext/1360937237/ms8607.o (pow)
c:/program files/microchip/xc32/v4.00/bin/bin/../../lib/gcc/pic32c/8.3.1/../../../../pic32c/lib/thumb/v6-m/nofp\libm-emfloat.a(floatasmops_arm.o)
                              build/Trinket_USB_2/debug/_ext/499838197/plib_sercom0_i2c_master.o (__aeabi_fadd)
c:/program files/microchip/xc32/v4.00/bin/bin/../../lib/gcc/pic32c/8.3.1/../../../../pic32c/lib/thumb/v6-m/nofp\libm-emfloat.a(lib_a-_EXP.o)
                              c:/program files/microchip/xc32/v4.00/bin/bin/../../lib/gcc/pic32c/8.3.1/../../../../pic32c/lib/thumb/v6-m/nofp\libm-emfloat.a(lib_a-_POW.o) (exp)
c:/program files/microchip/xc32/v4.00/bin/bin/../../lib/gcc/pic32c/8.3.1/../../../../pic32c/lib/thumb/v6-m/nofp\libm-emfloat.a(lib_a-_LOG.o)
                              c:/program files/microchip/xc32/v4.00/bin/bin/../../lib/gcc/pic32c/8.3.1/../../../../pic32c/lib/thumb/v6-m/nofp\libm-emfloat.a(lib_a-_LOG10.o) (log)
c:/program files/microchip/xc32/v4.00/bin/bin/../../lib/gcc/pic32c/8.3.1/../../../../pic32c/lib/thumb/v6-m/nofp\libm-emfloat.a(lib_a-_FREXP.o)
                              c:/program files/microchip/xc32/v4.00/bin/bin/../../lib/gcc/pic32c/8.3.1/../../../../pic32c/lib/thumb/v6-m/nofp\libm-emfloat.a(lib_a-_LOG.o) (frexp)
c:/program files/microchip/xc32/v4.00/bin/bin/../../lib/gcc/pic32c/8.3.1/../../../../pic32c/lib/thumb/v6-m/nofp\libg-musl.a(__libc_start_main.o)
                              build/Trinket_USB_2/debug/_ext/1189347772/startup_xc32.o (__libc_init_array)
c:/program files/microchip/xc32/v4.00/bin/bin/../../lib/gcc/pic32c/8.3.1/../../../../pic32c/lib/thumb/v6-m/nofp\libg-musl.a(__errno_location.o)
                              c:/program files/microchip/xc32/v4.00/bin/bin/../../lib/gcc/pic32c/8.3.1/../../../../pic32c/lib/thumb/v6-m/nofp\libm-emfloat.a(lib_a-_POW.o) (__errno_val)
c:/program files/microchip/xc32/v4.00/bin/bin/../../lib/gcc/pic32c/8.3.1/../../../../pic32c/lib/thumb/v6-m/nofp\libg-musl.a(libc.o)
                              c:/program files/microchip/xc32/v4.00/bin/bin/../../lib/gcc/pic32c/8.3.1/../../../../pic32c/lib/thumb/v6-m/nofp\libg-musl.a(__libc_start_main.o) (__progname_full)
c:/program files/microchip/xc32/v4.00/bin/bin/../../lib/gcc/pic32c/8.3.1/../../../../pic32c/lib/thumb/v6-m/nofp\libg-musl.a(__sio_sprintf_fs.o)
                              (_sprintf_fFgGs)
c:/program files/microchip/xc32/v4.00/bin/bin/../../lib/gcc/pic32c/8.3.1/../../../../pic32c/lib/thumb/v6-m/nofp\libg-musl.a(__fmt_fp.o)
                              c:/program files/microchip/xc32/v4.00/bin/bin/../../lib/gcc/pic32c/8.3.1/../../../../pic32c/lib/thumb/v6-m/nofp\libg-musl.a(__sio_sprintf_fs.o) (__fmt_f_needed)
c:/program files/microchip/xc32/v4.00/bin/bin/../../lib/gcc/pic32c/8.3.1/../../../../pic32c/lib/thumb/v6-m/nofp\libg-musl.a(__fmt_s.o)
                              c:/program files/microchip/xc32/v4.00/bin/bin/../../lib/gcc/pic32c/8.3.1/../../../../pic32c/lib/thumb/v6-m/nofp\libg-musl.a(__sio_sprintf_fs.o) (__fmt_s_needed)
c:/program files/microchip/xc32/v4.00/bin/bin/../../lib/gcc/pic32c/8.3.1/../../../../pic32c/lib/thumb/v6-m/nofp\libg-musl.a(__printf_core.o)
                              c:/program files/microchip/xc32/v4.00/bin/bin/../../lib/gcc/pic32c/8.3.1/../../../../pic32c/lib/thumb/v6-m/nofp\libg-musl.a(__fmt_fp.o) (__pad)
c:/program files/microchip/xc32/v4.00/bin/bin/../../lib/gcc/pic32c/8.3.1/../../../../pic32c/lib/thumb/v6-m/nofp\libg-musl.a(atoi.o)
[...]
Memory Configuration

Name             Origin             Length             Attributes
rom              0x00000000         0x00040000         xrl
ram              0x20000000         0x00008000         xw !r
config_00804000  0x00804000         0x00000004
config_00804004  0x00804004         0x00000004
*default*        0x00000000         0xffffffff

Linker script and memory map

LOAD c:/program files/microchip/xc32/v4.00/bin/bin/../../lib/gcc/pic32c/8.3.1/thumb/v6-m/nofp/crti.o
LOAD c:/program files/microchip/xc32/v4.00/bin/bin/../../lib/gcc/pic32c/8.3.1/thumb/v6-m/nofp/crtbegin.o
LOAD build/Trinket_USB_2/debug/_ext/2108104030/drv_usbfsv1.o
LOAD build/Trinket_USB_2/debug/_ext/2108104030/drv_usbfsv1_device.o
LOAD build/Trinket_USB_2/debug/_ext/140414528/plib_adc.o
LOAD build/Trinket_USB_2/debug/_ext/1796475310/plib_clock.o
LOAD build/Trinket_USB_2/debug/_ext/1798624796/plib_evsys.o
LOAD build/Trinket_USB_2/debug/_ext/58287938/plib_nvic.o
LOAD build/Trinket_USB_2/debug/_ext/1292982576/plib_nvmctrl.o
LOAD build/Trinket_USB_2/debug/_ext/58341089/plib_port.o
LOAD build/Trinket_USB_2/debug/_ext/499838197/plib_sercom0_i2c_master.o
LOAD build/Trinket_USB_2/debug/_ext/1390003407/plib_tc3.o
LOAD build/Trinket_USB_2/debug/_ext/1578018698/xc32_monitor.o
LOAD build/Trinket_USB_2/debug/_ext/1961919639/sys_int.o
LOAD build/Trinket_USB_2/debug/_ext/1909065425/sys_time.o
LOAD build/Trinket_USB_2/debug/_ext/1390297478/usb_device.o
LOAD build/Trinket_USB_2/debug/_ext/1390297478/usb_device_cdc.o
LOAD build/Trinket_USB_2/debug/_ext/1390297478/usb_device_cdc_acm.o
LOAD build/Trinket_USB_2/debug/_ext/1189347772/initialization.o
LOAD build/Trinket_USB_2/debug/_ext/1189347772/interrupts.o
LOAD build/Trinket_USB_2/debug/_ext/1189347772/exceptions.o
LOAD build/Trinket_USB_2/debug/_ext/1189347772/startup_xc32.o
LOAD build/Trinket_USB_2/debug/_ext/1189347772/libc_syscalls.o
LOAD build/Trinket_USB_2/debug/_ext/1189347772/usb_device_init_data.o
LOAD build/Trinket_USB_2/debug/_ext/1189347772/tasks.o
LOAD build/Trinket_USB_2/debug/_ext/1360937237/main.o
LOAD build/Trinket_USB_2/debug/_ext/1360937237/app_usb.o
LOAD build/Trinket_USB_2/debug/_ext/1360937237/i2c.o
LOAD build/Trinket_USB_2/debug/_ext/1360937237/ms8607.o
                0x00000001                __MPLAB_BUILD = 0x1
                0x00040000                __rom_end = (ORIGIN (rom) + LENGTH (rom))
                0x20008000                __ram_end = (ORIGIN (ram) + LENGTH (ram))

.config_00804000
 *(.config_00804000)

.config_00804004
 *(.config_00804004)

.vectors        0x00000000       0xb0
                0x00000000                . = ALIGN (0x4)
                0x00000000                _sfixed = .
 *(.vectors .vectors.* .vectors_default .vectors_default.*)
 .vectors.exception_table
                0x00000000       0xb0 build/Trinket_USB_2/debug/_ext/1189347772/interrupts.o
                0x00000000                exception_table
 *(.isr_vector)
 *(.reset*)
 *(.after_vectors)

.text           0x000000b0       0x20
                0x000000b0                . = ALIGN (0x4)
 *(.glue_7t)
 .glue_7t       0x000000b0        0x0 linker stubs
 *(.glue_7)
 .glue_7        0x000000b0        0x0 linker stubs
 *(.gnu.linkonce.r.*)
 *(.ARM.extab* .gnu.linkonce.armextab.*)
                0x000000b0                . = ALIGN (0x4)
 *(.init)
 .init          0x000000b0        0x4 c:/program files/microchip/xc32/v4.00/bin/bin/../../lib/gcc/pic32c/8.3.1/thumb/v6-m/nofp/crti.o
                0x000000b0                _init
 .init          0x000000b4        0x8 c:/program files/microchip/xc32/v4.00/bin/bin/../../lib/gcc/pic32c/8.3.1/thumb/v6-m/nofp/crtn.o
                0x000000bc                . = ALIGN (0x4)
                0x000000bc                __preinit_array_start = .
 *(.preinit_array)
                0x000000bc                __preinit_array_end = .
                0x000000bc                . = ALIGN (0x4)
                0x000000bc                __init_array_start = .
 *(SORT_BY_NAME(.init_array.*))
 *(.init_array)
 .init_array    0x000000bc        0x4 c:/program files/microchip/xc32/v4.00/bin/bin/../../lib/gcc/pic32c/8.3.1/thumb/v6-m/nofp/crtbegin.o
                0x000000c0                __init_array_end = .
                0x000000c0                . = ALIGN (0x4)
 *crtbegin.o(.ctors)
 *(EXCLUDE_FILE(*crtend.o) .ctors)
 *(SORT_BY_NAME(.ctors.*))
 *crtend.o(.ctors)
                0x000000c0                . = ALIGN (0x4)
 *(.fini)
 .fini          0x000000c0        0x4 c:/program files/microchip/xc32/v4.00/bin/bin/../../lib/gcc/pic32c/8.3.1/thumb/v6-m/nofp/crti.o
                0x000000c0                _fini
 .fini          0x000000c4        0x8 c:/program files/microchip/xc32/v4.00/bin/bin/../../lib/gcc/pic32c/8.3.1/thumb/v6-m/nofp/crtn.o
                0x000000cc                . = ALIGN (0x4)
                0x000000cc                __fini_array_start = .
 *(.fini_array)
 .fini_array    0x000000cc        0x4 c:/program files/microchip/xc32/v4.00/bin/bin/../../lib/gcc/pic32c/8.3.1/thumb/v6-m/nofp/crtbegin.o
 *(SORT_BY_NAME(.fini_array.*))
                0x000000d0                __fini_array_end = .
 *crtbegin.o(.dtors)
 *(EXCLUDE_FILE(*crtend.o) .dtors)
 *(SORT_BY_NAME(.dtors.*))
 *crtend.o(.dtors)
                0x000000d0                . = ALIGN (0x4)
                0x000000d0                _efixed = .
                [!provide]                PROVIDE (__exidx_start = .)

.ARM.exidx      0x000000d0        0x8
 *(.ARM.exidx* .gnu.linkonce.armexidx.*)
 .ARM.exidx     0x000000d0        0x8 c:/program files/microchip/xc32/v4.00/bin/bin/../../lib/gcc/pic32c/8.3.1/thumb/v6-m/nofp\libgcc.a(_udivmoddi4.o)
                [!provide]                PROVIDE (__exidx_end = .)
                0x000000d8                . = ALIGN (0x4)
                0x000000d8                _etext = .

.bss            0x20000000        0x0
                0x20000000                . = ALIGN (0x4)
                0x20000000                __bss_start__ = .
                0x20000000                _sbss = .
                0x20000000                _szero = .
 *(COMMON)
                0x20000000                . = ALIGN (0x4)
                0x20000000                __bss_end__ = .
                0x20000000                _ebss = .
                0x20000000                _ezero = .
                0x20000000                . = ALIGN (0x4)
                0x20000000                _end = .
                0x20007fff                _ram_end_ = ((ORIGIN (ram) + LENGTH (ram)) - 0x1)
                0x00000001                __ICD2RAM = 0x1
                0x00000001                __MPLAB_DEBUG = 0x1
                0x00000001                __DEBUG = 0x1
                0x00000200                _min_heap_size = 0x200
START GROUP
LOAD c:/program files/microchip/xc32/v4.00/bin/bin/../../lib/gcc/pic32c/8.3.1/../../../../pic32c/lib/thumb/v6-m/nofp\libpic32c.a
LOAD c:/program files/microchip/xc32/v4.00/bin/bin/../../lib/gcc/pic32c/8.3.1/../../../../pic32c/lib/thumb/v6-m/nofp\libm-emfloat.a
LOAD c:/program files/microchip/xc32/v4.00/bin/bin/../../lib/gcc/pic32c/8.3.1/../../../../pic32c/lib/thumb/v6-m/nofp\libg-musl.a
LOAD c:/program files/microchip/xc32/v4.00/bin/bin/../../lib/gcc/pic32c/8.3.1/../../../../pic32c/lib/thumb/v6-m/nofp\libc-musl.a
LOAD c:/program files/microchip/xc32/v4.00/bin/bin/../../lib/gcc/pic32c/8.3.1/../../../../pic32c/lib/thumb/v6-m/nofp\libm-emfloat.a
LOAD c:/program files/microchip/xc32/v4.00/bin/bin/../../lib/gcc/pic32c/8.3.1/thumb/v6-m/nofp\libgcc.a
END GROUP
LOAD c:/program files/microchip/xc32/v4.00/bin/bin/../../lib/gcc/pic32c/8.3.1/thumb/v6-m/nofp/crtend.o
LOAD c:/program files/microchip/xc32/v4.00/bin/bin/../../lib/gcc/pic32c/8.3.1/thumb/v6-m/nofp/crtn.o
OUTPUT(dist/Trinket_USB_2/debug/USB_2.X.debug.elf elf32-littlearm)
LOAD stack
LOAD data_init

.ARM.attributes
                0x00000000       0x2a
 .ARM.attributes
                0x00000000       0x1e c:/program files/microchip/xc32/v4.00/bin/bin/../../lib/gcc/pic32c/8.3.1/thumb/v6-m/nofp/crti.o
 .ARM.attributes
                0x0000001e       0x2c c:/program files/microchip/xc32/v4.00/bin/bin/../../lib/gcc/pic32c/8.3.1/thumb/v6-m/nofp/crtbegin.o
 .ARM.attributes
                0x0000004a       0x2c build/Trinket_USB_2/debug/_ext/2108104030/drv_usbfsv1.o
 .ARM.attributes
                0x00000076       0x2c build/Trinket_USB_2/debug/_ext/2108104030/drv_usbfsv1_device.o
 .ARM.attributes
                0x000000a2       0x2c build/Trinket_USB_2/debug/_ext/140414528/plib_adc.o
 .ARM.attributes
                0x000000ce       0x2c build/Trinket_USB_2/debug/_ext/1796475310/plib_clock.o
 .ARM.attributes
                0x000000fa       0x2c build/Trinket_USB_2/debug/_ext/1798624796/plib_evsys.o
 .ARM.attributes
                0x00000126       0x2c build/Trinket_USB_2/debug/_ext/58287938/plib_nvic.o
 .ARM.attributes
                0x00000152       0x2c build/Trinket_USB_2/debug/_ext/1292982576/plib_nvmctrl.o
 .ARM.attributes
                0x0000017e       0x2c build/Trinket_USB_2/debug/_ext/58341089/plib_port.o
 .ARM.attributes
                0x000001aa       0x2c build/Trinket_USB_2/debug/_ext/499838197/plib_sercom0_i2c_master.o
 .ARM.attributes
                0x000001d6       0x2c build/Trinket_USB_2/debug/_ext/1390003407/plib_tc3.o
 .ARM.attributes
                0x00000202       0x2c build/Trinket_USB_2/debug/_ext/1961919639/sys_int.o
 .ARM.attributes
                0x0000022e       0x2c build/Trinket_USB_2/debug/_ext/1909065425/sys_time.o
 .ARM.attributes
                0x0000025a       0x2c build/Trinket_USB_2/debug/_ext/1390297478/usb_device.o
 .ARM.attributes
                0x00000286       0x2c build/Trinket_USB_2/debug/_ext/1390297478/usb_device_cdc.o
 .ARM.attributes
                0x000002b2       0x2c build/Trinket_USB_2/debug/_ext/1390297478/usb_device_cdc_acm.o
 .ARM.attributes
                0x000002de       0x2c build/Trinket_USB_2/debug/_ext/1189347772/initialization.o
 .ARM.attributes
                0x0000030a       0x2c build/Trinket_USB_2/debug/_ext/1189347772/interrupts.o
 .ARM.attributes
                0x00000336       0x2c build/Trinket_USB_2/debug/_ext/1189347772/exceptions.o
 .ARM.attributes
                0x00000362       0x2c build/Trinket_USB_2/debug/_ext/1189347772/startup_xc32.o
 .ARM.attributes
                0x0000038e       0x32 build/Trinket_USB_2/debug/_ext/1189347772/usb_device_init_data.o
 .ARM.attributes
                0x000003c0       0x2c build/Trinket_USB_2/debug/_ext/1189347772/tasks.o
 .ARM.attributes
                0x000003ec       0x2c build/Trinket_USB_2/debug/_ext/1360937237/main.o
 .ARM.attributes
                0x00000418       0x2c build/Trinket_USB_2/debug/_ext/1360937237/app_usb.o
 .ARM.attributes
                0x00000444       0x2c build/Trinket_USB_2/debug/_ext/1360937237/i2c.o
 .ARM.attributes
                0x00000470       0x2c build/Trinket_USB_2/debug/_ext/1360937237/ms8607.o
 .ARM.attributes
                0x0000049c       0x2c c:/program files/microchip/xc32/v4.00/bin/bin/../../lib/gcc/pic32c/8.3.1/../../../../pic32c/lib/thumb/v6-m/nofp\libpic32c.a(data_init.o)
 .ARM.attributes
                0x000004c8       0x1c c:/program files/microchip/xc32/v4.00/bin/bin/../../lib/gcc/pic32c/8.3.1/../../../../pic32c/lib/thumb/v6-m/nofp\libm-emfloat.a(floatasmops_arm.o)
 .ARM.attributes
                0x000004e4       0x2e c:/program files/microchip/xc32/v4.00/bin/bin/../../lib/gcc/pic32c/8.3.1/../../../../pic32c/lib/thumb/v6-m/nofp\libg-musl.a(__libc_start_main.o)
 .ARM.attributes
                0x00000512       0x2e c:/program files/microchip/xc32/v4.00/bin/bin/../../lib/gcc/pic32c/8.3.1/../../../../pic32c/lib/thumb/v6-m/nofp\libg-musl.a(__errno_location.o)
 .ARM.attributes
                0x00000540       0x2e c:/program files/microchip/xc32/v4.00/bin/bin/../../lib/gcc/pic32c/8.3.1/../../../../pic32c/lib/thumb/v6-m/nofp\libg-musl.a(libc.o)
 .ARM.attributes
                0x0000056e       0x2e c:/program files/microchip/xc32/v4.00/bin/bin/../../lib/gcc/pic32c/8.3.1/../../../../pic32c/lib/thumb/v6-m/nofp\libg-musl.a(__sio_sprintf_fs.o)
 .ARM.attributes
                0x0000059c       0x2e c:/program files/microchip/xc32/v4.00/bin/bin/../../lib/gcc/pic32c/8.3.1/../../../../pic32c/lib/thumb/v6-m/nofp\libg-musl.a(__fmt_fp.o)
 .ARM.attributes
                0x000005ca       0x2e c:/program files/microchip/xc32/v4.00/bin/bin/../../lib/gcc/pic32c/8.3.1/../../../../pic32c/lib/thumb/v6-m/nofp\libg-musl.a(__fmt_s.o)
 .ARM.attributes
                0x000005f8       0x2e c:/program files/microchip/xc32/v4.00/bin/bin/../../lib/gcc/pic32c/8.3.1/../../../../pic32c/lib/thumb/v6-m/nofp\libg-musl.a(__printf_core.o)
 .ARM.attributes
                0x00000626       0x2e c:/program files/microchip/xc32/v4.00/bin/bin/../../lib/gcc/pic32c/8.3.1/../../../../pic32c/lib/thumb/v6-m/nofp\libg-musl.a(atoi.o)
 .ARM.attributes
                0x00000654       0x2e c:/program files/microchip/xc32/v4.00/bin/bin/../../lib/gcc/pic32c/8.3.1/../../../../pic32c/lib/thumb/v6-m/nofp\libg-musl.a(memcpy.o)
 .ARM.attributes
                0x00000682       0x2e c:/program files/microchip/xc32/v4.00/bin/bin/../../lib/gcc/pic32c/8.3.1/../../../../pic32c/lib/thumb/v6-m/nofp\libg-musl.a(memset.o)
 .ARM.attributes
                0x000006b0       0x2e c:/program files/microchip/xc32/v4.00/bin/bin/../../lib/gcc/pic32c/8.3.1/../../../../pic32c/lib/thumb/v6-m/nofp\libg-musl.a(strlen.o)
 .ARM.attributes
                0x000006de       0x2e c:/program files/microchip/xc32/v4.00/bin/bin/../../lib/gcc/pic32c/8.3.1/../../../../pic32c/lib/thumb/v6-m/nofp\libg-musl.a(strcpy.o)
 .ARM.attributes
                0x0000070c       0x2e c:/program files/microchip/xc32/v4.00/bin/bin/../../lib/gcc/pic32c/8.3.1/../../../../pic32c/lib/thumb/v6-m/nofp\libg-musl.a(tolower.o)
 .ARM.attributes
                0x0000073a       0x2e c:/program files/microchip/xc32/v4.00/bin/bin/../../lib/gcc/pic32c/8.3.1/../../../../pic32c/lib/thumb/v6-m/nofp\libg-musl.a(__environ.o)
 .ARM.attributes
                0x00000768       0x2e c:/program files/microchip/xc32/v4.00/bin/bin/../../lib/gcc/pic32c/8.3.1/../../../../pic32c/lib/thumb/v6-m/nofp\libg-musl.a(__int_vsprintf.o)
 .ARM.attributes
                0x00000796       0x2e c:/program files/microchip/xc32/v4.00/bin/bin/../../lib/gcc/pic32c/8.3.1/../../../../pic32c/lib/thumb/v6-m/nofp\libg-musl.a(__pop_float.o)
 .ARM.attributes
                0x000007c4       0x2e c:/program files/microchip/xc32/v4.00/bin/bin/../../lib/gcc/pic32c/8.3.1/../../../../pic32c/lib/thumb/v6-m/nofp\libg-musl.a(__pop_int.o)
 .ARM.attributes
                0x000007f2       0x2e c:/program files/microchip/xc32/v4.00/bin/bin/../../lib/gcc/pic32c/8.3.1/../../../../pic32c/lib/thumb/v6-m/nofp\libg-musl.a(__pop_ptr.o)
 .ARM.attributes
                0x00000820       0x2e c:/program files/microchip/xc32/v4.00/bin/bin/../../lib/gcc/pic32c/8.3.1/../../../../pic32c/lib/thumb/v6-m/nofp\libg-musl.a(stpcpy.o)
 .ARM.attributes
                0x0000084e       0x2e c:/program files/microchip/xc32/v4.00/bin/bin/../../lib/gcc/pic32c/8.3.1/../../../../pic32c/lib/thumb/v6-m/nofp\libg-musl.a(__int_vsnprintf.o)
 .ARM.attributes
                0x0000087c       0x2e c:/program files/microchip/xc32/v4.00/bin/bin/../../lib/gcc/pic32c/8.3.1/../../../../pic32c/lib/thumb/v6-m/nofp\libg-musl.a(__int_vfprintf.o)
 .ARM.attributes
                0x000008aa       0x2c c:/program files/microchip/xc32/v4.00/bin/bin/../../lib/gcc/pic32c/8.3.1/../../../../pic32c/lib/thumb/v6-m/nofp\libm-emfloat.a(lib_a-_FLOOR.o)
 .ARM.attributes
                0x000008d6       0x2c c:/program files/microchip/xc32/v4.00/bin/bin/../../lib/gcc/pic32c/8.3.1/../../../../pic32c/lib/thumb/v6-m/nofp\libm-emfloat.a(lib_a-_FMA.o)
 .ARM.attributes
                0x00000902       0x1e c:/program files/microchip/xc32/v4.00/bin/bin/../../lib/gcc/pic32c/8.3.1/thumb/v6-m/nofp\libgcc.a(_udivsi3.o)
 .ARM.attributes
                0x00000920       0x1e c:/program files/microchip/xc32/v4.00/bin/bin/../../lib/gcc/pic32c/8.3.1/thumb/v6-m/nofp\libgcc.a(_divsi3.o)
 .ARM.attributes
                0x0000093e       0x1e c:/program files/microchip/xc32/v4.00/bin/bin/../../lib/gcc/pic32c/8.3.1/thumb/v6-m/nofp\libgcc.a(_dvmd_tls.o)
 .ARM.attributes
                0x0000095c       0x1e c:/program files/microchip/xc32/v4.00/bin/bin/../../lib/gcc/pic32c/8.3.1/thumb/v6-m/nofp\libgcc.a(_aeabi_uldivmod.o)
 .ARM.attributes
                0x0000097a       0x2c c:/program files/microchip/xc32/v4.00/bin/bin/../../lib/gcc/pic32c/8.3.1/thumb/v6-m/nofp\libgcc.a(_muldi3.o)
 .ARM.attributes
                0x000009a6       0x2c c:/program files/microchip/xc32/v4.00/bin/bin/../../lib/gcc/pic32c/8.3.1/thumb/v6-m/nofp\libgcc.a(_udivmoddi4.o)
 .ARM.attributes
                0x000009d2       0x1e c:/program files/microchip/xc32/v4.00/bin/bin/../../lib/gcc/pic32c/8.3.1/thumb/v6-m/nofp\libgcc.a(_clzdi2.o)
 .ARM.attributes
                0x000009f0       0x1e c:/program files/microchip/xc32/v4.00/bin/bin/../../lib/gcc/pic32c/8.3.1/thumb/v6-m/nofp\libgcc.a(_clzsi2.o)
 .ARM.attributes
                0x00000a0e       0x1e c:/program files/microchip/xc32/v4.00/bin/bin/../../lib/gcc/pic32c/8.3.1/thumb/v6-m/nofp/crtn.o

.comment        0x00000000       0x53
 .comment       0x00000000       0x53 c:/program files/microchip/xc32/v4.00/bin/bin/../../lib/gcc/pic32c/8.3.1/thumb/v6-m/nofp/crtbegin.o
                                 0x54 (size before relaxing)
 .comment       0x00000053       0x54 build/Trinket_USB_2/debug/_ext/2108104030/drv_usbfsv1.o
 .comment       0x00000053       0x54 build/Trinket_USB_2/debug/_ext/2108104030/drv_usbfsv1_device.o
 .comment       0x00000053       0x54 build/Trinket_USB_2/debug/_ext/140414528/plib_adc.o
 .comment       0x00000053       0x54 build/Trinket_USB_2/debug/_ext/1796475310/plib_clock.o
 .comment       0x00000053       0x54 build/Trinket_USB_2/debug/_ext/1798624796/plib_evsys.o
 .comment       0x00000053       0x54 build/Trinket_USB_2/debug/_ext/58287938/plib_nvic.o
 .comment       0x00000053       0x54 build/Trinket_USB_2/debug/_ext/1292982576/plib_nvmctrl.o
 .comment       0x00000053       0x54 build/Trinket_USB_2/debug/_ext/58341089/plib_port.o
 .comment       0x00000053       0x54 build/Trinket_USB_2/debug/_ext/499838197/plib_sercom0_i2c_master.o
 .comment       0x00000053       0x54 build/Trinket_USB_2/debug/_ext/1390003407/plib_tc3.o
 .comment       0x00000053       0x54 build/Trinket_USB_2/debug/_ext/1961919639/sys_int.o
 .comment       0x00000053       0x54 build/Trinket_USB_2/debug/_ext/1909065425/sys_time.o
 .comment       0x00000053       0x54 build/Trinket_USB_2/debug/_ext/1390297478/usb_device.o
 .comment       0x00000053       0x54 build/Trinket_USB_2/debug/_ext/1390297478/usb_device_cdc.o
 .comment       0x00000053       0x54 build/Trinket_USB_2/debug/_ext/1390297478/usb_device_cdc_acm.o
 .comment       0x00000053       0x54 build/Trinket_USB_2/debug/_ext/1189347772/initialization.o
 .comment       0x00000053       0x54 build/Trinket_USB_2/debug/_ext/1189347772/interrupts.o
 .comment       0x00000053       0x54 build/Trinket_USB_2/debug/_ext/1189347772/exceptions.o
 .comment       0x00000053       0x54 build/Trinket_USB_2/debug/_ext/1189347772/startup_xc32.o
 .comment       0x00000053       0x54 build/Trinket_USB_2/debug/_ext/1189347772/usb_device_init_data.o
 .comment       0x00000053       0x54 build/Trinket_USB_2/debug/_ext/1189347772/tasks.o
 .comment       0x00000053       0x54 build/Trinket_USB_2/debug/_ext/1360937237/main.o
 .comment       0x00000053       0x54 build/Trinket_USB_2/debug/_ext/1360937237/app_usb.o
 .comment       0x00000053       0x54 build/Trinket_USB_2/debug/_ext/1360937237/i2c.o
 .comment       0x00000053       0x54 build/Trinket_USB_2/debug/_ext/1360937237/ms8607.o
 .comment       0x00000053       0x54 c:/program files/microchip/xc32/v4.00/bin/bin/../../lib/gcc/pic32c/8.3.1/../../../../pic32c/lib/thumb/v6-m/nofp\libpic32c.a(data_init.o)
 .comment       0x00000053       0x54 c:/program files/microchip/xc32/v4.00/bin/bin/../../lib/gcc/pic32c/8.3.1/../../../../pic32c/lib/thumb/v6-m/nofp\libg-musl.a(__libc_start_main.o)
 .comment       0x00000053       0x54 c:/program files/microchip/xc32/v4.00/bin/bin/../../lib/gcc/pic32c/8.3.1/../../../../pic32c/lib/thumb/v6-m/nofp\libg-musl.a(__errno_location.o)
 .comment       0x00000053       0x54 c:/program files/microchip/xc32/v4.00/bin/bin/../../lib/gcc/pic32c/8.3.1/../../../../pic32c/lib/thumb/v6-m/nofp\libg-musl.a(libc.o)
 .comment       0x00000053       0x54 c:/program files/microchip/xc32/v4.00/bin/bin/../../lib/gcc/pic32c/8.3.1/../../../../pic32c/lib/thumb/v6-m/nofp\libg-musl.a(__sio_sprintf_fs.o)
 .comment       0x00000053       0x54 c:/program files/microchip/xc32/v4.00/bin/bin/../../lib/gcc/pic32c/8.3.1/../../../../pic32c/lib/thumb/v6-m/nofp\libg-musl.a(__fmt_fp.o)
 .comment       0x00000053       0x54 c:/program files/microchip/xc32/v4.00/bin/bin/../../lib/gcc/pic32c/8.3.1/../../../../pic32c/lib/thumb/v6-m/nofp\libg-musl.a(__fmt_s.o)
 .comment       0x00000053       0x54 c:/program files/microchip/xc32/v4.00/bin/bin/../../lib/gcc/pic32c/8.3.1/../../../../pic32c/lib/thumb/v6-m/nofp\libg-musl.a(__printf_core.o)
 .comment       0x00000053       0x54 c:/program files/microchip/xc32/v4.00/bin/bin/../../lib/gcc/pic32c/8.3.1/../../../../pic32c/lib/thumb/v6-m/nofp\libg-musl.a(atoi.o)
 .comment       0x00000053       0x54 c:/program files/microchip/xc32/v4.00/bin/bin/../../lib/gcc/pic32c/8.3.1/../../../../pic32c/lib/thumb/v6-m/nofp\libg-musl.a(memcpy.o)
 .comment       0x00000053       0x54 c:/program files/microchip/xc32/v4.00/bin/bin/../../lib/gcc/pic32c/8.3.1/../../../../pic32c/lib/thumb/v6-m/nofp\libg-musl.a(memset.o)
 .comment       0x00000053       0x54 c:/program files/microchip/xc32/v4.00/bin/bin/../../lib/gcc/pic32c/8.3.1/../../../../pic32c/lib/thumb/v6-m/nofp\libg-musl.a(strlen.o)
 .comment       0x00000053       0x54 c:/program files/microchip/xc32/v4.00/bin/bin/../../lib/gcc/pic32c/8.3.1/../../../../pic32c/lib/thumb/v6-m/nofp\libg-musl.a(strcpy.o)
 .comment       0x00000053       0x54 c:/program files/microchip/xc32/v4.00/bin/bin/../../lib/gcc/pic32c/8.3.1/../../../../pic32c/lib/thumb/v6-m/nofp\libg-musl.a(tolower.o)
 .comment       0x00000053       0x54 c:/program files/microchip/xc32/v4.00/bin/bin/../../lib/gcc/pic32c/8.3.1/../../../../pic32c/lib/thumb/v6-m/nofp\libg-musl.a(__environ.o)
 .comment       0x00000053       0x54 c:/program files/microchip/xc32/v4.00/bin/bin/../../lib/gcc/pic32c/8.3.1/../../../../pic32c/lib/thumb/v6-m/nofp\libg-musl.a(__int_vsprintf.o)
 .comment       0x00000053       0x54 c:/program files/microchip/xc32/v4.00/bin/bin/../../lib/gcc/pic32c/8.3.1/../../../../pic32c/lib/thumb/v6-m/nofp\libg-musl.a(__pop_float.o)
 .comment       0x00000053       0x54 c:/program files/microchip/xc32/v4.00/bin/bin/../../lib/gcc/pic32c/8.3.1/../../../../pic32c/lib/thumb/v6-m/nofp\libg-musl.a(__pop_int.o)
 .comment       0x00000053       0x54 c:/program files/microchip/xc32/v4.00/bin/bin/../../lib/gcc/pic32c/8.3.1/../../../../pic32c/lib/thumb/v6-m/nofp\libg-musl.a(__pop_ptr.o)
 .comment       0x00000053       0x54 c:/program files/microchip/xc32/v4.00/bin/bin/../../lib/gcc/pic32c/8.3.1/../../../../pic32c/lib/thumb/v6-m/nofp\libg-musl.a(stpcpy.o)
 .comment       0x00000053       0x54 c:/program files/microchip/xc32/v4.00/bin/bin/../../lib/gcc/pic32c/8.3.1/../../../../pic32c/lib/thumb/v6-m/nofp\libg-musl.a(__int_vsnprintf.o)
 .comment       0x00000053       0x54 c:/program files/microchip/xc32/v4.00/bin/bin/../../lib/gcc/pic32c/8.3.1/../../../../pic32c/lib/thumb/v6-m/nofp\libg-musl.a(__int_vfprintf.o)
 .comment       0x00000053       0x54 c:/program files/microchip/xc32/v4.00/bin/bin/../../lib/gcc/pic32c/8.3.1/../../../../pic32c/lib/thumb/v6-m/nofp\libm-emfloat.a(lib_a-_FLOOR.o)
 .comment       0x00000053       0x54 c:/program files/microchip/xc32/v4.00/bin/bin/../../lib/gcc/pic32c/8.3.1/../../../../pic32c/lib/thumb/v6-m/nofp\libm-emfloat.a(lib_a-_FMA.o)
 .comment       0x00000053       0x54 c:/program files/microchip/xc32/v4.00/bin/bin/../../lib/gcc/pic32c/8.3.1/thumb/v6-m/nofp\libgcc.a(_muldi3.o)
 .comment       0x00000053       0x54 c:/program files/microchip/xc32/v4.00/bin/bin/../../lib/gcc/pic32c/8.3.1/thumb/v6-m/nofp\libgcc.a(_udivmoddi4.o)

.debug_info     0x00000000    0x4729f
 .debug_info    0x00000000     0x56b5 build/Trinket_USB_2/debug/_ext/2108104030/drv_usbfsv1.o
 .debug_info    0x000056b5     0x6710 build/Trinket_USB_2/debug/_ext/2108104030/drv_usbfsv1_device.o
 .debug_info    0x0000bdc5      0xdf3 build/Trinket_USB_2/debug/_ext/140414528/plib_adc.o
 .debug_info    0x0000cbb8      0xa69 build/Trinket_USB_2/debug/_ext/1796475310/plib_clock.o
 .debug_info    0x0000d621      0x34f build/Trinket_USB_2/debug/_ext/1798624796/plib_evsys.o
 .debug_info    0x0000d970      0xac0 build/Trinket_USB_2/debug/_ext/58287938/plib_nvic.o
 .debug_info    0x0000e430      0x8e0 build/Trinket_USB_2/debug/_ext/1292982576/plib_nvmctrl.o
 .debug_info    0x0000ed10      0xbf1 build/Trinket_USB_2/debug/_ext/58341089/plib_port.o
 .debug_info    0x0000f901     0x181c build/Trinket_USB_2/debug/_ext/499838197/plib_sercom0_i2c_master.o
 .debug_info    0x0001111d      0xc7d build/Trinket_USB_2/debug/_ext/1390003407/plib_tc3.o
 .debug_info    0x00011d9a      0x9a9 build/Trinket_USB_2/debug/_ext/1961919639/sys_int.o
 .debug_info    0x00012743     0x2a96 build/Trinket_USB_2/debug/_ext/1909065425/sys_time.o
 .debug_info    0x000151d9     0x5df5 build/Trinket_USB_2/debug/_ext/1390297478/usb_device.o
 .debug_info    0x0001afce     0x3e89 build/Trinket_USB_2/debug/_ext/1390297478/usb_device_cdc.o
 .debug_info    0x0001ee57     0x1954 build/Trinket_USB_2/debug/_ext/1390297478/usb_device_cdc_acm.o
 .debug_info    0x000207ab     0x4134 build/Trinket_USB_2/debug/_ext/1189347772/initialization.o
 .debug_info    0x000248df     0x3471 build/Trinket_USB_2/debug/_ext/1189347772/interrupts.o
 .debug_info    0x00027d50     0x2efa build/Trinket_USB_2/debug/_ext/1189347772/exceptions.o
 .debug_info    0x0002ac4a      0x4e3 build/Trinket_USB_2/debug/_ext/1189347772/startup_xc32.o
 .debug_info    0x0002b12d     0x3974 build/Trinket_USB_2/debug/_ext/1189347772/usb_device_init_data.o
 .debug_info    0x0002eaa1     0x2f10 build/Trinket_USB_2/debug/_ext/1189347772/tasks.o
 .debug_info    0x000319b1     0x2ee9 build/Trinket_USB_2/debug/_ext/1360937237/main.o
 .debug_info    0x0003489a     0x4200 build/Trinket_USB_2/debug/_ext/1360937237/app_usb.o
 .debug_info    0x00038a9a      0x568 build/Trinket_USB_2/debug/_ext/1360937237/i2c.o
 .debug_info    0x00039002     0x1cb8 build/Trinket_USB_2/debug/_ext/1360937237/ms8607.o
 .debug_info    0x0003acba      0x2d1 c:/program files/microchip/xc32/v4.00/bin/bin/../../lib/gcc/pic32c/8.3.1/../../../../pic32c/lib/thumb/v6-m/nofp\libpic32c.a(data_init.o)
 .debug_info    0x0003af8b      0x6a9 c:/program files/microchip/xc32/v4.00/bin/bin/../../lib/gcc/pic32c/8.3.1/../../../../pic32c/lib/thumb/v6-m/nofp\libg-musl.a(__libc_start_main.o)
 .debug_info    0x0003b634      0x570 c:/program files/microchip/xc32/v4.00/bin/bin/../../lib/gcc/pic32c/8.3.1/../../../../pic32c/lib/thumb/v6-m/nofp\libg-musl.a(__errno_location.o)
 .debug_info    0x0003bba4      0x5d5 c:/program files/microchip/xc32/v4.00/bin/bin/../../lib/gcc/pic32c/8.3.1/../../../../pic32c/lib/thumb/v6-m/nofp\libg-musl.a(libc.o)
 .debug_info    0x0003c179      0x6fd c:/program files/microchip/xc32/v4.00/bin/bin/../../lib/gcc/pic32c/8.3.1/../../../../pic32c/lib/thumb/v6-m/nofp\libg-musl.a(__sio_sprintf_fs.o)
 .debug_info    0x0003c876      0xc39 c:/program files/microchip/xc32/v4.00/bin/bin/../../lib/gcc/pic32c/8.3.1/../../../../pic32c/lib/thumb/v6-m/nofp\libg-musl.a(__fmt_fp.o)
 .debug_info    0x0003d4af      0x870 c:/program files/microchip/xc32/v4.00/bin/bin/../../lib/gcc/pic32c/8.3.1/../../../../pic32c/lib/thumb/v6-m/nofp\libg-musl.a(__fmt_s.o)
 .debug_info    0x0003dd1f     0x101f c:/program files/microchip/xc32/v4.00/bin/bin/../../lib/gcc/pic32c/8.3.1/../../../../pic32c/lib/thumb/v6-m/nofp\libg-musl.a(__printf_core.o)
 .debug_info    0x0003ed3e      0x318 c:/program files/microchip/xc32/v4.00/bin/bin/../../lib/gcc/pic32c/8.3.1/../../../../pic32c/lib/thumb/v6-m/nofp\libg-musl.a(atoi.o)
 .debug_info    0x0003f056      0x30e c:/program files/microchip/xc32/v4.00/bin/bin/../../lib/gcc/pic32c/8.3.1/../../../../pic32c/lib/thumb/v6-m/nofp\libg-musl.a(memcpy.o)
 .debug_info    0x0003f364      0x2d2 c:/program files/microchip/xc32/v4.00/bin/bin/../../lib/gcc/pic32c/8.3.1/../../../../pic32c/lib/thumb/v6-m/nofp\libg-musl.a(memset.o)
 .debug_info    0x0003f636      0x2c3 c:/program files/microchip/xc32/v4.00/bin/bin/../../lib/gcc/pic32c/8.3.1/../../../../pic32c/lib/thumb/v6-m/nofp\libg-musl.a(strlen.o)
 .debug_info    0x0003f8f9      0x2d1 c:/program files/microchip/xc32/v4.00/bin/bin/../../lib/gcc/pic32c/8.3.1/../../../../pic32c/lib/thumb/v6-m/nofp\libg-musl.a(strcpy.o)
 .debug_info    0x0003fbca      0x5f9 c:/program files/microchip/xc32/v4.00/bin/bin/../../lib/gcc/pic32c/8.3.1/../../../../pic32c/lib/thumb/v6-m/nofp\libg-musl.a(tolower.o)
 .debug_info    0x000401c3      0x58c c:/program files/microchip/xc32/v4.00/bin/bin/../../lib/gcc/pic32c/8.3.1/../../../../pic32c/lib/thumb/v6-m/nofp\libg-musl.a(__environ.o)
 .debug_info    0x0004074f      0x699 c:/program files/microchip/xc32/v4.00/bin/bin/../../lib/gcc/pic32c/8.3.1/../../../../pic32c/lib/thumb/v6-m/nofp\libg-musl.a(__int_vsprintf.o)
 .debug_info    0x00040de8      0x756 c:/program files/microchip/xc32/v4.00/bin/bin/../../lib/gcc/pic32c/8.3.1/../../../../pic32c/lib/thumb/v6-m/nofp\libg-musl.a(__pop_float.o)
 .debug_info    0x0004153e      0x77a c:/program files/microchip/xc32/v4.00/bin/bin/../../lib/gcc/pic32c/8.3.1/../../../../pic32c/lib/thumb/v6-m/nofp\libg-musl.a(__pop_int.o)
 .debug_info    0x00041cb8      0x777 c:/program files/microchip/xc32/v4.00/bin/bin/../../lib/gcc/pic32c/8.3.1/../../../../pic32c/lib/thumb/v6-m/nofp\libg-musl.a(__pop_ptr.o)
 .debug_info    0x0004242f      0x5af c:/program files/microchip/xc32/v4.00/bin/bin/../../lib/gcc/pic32c/8.3.1/../../../../pic32c/lib/thumb/v6-m/nofp\libg-musl.a(stpcpy.o)
 .debug_info    0x000429de      0x773 c:/program files/microchip/xc32/v4.00/bin/bin/../../lib/gcc/pic32c/8.3.1/../../../../pic32c/lib/thumb/v6-m/nofp\libg-musl.a(__int_vsnprintf.o)
 .debug_info    0x00043151      0x777 c:/program files/microchip/xc32/v4.00/bin/bin/../../lib/gcc/pic32c/8.3.1/../../../../pic32c/lib/thumb/v6-m/nofp\libg-musl.a(__int_vfprintf.o)
 .debug_info    0x000438c8       0x26 c:/program files/microchip/xc32/v4.00/bin/bin/../../lib/gcc/pic32c/8.3.1/thumb/v6-m/nofp\libgcc.a(_udivsi3.o)
 .debug_info    0x000438ee       0x26 c:/program files/microchip/xc32/v4.00/bin/bin/../../lib/gcc/pic32c/8.3.1/thumb/v6-m/nofp\libgcc.a(_divsi3.o)
 .debug_info    0x00043914       0x26 c:/program files/microchip/xc32/v4.00/bin/bin/../../lib/gcc/pic32c/8.3.1/thumb/v6-m/nofp\libgcc.a(_dvmd_tls.o)
 .debug_info    0x0004393a       0x26 c:/program files/microchip/xc32/v4.00/bin/bin/../../lib/gcc/pic32c/8.3.1/thumb/v6-m/nofp\libgcc.a(_aeabi_uldivmod.o)
 .debug_info    0x00043960     0x1cd3 c:/program files/microchip/xc32/v4.00/bin/bin/../../lib/gcc/pic32c/8.3.1/thumb/v6-m/nofp\libgcc.a(_muldi3.o)
 .debug_info    0x00045633     0x1c20 c:/program files/microchip/xc32/v4.00/bin/bin/../../lib/gcc/pic32c/8.3.1/thumb/v6-m/nofp\libgcc.a(_udivmoddi4.o)
 .debug_info    0x00047253       0x26 c:/program files/microchip/xc32/v4.00/bin/bin/../../lib/gcc/pic32c/8.3.1/thumb/v6-m/nofp\libgcc.a(_clzdi2.o)
 .debug_info    0x00047279       0x26 c:/program files/microchip/xc32/v4.00/bin/bin/../../lib/gcc/pic32c/8.3.1/thumb/v6-m/nofp\libgcc.a(_clzsi2.o)

.debug_abbrev   0x00000000     0x5f7c
 .debug_abbrev  0x00000000      0x4e5 build/Trinket_USB_2/debug/_ext/2108104030/drv_usbfsv1.o
 .debug_abbrev  0x000004e5      0x5ed build/Trinket_USB_2/debug/_ext/2108104030/drv_usbfsv1_device.o
 .debug_abbrev  0x00000ad2      0x1c0 build/Trinket_USB_2/debug/_ext/140414528/plib_adc.o
 .debug_abbrev  0x00000c92      0x13e build/Trinket_USB_2/debug/_ext/1796475310/plib_clock.o
 .debug_abbrev  0x00000dd0       0x3b build/Trinket_USB_2/debug/_ext/1798624796/plib_evsys.o
 .debug_abbrev  0x00000e0b      0x1e1 build/Trinket_USB_2/debug/_ext/58287938/plib_nvic.o
 .debug_abbrev  0x00000fec      0x1b1 build/Trinket_USB_2/debug/_ext/1292982576/plib_nvmctrl.o
 .debug_abbrev  0x0000119d      0x1d6 build/Trinket_USB_2/debug/_ext/58341089/plib_port.o
 .debug_abbrev  0x00001373      0x3bd build/Trinket_USB_2/debug/_ext/499838197/plib_sercom0_i2c_master.o
 .debug_abbrev  0x00001730      0x1e8 build/Trinket_USB_2/debug/_ext/1390003407/plib_tc3.o
 .debug_abbrev  0x00001918      0x246 build/Trinket_USB_2/debug/_ext/1961919639/sys_int.o
 .debug_abbrev  0x00001b5e      0x5da build/Trinket_USB_2/debug/_ext/1909065425/sys_time.o
 .debug_abbrev  0x00002138      0x4e6 build/Trinket_USB_2/debug/_ext/1390297478/usb_device.o
 .debug_abbrev  0x0000261e      0x505 build/Trinket_USB_2/debug/_ext/1390297478/usb_device_cdc.o
 .debug_abbrev  0x00002b23      0x205 build/Trinket_USB_2/debug/_ext/1390297478/usb_device_cdc_acm.o
 .debug_abbrev  0x00002d28      0x2df build/Trinket_USB_2/debug/_ext/1189347772/initialization.o
 .debug_abbrev  0x00003007      0x21d build/Trinket_USB_2/debug/_ext/1189347772/interrupts.o
 .debug_abbrev  0x00003224      0x1ff build/Trinket_USB_2/debug/_ext/1189347772/exceptions.o
 .debug_abbrev  0x00003423      0x110 build/Trinket_USB_2/debug/_ext/1189347772/startup_xc32.o
 .debug_abbrev  0x00003533      0x248 build/Trinket_USB_2/debug/_ext/1189347772/usb_device_init_data.o
 .debug_abbrev  0x0000377b      0x21d build/Trinket_USB_2/debug/_ext/1189347772/tasks.o
 .debug_abbrev  0x00003998      0x238 build/Trinket_USB_2/debug/_ext/1360937237/main.o
 .debug_abbrev  0x00003bd0      0x3dd build/Trinket_USB_2/debug/_ext/1360937237/app_usb.o
 .debug_abbrev  0x00003fad       0xfb build/Trinket_USB_2/debug/_ext/1360937237/i2c.o
 .debug_abbrev  0x000040a8      0x419 build/Trinket_USB_2/debug/_ext/1360937237/ms8607.o
 .debug_abbrev  0x000044c1       0x2e c:/program files/microchip/xc32/v4.00/bin/bin/../../lib/gcc/pic32c/8.3.1/../../../../pic32c/lib/thumb/v6-m/nofp\libpic32c.a(data_init.o)
 .debug_abbrev  0x000044ef      0x126 c:/program files/microchip/xc32/v4.00/bin/bin/../../lib/gcc/pic32c/8.3.1/../../../../pic32c/lib/thumb/v6-m/nofp\libg-musl.a(__libc_start_main.o)
 .debug_abbrev  0x00004615       0xba c:/program files/microchip/xc32/v4.00/bin/bin/../../lib/gcc/pic32c/8.3.1/../../../../pic32c/lib/thumb/v6-m/nofp\libg-musl.a(__errno_location.o)
 .debug_abbrev  0x000046cf       0xc7 c:/program files/microchip/xc32/v4.00/bin/bin/../../lib/gcc/pic32c/8.3.1/../../../../pic32c/lib/thumb/v6-m/nofp\libg-musl.a(libc.o)
 .debug_abbrev  0x00004796      0x186 c:/program files/microchip/xc32/v4.00/bin/bin/../../lib/gcc/pic32c/8.3.1/../../../../pic32c/lib/thumb/v6-m/nofp\libg-musl.a(__sio_sprintf_fs.o)
 .debug_abbrev  0x0000491c      0x1f1 c:/program files/microchip/xc32/v4.00/bin/bin/../../lib/gcc/pic32c/8.3.1/../../../../pic32c/lib/thumb/v6-m/nofp\libg-musl.a(__fmt_fp.o)
 .debug_abbrev  0x00004b0d      0x161 c:/program files/microchip/xc32/v4.00/bin/bin/../../lib/gcc/pic32c/8.3.1/../../../../pic32c/lib/thumb/v6-m/nofp\libg-musl.a(__fmt_s.o)
 .debug_abbrev  0x00004c6e      0x2e1 c:/program files/microchip/xc32/v4.00/bin/bin/../../lib/gcc/pic32c/8.3.1/../../../../pic32c/lib/thumb/v6-m/nofp\libg-musl.a(__printf_core.o)
 .debug_abbrev  0x00004f4f       0xbb c:/program files/microchip/xc32/v4.00/bin/bin/../../lib/gcc/pic32c/8.3.1/../../../../pic32c/lib/thumb/v6-m/nofp\libg-musl.a(atoi.o)
 .debug_abbrev  0x0000500a       0x9c c:/program files/microchip/xc32/v4.00/bin/bin/../../lib/gcc/pic32c/8.3.1/../../../../pic32c/lib/thumb/v6-m/nofp\libg-musl.a(memcpy.o)
 .debug_abbrev  0x000050a6       0x97 c:/program files/microchip/xc32/v4.00/bin/bin/../../lib/gcc/pic32c/8.3.1/../../../../pic32c/lib/thumb/v6-m/nofp\libg-musl.a(memset.o)
 .debug_abbrev  0x0000513d       0x86 c:/program files/microchip/xc32/v4.00/bin/bin/../../lib/gcc/pic32c/8.3.1/../../../../pic32c/lib/thumb/v6-m/nofp\libg-musl.a(strlen.o)
 .debug_abbrev  0x000051c3       0x8e c:/program files/microchip/xc32/v4.00/bin/bin/../../lib/gcc/pic32c/8.3.1/../../../../pic32c/lib/thumb/v6-m/nofp\libg-musl.a(strcpy.o)
 .debug_abbrev  0x00005251      0x112 c:/program files/microchip/xc32/v4.00/bin/bin/../../lib/gcc/pic32c/8.3.1/../../../../pic32c/lib/thumb/v6-m/nofp\libg-musl.a(tolower.o)
 .debug_abbrev  0x00005363       0xc7 c:/program files/microchip/xc32/v4.00/bin/bin/../../lib/gcc/pic32c/8.3.1/../../../../pic32c/lib/thumb/v6-m/nofp\libg-musl.a(__environ.o)
 .debug_abbrev  0x0000542a      0x126 c:/program files/microchip/xc32/v4.00/bin/bin/../../lib/gcc/pic32c/8.3.1/../../../../pic32c/lib/thumb/v6-m/nofp\libg-musl.a(__int_vsprintf.o)
 .debug_abbrev  0x00005550      0x11b c:/program files/microchip/xc32/v4.00/bin/bin/../../lib/gcc/pic32c/8.3.1/../../../../pic32c/lib/thumb/v6-m/nofp\libg-musl.a(__pop_float.o)
 .debug_abbrev  0x0000566b      0x11b c:/program files/microchip/xc32/v4.00/bin/bin/../../lib/gcc/pic32c/8.3.1/../../../../pic32c/lib/thumb/v6-m/nofp\libg-musl.a(__pop_int.o)
 .debug_abbrev  0x00005786      0x11b c:/program files/microchip/xc32/v4.00/bin/bin/../../lib/gcc/pic32c/8.3.1/../../../../pic32c/lib/thumb/v6-m/nofp\libg-musl.a(__pop_ptr.o)
 .debug_abbrev  0x000058a1       0xdf c:/program files/microchip/xc32/v4.00/bin/bin/../../lib/gcc/pic32c/8.3.1/../../../../pic32c/lib/thumb/v6-m/nofp\libg-musl.a(stpcpy.o)
 .debug_abbrev  0x00005980      0x137 c:/program files/microchip/xc32/v4.00/bin/bin/../../lib/gcc/pic32c/8.3.1/../../../../pic32c/lib/thumb/v6-m/nofp\libg-musl.a(__int_vsnprintf.o)
 .debug_abbrev  0x00005ab7      0x15e c:/program files/microchip/xc32/v4.00/bin/bin/../../lib/gcc/pic32c/8.3.1/../../../../pic32c/lib/thumb/v6-m/nofp\libg-musl.a(__int_vfprintf.o)
 .debug_abbrev  0x00005c15       0x14 c:/program files/microchip/xc32/v4.00/bin/bin/../../lib/gcc/pic32c/8.3.1/thumb/v6-m/nofp\libgcc.a(_udivsi3.o)
 .debug_abbrev  0x00005c29       0x14 c:/program files/microchip/xc32/v4.00/bin/bin/../../lib/gcc/pic32c/8.3.1/thumb/v6-m/nofp\libgcc.a(_divsi3.o)
 .debug_abbrev  0x00005c3d       0x14 c:/program files/microchip/xc32/v4.00/bin/bin/../../lib/gcc/pic32c/8.3.1/thumb/v6-m/nofp\libgcc.a(_dvmd_tls.o)
 .debug_abbrev  0x00005c51       0x14 c:/program files/microchip/xc32/v4.00/bin/bin/../../lib/gcc/pic32c/8.3.1/thumb/v6-m/nofp\libgcc.a(_aeabi_uldivmod.o)
 .debug_abbrev  0x00005c65      0x198 c:/program files/microchip/xc32/v4.00/bin/bin/../../lib/gcc/pic32c/8.3.1/thumb/v6-m/nofp\libgcc.a(_muldi3.o)
 .debug_abbrev  0x00005dfd      0x157 c:/program files/microchip/xc32/v4.00/bin/bin/../../lib/gcc/pic32c/8.3.1/thumb/v6-m/nofp\libgcc.a(_udivmoddi4.o)
 .debug_abbrev  0x00005f54       0x14 c:/program files/microchip/xc32/v4.00/bin/bin/../../lib/gcc/pic32c/8.3.1/thumb/v6-m/nofp\libgcc.a(_clzdi2.o)
 .debug_abbrev  0x00005f68       0x14 c:/program files/microchip/xc32/v4.00/bin/bin/../../lib/gcc/pic32c/8.3.1/thumb/v6-m/nofp\libgcc.a(_clzsi2.o)

.debug_loc      0x00000000     0xf935
 .debug_loc     0x00000000      0x7f5 build/Trinket_USB_2/debug/_ext/2108104030/drv_usbfsv1.o
 .debug_loc     0x000007f5     0x2c1d build/Trinket_USB_2/debug/_ext/2108104030/drv_usbfsv1_device.o
 .debug_loc     0x00003412      0x1a9 build/Trinket_USB_2/debug/_ext/140414528/plib_adc.o
 .debug_loc     0x000035bb       0x8e build/Trinket_USB_2/debug/_ext/1796475310/plib_clock.o
 .debug_loc     0x00003649       0xf4 build/Trinket_USB_2/debug/_ext/58287938/plib_nvic.o
 .debug_loc     0x0000373d      0x2f9 build/Trinket_USB_2/debug/_ext/1292982576/plib_nvmctrl.o
 .debug_loc     0x00003a36      0x226 build/Trinket_USB_2/debug/_ext/58341089/plib_port.o
 .debug_loc     0x00003c5c      0xad6 build/Trinket_USB_2/debug/_ext/499838197/plib_sercom0_i2c_master.o
 .debug_loc     0x00004732       0x5f build/Trinket_USB_2/debug/_ext/1390003407/plib_tc3.o
 .debug_loc     0x00004791      0x17d build/Trinket_USB_2/debug/_ext/1961919639/sys_int.o
 .debug_loc     0x0000490e     0x25c7 build/Trinket_USB_2/debug/_ext/1909065425/sys_time.o
 .debug_loc     0x00006ed5     0x2fc0 build/Trinket_USB_2/debug/_ext/1390297478/usb_device.o
 .debug_loc     0x00009e95     0x17ca build/Trinket_USB_2/debug/_ext/1390297478/usb_device_cdc.o
 .debug_loc     0x0000b65f      0x260 build/Trinket_USB_2/debug/_ext/1390297478/usb_device_cdc_acm.o
 .debug_loc     0x0000b8bf       0x45 build/Trinket_USB_2/debug/_ext/1189347772/initialization.o
 .debug_loc     0x0000b904       0x20 build/Trinket_USB_2/debug/_ext/1189347772/startup_xc32.o
 .debug_loc     0x0000b924       0x20 build/Trinket_USB_2/debug/_ext/1189347772/tasks.o
 .debug_loc     0x0000b944       0x20 build/Trinket_USB_2/debug/_ext/1360937237/main.o
 .debug_loc     0x0000b964      0x530 build/Trinket_USB_2/debug/_ext/1360937237/app_usb.o
 .debug_loc     0x0000be94       0xcf build/Trinket_USB_2/debug/_ext/1360937237/i2c.o
 .debug_loc     0x0000bf63     0x1275 build/Trinket_USB_2/debug/_ext/1360937237/ms8607.o
 .debug_loc     0x0000d1d8       0x14 c:/program files/microchip/xc32/v4.00/bin/bin/../../lib/gcc/pic32c/8.3.1/../../../../pic32c/lib/thumb/v6-m/nofp\libpic32c.a(data_init.o)
 .debug_loc     0x0000d1ec       0x5e c:/program files/microchip/xc32/v4.00/bin/bin/../../lib/gcc/pic32c/8.3.1/../../../../pic32c/lib/thumb/v6-m/nofp\libg-musl.a(__libc_start_main.o)
 .debug_loc     0x0000d24a       0x86 c:/program files/microchip/xc32/v4.00/bin/bin/../../lib/gcc/pic32c/8.3.1/../../../../pic32c/lib/thumb/v6-m/nofp\libg-musl.a(__sio_sprintf_fs.o)
 .debug_loc     0x0000d2d0      0xcd2 c:/program files/microchip/xc32/v4.00/bin/bin/../../lib/gcc/pic32c/8.3.1/../../../../pic32c/lib/thumb/v6-m/nofp\libg-musl.a(__fmt_fp.o)
 .debug_loc     0x0000dfa2      0x144 c:/program files/microchip/xc32/v4.00/bin/bin/../../lib/gcc/pic32c/8.3.1/../../../../pic32c/lib/thumb/v6-m/nofp\libg-musl.a(__fmt_s.o)
 .debug_loc     0x0000e0e6      0x6c7 c:/program files/microchip/xc32/v4.00/bin/bin/../../lib/gcc/pic32c/8.3.1/../../../../pic32c/lib/thumb/v6-m/nofp\libg-musl.a(__printf_core.o)
 .debug_loc     0x0000e7ad       0xdc c:/program files/microchip/xc32/v4.00/bin/bin/../../lib/gcc/pic32c/8.3.1/../../../../pic32c/lib/thumb/v6-m/nofp\libg-musl.a(atoi.o)
 .debug_loc     0x0000e889      0x109 c:/program files/microchip/xc32/v4.00/bin/bin/../../lib/gcc/pic32c/8.3.1/../../../../pic32c/lib/thumb/v6-m/nofp\libg-musl.a(memcpy.o)
 .debug_loc     0x0000e992       0x80 c:/program files/microchip/xc32/v4.00/bin/bin/../../lib/gcc/pic32c/8.3.1/../../../../pic32c/lib/thumb/v6-m/nofp\libg-musl.a(memset.o)
 .debug_loc     0x0000ea12       0x54 c:/program files/microchip/xc32/v4.00/bin/bin/../../lib/gcc/pic32c/8.3.1/../../../../pic32c/lib/thumb/v6-m/nofp\libg-musl.a(strlen.o)
 .debug_loc     0x0000ea66       0x74 c:/program files/microchip/xc32/v4.00/bin/bin/../../lib/gcc/pic32c/8.3.1/../../../../pic32c/lib/thumb/v6-m/nofp\libg-musl.a(strcpy.o)
 .debug_loc     0x0000eada       0x8f c:/program files/microchip/xc32/v4.00/bin/bin/../../lib/gcc/pic32c/8.3.1/../../../../pic32c/lib/thumb/v6-m/nofp\libg-musl.a(tolower.o)
 .debug_loc     0x0000eb69       0x8c c:/program files/microchip/xc32/v4.00/bin/bin/../../lib/gcc/pic32c/8.3.1/../../../../pic32c/lib/thumb/v6-m/nofp\libg-musl.a(__int_vsprintf.o)
 .debug_loc     0x0000ebf5       0x6f c:/program files/microchip/xc32/v4.00/bin/bin/../../lib/gcc/pic32c/8.3.1/../../../../pic32c/lib/thumb/v6-m/nofp\libg-musl.a(__pop_float.o)
 .debug_loc     0x0000ec64      0x281 c:/program files/microchip/xc32/v4.00/bin/bin/../../lib/gcc/pic32c/8.3.1/../../../../pic32c/lib/thumb/v6-m/nofp\libg-musl.a(__pop_int.o)
 .debug_loc     0x0000eee5      0x1fe c:/program files/microchip/xc32/v4.00/bin/bin/../../lib/gcc/pic32c/8.3.1/../../../../pic32c/lib/thumb/v6-m/nofp\libg-musl.a(__pop_ptr.o)
 .debug_loc     0x0000f0e3       0x90 c:/program files/microchip/xc32/v4.00/bin/bin/../../lib/gcc/pic32c/8.3.1/../../../../pic32c/lib/thumb/v6-m/nofp\libg-musl.a(stpcpy.o)
 .debug_loc     0x0000f173      0x102 c:/program files/microchip/xc32/v4.00/bin/bin/../../lib/gcc/pic32c/8.3.1/../../../../pic32c/lib/thumb/v6-m/nofp\libg-musl.a(__int_vsnprintf.o)
 .debug_loc     0x0000f275       0xb0 c:/program files/microchip/xc32/v4.00/bin/bin/../../lib/gcc/pic32c/8.3.1/../../../../pic32c/lib/thumb/v6-m/nofp\libg-musl.a(__int_vfprintf.o)
 .debug_loc     0x0000f325      0x1f4 c:/program files/microchip/xc32/v4.00/bin/bin/../../lib/gcc/pic32c/8.3.1/thumb/v6-m/nofp\libgcc.a(_muldi3.o)
 .debug_loc     0x0000f519      0x41c c:/program files/microchip/xc32/v4.00/bin/bin/../../lib/gcc/pic32c/8.3.1/thumb/v6-m/nofp\libgcc.a(_udivmoddi4.o)

.debug_aranges  0x00000000      0xdb0
 .debug_aranges
                0x00000000       0x80 build/Trinket_USB_2/debug/_ext/2108104030/drv_usbfsv1.o
 .debug_aranges
                0x00000080       0xb8 build/Trinket_USB_2/debug/_ext/2108104030/drv_usbfsv1_device.o
 .debug_aranges
                0x00000138       0x78 build/Trinket_USB_2/debug/_ext/140414528/plib_adc.o
 .debug_aranges
                0x000001b0       0x20 build/Trinket_USB_2/debug/_ext/1796475310/plib_clock.o
 .debug_aranges
                0x000001d0       0x20 build/Trinket_USB_2/debug/_ext/1798624796/plib_evsys.o
 .debug_aranges
                0x000001f0       0x38 build/Trinket_USB_2/debug/_ext/58287938/plib_nvic.o
 .debug_aranges
                0x00000228       0x70 build/Trinket_USB_2/debug/_ext/1292982576/plib_nvmctrl.o
 .debug_aranges
                0x00000298       0x70 build/Trinket_USB_2/debug/_ext/58341089/plib_port.o
 .debug_aranges
                0x00000308       0x68 build/Trinket_USB_2/debug/_ext/499838197/plib_sercom0_i2c_master.o
 .debug_aranges
                0x00000370       0x78 build/Trinket_USB_2/debug/_ext/1390003407/plib_tc3.o
 .debug_aranges
                0x000003e8       0x40 build/Trinket_USB_2/debug/_ext/1961919639/sys_int.o
 .debug_aranges
                0x00000428      0x130 build/Trinket_USB_2/debug/_ext/1909065425/sys_time.o
 .debug_aranges
                0x00000558      0x1a0 build/Trinket_USB_2/debug/_ext/1390297478/usb_device.o
 .debug_aranges
                0x000006f8       0x88 build/Trinket_USB_2/debug/_ext/1390297478/usb_device_cdc.o
 .debug_aranges
                0x00000780       0x20 build/Trinket_USB_2/debug/_ext/1390297478/usb_device_cdc_acm.o
 .debug_aranges
                0x000007a0       0x20 build/Trinket_USB_2/debug/_ext/1189347772/initialization.o
 .debug_aranges
                0x000007c0       0x20 build/Trinket_USB_2/debug/_ext/1189347772/interrupts.o
 .debug_aranges
                0x000007e0       0x28 build/Trinket_USB_2/debug/_ext/1189347772/exceptions.o
 .debug_aranges
                0x00000808       0x28 build/Trinket_USB_2/debug/_ext/1189347772/startup_xc32.o
 .debug_aranges
                0x00000830       0x18 build/Trinket_USB_2/debug/_ext/1189347772/usb_device_init_data.o
 .debug_aranges
                0x00000848       0x20 build/Trinket_USB_2/debug/_ext/1189347772/tasks.o
 .debug_aranges
                0x00000868       0x20 build/Trinket_USB_2/debug/_ext/1360937237/main.o
 .debug_aranges
                0x00000888       0x50 build/Trinket_USB_2/debug/_ext/1360937237/app_usb.o
 .debug_aranges
                0x000008d8       0x30 build/Trinket_USB_2/debug/_ext/1360937237/i2c.o
 .debug_aranges
                0x00000908       0xb8 build/Trinket_USB_2/debug/_ext/1360937237/ms8607.o
 .debug_aranges
                0x000009c0       0x20 c:/program files/microchip/xc32/v4.00/bin/bin/../../lib/gcc/pic32c/8.3.1/../../../../pic32c/lib/thumb/v6-m/nofp\libpic32c.a(data_init.o)
 .debug_aranges
                0x000009e0       0x28 c:/program files/microchip/xc32/v4.00/bin/bin/../../lib/gcc/pic32c/8.3.1/../../../../pic32c/lib/thumb/v6-m/nofp\libg-musl.a(__libc_start_main.o)
 .debug_aranges
                0x00000a08       0x18 c:/program files/microchip/xc32/v4.00/bin/bin/../../lib/gcc/pic32c/8.3.1/../../../../pic32c/lib/thumb/v6-m/nofp\libg-musl.a(__errno_location.o)
 .debug_aranges
                0x00000a20       0x18 c:/program files/microchip/xc32/v4.00/bin/bin/../../lib/gcc/pic32c/8.3.1/../../../../pic32c/lib/thumb/v6-m/nofp\libg-musl.a(libc.o)
 .debug_aranges
                0x00000a38       0x28 c:/program files/microchip/xc32/v4.00/bin/bin/../../lib/gcc/pic32c/8.3.1/../../../../pic32c/lib/thumb/v6-m/nofp\libg-musl.a(__sio_sprintf_fs.o)
 .debug_aranges
                0x00000a60       0x20 c:/program files/microchip/xc32/v4.00/bin/bin/../../lib/gcc/pic32c/8.3.1/../../../../pic32c/lib/thumb/v6-m/nofp\libg-musl.a(__fmt_fp.o)
 .debug_aranges
                0x00000a80       0x20 c:/program files/microchip/xc32/v4.00/bin/bin/../../lib/gcc/pic32c/8.3.1/../../../../pic32c/lib/thumb/v6-m/nofp\libg-musl.a(__fmt_s.o)
 .debug_aranges
                0x00000aa0       0x50 c:/program files/microchip/xc32/v4.00/bin/bin/../../lib/gcc/pic32c/8.3.1/../../../../pic32c/lib/thumb/v6-m/nofp\libg-musl.a(__printf_core.o)
 .debug_aranges
                0x00000af0       0x20 c:/program files/microchip/xc32/v4.00/bin/bin/../../lib/gcc/pic32c/8.3.1/../../../../pic32c/lib/thumb/v6-m/nofp\libg-musl.a(atoi.o)
 .debug_aranges
                0x00000b10       0x20 c:/program files/microchip/xc32/v4.00/bin/bin/../../lib/gcc/pic32c/8.3.1/../../../../pic32c/lib/thumb/v6-m/nofp\libg-musl.a(memcpy.o)
 .debug_aranges
                0x00000b30       0x20 c:/program files/microchip/xc32/v4.00/bin/bin/../../lib/gcc/pic32c/8.3.1/../../../../pic32c/lib/thumb/v6-m/nofp\libg-musl.a(memset.o)
 .debug_aranges
                0x00000b50       0x20 c:/program files/microchip/xc32/v4.00/bin/bin/../../lib/gcc/pic32c/8.3.1/../../../../pic32c/lib/thumb/v6-m/nofp\libg-musl.a(strlen.o)
 .debug_aranges
                0x00000b70       0x20 c:/program files/microchip/xc32/v4.00/bin/bin/../../lib/gcc/pic32c/8.3.1/../../../../pic32c/lib/thumb/v6-m/nofp\libg-musl.a(strcpy.o)
 .debug_aranges
                0x00000b90       0x28 c:/program files/microchip/xc32/v4.00/bin/bin/../../lib/gcc/pic32c/8.3.1/../../../../pic32c/lib/thumb/v6-m/nofp\libg-musl.a(tolower.o)
 .debug_aranges
                0x00000bb8       0x18 c:/program files/microchip/xc32/v4.00/bin/bin/../../lib/gcc/pic32c/8.3.1/../../../../pic32c/lib/thumb/v6-m/nofp\libg-musl.a(__environ.o)
 .debug_aranges
                0x00000bd0       0x20 c:/program files/microchip/xc32/v4.00/bin/bin/../../lib/gcc/pic32c/8.3.1/../../../../pic32c/lib/thumb/v6-m/nofp\libg-musl.a(__int_vsprintf.o)
 .debug_aranges
                0x00000bf0       0x20 c:/program files/microchip/xc32/v4.00/bin/bin/../../lib/gcc/pic32c/8.3.1/../../../../pic32c/lib/thumb/v6-m/nofp\libg-musl.a(__pop_float.o)
 .debug_aranges
                0x00000c10       0x20 c:/program files/microchip/xc32/v4.00/bin/bin/../../lib/gcc/pic32c/8.3.1/../../../../pic32c/lib/thumb/v6-m/nofp\libg-musl.a(__pop_int.o)
 .debug_aranges
                0x00000c30       0x20 c:/program files/microchip/xc32/v4.00/bin/bin/../../lib/gcc/pic32c/8.3.1/../../../../pic32c/lib/thumb/v6-m/nofp\libg-musl.a(__pop_ptr.o)
 .debug_aranges
                0x00000c50       0x20 c:/program files/microchip/xc32/v4.00/bin/bin/../../lib/gcc/pic32c/8.3.1/../../../../pic32c/lib/thumb/v6-m/nofp\libg-musl.a(stpcpy.o)
 .debug_aranges
                0x00000c70       0x20 c:/program files/microchip/xc32/v4.00/bin/bin/../../lib/gcc/pic32c/8.3.1/../../../../pic32c/lib/thumb/v6-m/nofp\libg-musl.a(__int_vsnprintf.o)
 .debug_aranges
                0x00000c90       0x20 c:/program files/microchip/xc32/v4.00/bin/bin/../../lib/gcc/pic32c/8.3.1/../../../../pic32c/lib/thumb/v6-m/nofp\libg-musl.a(__int_vfprintf.o)
 .debug_aranges
                0x00000cb0       0x20 c:/program files/microchip/xc32/v4.00/bin/bin/../../lib/gcc/pic32c/8.3.1/thumb/v6-m/nofp\libgcc.a(_udivsi3.o)
 .debug_aranges
                0x00000cd0       0x20 c:/program files/microchip/xc32/v4.00/bin/bin/../../lib/gcc/pic32c/8.3.1/thumb/v6-m/nofp\libgcc.a(_divsi3.o)
 .debug_aranges
                0x00000cf0       0x20 c:/program files/microchip/xc32/v4.00/bin/bin/../../lib/gcc/pic32c/8.3.1/thumb/v6-m/nofp\libgcc.a(_dvmd_tls.o)
 .debug_aranges
                0x00000d10       0x20 c:/program files/microchip/xc32/v4.00/bin/bin/../../lib/gcc/pic32c/8.3.1/thumb/v6-m/nofp\libgcc.a(_aeabi_uldivmod.o)
 .debug_aranges
                0x00000d30       0x20 c:/program files/microchip/xc32/v4.00/bin/bin/../../lib/gcc/pic32c/8.3.1/thumb/v6-m/nofp\libgcc.a(_muldi3.o)
 .debug_aranges
                0x00000d50       0x20 c:/program files/microchip/xc32/v4.00/bin/bin/../../lib/gcc/pic32c/8.3.1/thumb/v6-m/nofp\libgcc.a(_udivmoddi4.o)
 .debug_aranges
                0x00000d70       0x20 c:/program files/microchip/xc32/v4.00/bin/bin/../../lib/gcc/pic32c/8.3.1/thumb/v6-m/nofp\libgcc.a(_clzdi2.o)
 .debug_aranges
                0x00000d90       0x20 c:/program files/microchip/xc32/v4.00/bin/bin/../../lib/gcc/pic32c/8.3.1/thumb/v6-m/nofp\libgcc.a(_clzsi2.o)

.debug_ranges   0x00000000      0xcb8
 .debug_ranges  0x00000000       0x70 build/Trinket_USB_2/debug/_ext/2108104030/drv_usbfsv1.o
 .debug_ranges  0x00000070      0x168 build/Trinket_USB_2/debug/_ext/2108104030/drv_usbfsv1_device.o
 .debug_ranges  0x000001d8       0x68 build/Trinket_USB_2/debug/_ext/140414528/plib_adc.o
 .debug_ranges  0x00000240       0x28 build/Trinket_USB_2/debug/_ext/1796475310/plib_clock.o
 .debug_ranges  0x00000268       0x10 build/Trinket_USB_2/debug/_ext/1798624796/plib_evsys.o
 .debug_ranges  0x00000278       0x28 build/Trinket_USB_2/debug/_ext/58287938/plib_nvic.o
 .debug_ranges  0x000002a0       0x60 build/Trinket_USB_2/debug/_ext/1292982576/plib_nvmctrl.o
 .debug_ranges  0x00000300       0x60 build/Trinket_USB_2/debug/_ext/58341089/plib_port.o
 .debug_ranges  0x00000360       0xd8 build/Trinket_USB_2/debug/_ext/499838197/plib_sercom0_i2c_master.o
 .debug_ranges  0x00000438       0x68 build/Trinket_USB_2/debug/_ext/1390003407/plib_tc3.o
 .debug_ranges  0x000004a0       0x48 build/Trinket_USB_2/debug/_ext/1961919639/sys_int.o
 .debug_ranges  0x000004e8      0x1a8 build/Trinket_USB_2/debug/_ext/1909065425/sys_time.o
 .debug_ranges  0x00000690      0x190 build/Trinket_USB_2/debug/_ext/1390297478/usb_device.o
 .debug_ranges  0x00000820       0xc0 build/Trinket_USB_2/debug/_ext/1390297478/usb_device_cdc.o
 .debug_ranges  0x000008e0       0x10 build/Trinket_USB_2/debug/_ext/1390297478/usb_device_cdc_acm.o
 .debug_ranges  0x000008f0       0x10 build/Trinket_USB_2/debug/_ext/1189347772/initialization.o
 .debug_ranges  0x00000900       0x10 build/Trinket_USB_2/debug/_ext/1189347772/interrupts.o
 .debug_ranges  0x00000910       0x18 build/Trinket_USB_2/debug/_ext/1189347772/exceptions.o
 .debug_ranges  0x00000928       0x18 build/Trinket_USB_2/debug/_ext/1189347772/startup_xc32.o
 .debug_ranges  0x00000940       0x10 build/Trinket_USB_2/debug/_ext/1189347772/tasks.o
 .debug_ranges  0x00000950       0x10 build/Trinket_USB_2/debug/_ext/1360937237/main.o
 .debug_ranges  0x00000960       0x40 build/Trinket_USB_2/debug/_ext/1360937237/app_usb.o
 .debug_ranges  0x000009a0       0x20 build/Trinket_USB_2/debug/_ext/1360937237/i2c.o
 .debug_ranges  0x000009c0      0x120 build/Trinket_USB_2/debug/_ext/1360937237/ms8607.o
 .debug_ranges  0x00000ae0       0x10 c:/program files/microchip/xc32/v4.00/bin/bin/../../lib/gcc/pic32c/8.3.1/../../../../pic32c/lib/thumb/v6-m/nofp\libpic32c.a(data_init.o)
 .debug_ranges  0x00000af0       0x30 c:/program files/microchip/xc32/v4.00/bin/bin/../../lib/gcc/pic32c/8.3.1/../../../../pic32c/lib/thumb/v6-m/nofp\libg-musl.a(__libc_start_main.o)
 .debug_ranges  0x00000b20       0x18 c:/program files/microchip/xc32/v4.00/bin/bin/../../lib/gcc/pic32c/8.3.1/../../../../pic32c/lib/thumb/v6-m/nofp\libg-musl.a(__sio_sprintf_fs.o)
 .debug_ranges  0x00000b38       0x10 c:/program files/microchip/xc32/v4.00/bin/bin/../../lib/gcc/pic32c/8.3.1/../../../../pic32c/lib/thumb/v6-m/nofp\libg-musl.a(__fmt_fp.o)
 .debug_ranges  0x00000b48       0x10 c:/program files/microchip/xc32/v4.00/bin/bin/../../lib/gcc/pic32c/8.3.1/../../../../pic32c/lib/thumb/v6-m/nofp\libg-musl.a(__fmt_s.o)
 .debug_ranges  0x00000b58       0x58 c:/program files/microchip/xc32/v4.00/bin/bin/../../lib/gcc/pic32c/8.3.1/../../../../pic32c/lib/thumb/v6-m/nofp\libg-musl.a(__printf_core.o)
 .debug_ranges  0x00000bb0       0x10 c:/program files/microchip/xc32/v4.00/bin/bin/../../lib/gcc/pic32c/8.3.1/../../../../pic32c/lib/thumb/v6-m/nofp\libg-musl.a(atoi.o)
 .debug_ranges  0x00000bc0       0x10 c:/program files/microchip/xc32/v4.00/bin/bin/../../lib/gcc/pic32c/8.3.1/../../../../pic32c/lib/thumb/v6-m/nofp\libg-musl.a(memcpy.o)
 .debug_ranges  0x00000bd0       0x10 c:/program files/microchip/xc32/v4.00/bin/bin/../../lib/gcc/pic32c/8.3.1/../../../../pic32c/lib/thumb/v6-m/nofp\libg-musl.a(memset.o)
 .debug_ranges  0x00000be0       0x10 c:/program files/microchip/xc32/v4.00/bin/bin/../../lib/gcc/pic32c/8.3.1/../../../../pic32c/lib/thumb/v6-m/nofp\libg-musl.a(strlen.o)
 .debug_ranges  0x00000bf0       0x10 c:/program files/microchip/xc32/v4.00/bin/bin/../../lib/gcc/pic32c/8.3.1/../../../../pic32c/lib/thumb/v6-m/nofp\libg-musl.a(strcpy.o)
 .debug_ranges  0x00000c00       0x18 c:/program files/microchip/xc32/v4.00/bin/bin/../../lib/gcc/pic32c/8.3.1/../../../../pic32c/lib/thumb/v6-m/nofp\libg-musl.a(tolower.o)
 .debug_ranges  0x00000c18       0x10 c:/program files/microchip/xc32/v4.00/bin/bin/../../lib/gcc/pic32c/8.3.1/../../../../pic32c/lib/thumb/v6-m/nofp\libg-musl.a(__int_vsprintf.o)
 .debug_ranges  0x00000c28       0x10 c:/program files/microchip/xc32/v4.00/bin/bin/../../lib/gcc/pic32c/8.3.1/../../../../pic32c/lib/thumb/v6-m/nofp\libg-musl.a(__pop_float.o)
 .debug_ranges  0x00000c38       0x10 c:/program files/microchip/xc32/v4.00/bin/bin/../../lib/gcc/pic32c/8.3.1/../../../../pic32c/lib/thumb/v6-m/nofp\libg-musl.a(__pop_int.o)
 .debug_ranges  0x00000c48       0x10 c:/program files/microchip/xc32/v4.00/bin/bin/../../lib/gcc/pic32c/8.3.1/../../../../pic32c/lib/thumb/v6-m/nofp\libg-musl.a(__pop_ptr.o)
 .debug_ranges  0x00000c58       0x10 c:/program files/microchip/xc32/v4.00/bin/bin/../../lib/gcc/pic32c/8.3.1/../../../../pic32c/lib/thumb/v6-m/nofp\libg-musl.a(stpcpy.o)
 .debug_ranges  0x00000c68       0x10 c:/program files/microchip/xc32/v4.00/bin/bin/../../lib/gcc/pic32c/8.3.1/../../../../pic32c/lib/thumb/v6-m/nofp\libg-musl.a(__int_vsnprintf.o)
 .debug_ranges  0x00000c78       0x10 c:/program files/microchip/xc32/v4.00/bin/bin/../../lib/gcc/pic32c/8.3.1/../../../../pic32c/lib/thumb/v6-m/nofp\libg-musl.a(__int_vfprintf.o)
 .debug_ranges  0x00000c88       0x30 c:/program files/microchip/xc32/v4.00/bin/bin/../../lib/gcc/pic32c/8.3.1/thumb/v6-m/nofp\libgcc.a(_muldi3.o)

.debug_line     0x00000000     0xe8c0
 .debug_line    0x00000000      0x9b8 build/Trinket_USB_2/debug/_ext/2108104030/drv_usbfsv1.o
 .debug_line    0x000009b8     0x1eeb build/Trinket_USB_2/debug/_ext/2108104030/drv_usbfsv1_device.o
 .debug_line    0x000028a3      0x380 build/Trinket_USB_2/debug/_ext/140414528/plib_adc.o
 .debug_line    0x00002c23      0x1fa build/Trinket_USB_2/debug/_ext/1796475310/plib_clock.o
 .debug_line    0x00002e1d       0x6c build/Trinket_USB_2/debug/_ext/1798624796/plib_evsys.o
 .debug_line    0x00002e89      0x32d build/Trinket_USB_2/debug/_ext/58287938/plib_nvic.o
 .debug_line    0x000031b6      0x2f0 build/Trinket_USB_2/debug/_ext/1292982576/plib_nvmctrl.o
 .debug_line    0x000034a6      0x2c8 build/Trinket_USB_2/debug/_ext/58341089/plib_port.o
 .debug_line    0x0000376e      0x786 build/Trinket_USB_2/debug/_ext/499838197/plib_sercom0_i2c_master.o
 .debug_line    0x00003ef4      0x340 build/Trinket_USB_2/debug/_ext/1390003407/plib_tc3.o
 .debug_line    0x00004234      0x2d7 build/Trinket_USB_2/debug/_ext/1961919639/sys_int.o
 .debug_line    0x0000450b     0x12a6 build/Trinket_USB_2/debug/_ext/1909065425/sys_time.o
 .debug_line    0x000057b1     0x18f2 build/Trinket_USB_2/debug/_ext/1390297478/usb_device.o
 .debug_line    0x000070a3      0xcd8 build/Trinket_USB_2/debug/_ext/1390297478/usb_device_cdc.o
 .debug_line    0x00007d7b      0x252 build/Trinket_USB_2/debug/_ext/1390297478/usb_device_cdc_acm.o
 .debug_line    0x00007fcd      0x633 build/Trinket_USB_2/debug/_ext/1189347772/initialization.o
 .debug_line    0x00008600      0x365 build/Trinket_USB_2/debug/_ext/1189347772/interrupts.o
 .debug_line    0x00008965      0x368 build/Trinket_USB_2/debug/_ext/1189347772/exceptions.o
 .debug_line    0x00008ccd      0x160 build/Trinket_USB_2/debug/_ext/1189347772/startup_xc32.o
 .debug_line    0x00008e2d      0x352 build/Trinket_USB_2/debug/_ext/1189347772/usb_device_init_data.o
 .debug_line    0x0000917f      0x367 build/Trinket_USB_2/debug/_ext/1189347772/tasks.o
 .debug_line    0x000094e6      0x354 build/Trinket_USB_2/debug/_ext/1360937237/main.o
 .debug_line    0x0000983a      0x7c8 build/Trinket_USB_2/debug/_ext/1360937237/app_usb.o
 .debug_line    0x0000a002      0x189 build/Trinket_USB_2/debug/_ext/1360937237/i2c.o
 .debug_line    0x0000a18b      0xb54 build/Trinket_USB_2/debug/_ext/1360937237/ms8607.o
 .debug_line    0x0000acdf      0x132 c:/program files/microchip/xc32/v4.00/bin/bin/../../lib/gcc/pic32c/8.3.1/../../../../pic32c/lib/thumb/v6-m/nofp\libpic32c.a(data_init.o)
 .debug_line    0x0000ae11      0x241 c:/program files/microchip/xc32/v4.00/bin/bin/../../lib/gcc/pic32c/8.3.1/../../../../pic32c/lib/thumb/v6-m/nofp\libg-musl.a(__libc_start_main.o)
 .debug_line    0x0000b052      0x1ad c:/program files/microchip/xc32/v4.00/bin/bin/../../lib/gcc/pic32c/8.3.1/../../../../pic32c/lib/thumb/v6-m/nofp\libg-musl.a(__errno_location.o)
 .debug_line    0x0000b1ff      0x132 c:/program files/microchip/xc32/v4.00/bin/bin/../../lib/gcc/pic32c/8.3.1/../../../../pic32c/lib/thumb/v6-m/nofp\libg-musl.a(libc.o)
 .debug_line    0x0000b331      0x22f c:/program files/microchip/xc32/v4.00/bin/bin/../../lib/gcc/pic32c/8.3.1/../../../../pic32c/lib/thumb/v6-m/nofp\libg-musl.a(__sio_sprintf_fs.o)
 .debug_line    0x0000b560      0x6ee c:/program files/microchip/xc32/v4.00/bin/bin/../../lib/gcc/pic32c/8.3.1/../../../../pic32c/lib/thumb/v6-m/nofp\libg-musl.a(__fmt_fp.o)
 .debug_line    0x0000bc4e      0x2b3 c:/program files/microchip/xc32/v4.00/bin/bin/../../lib/gcc/pic32c/8.3.1/../../../../pic32c/lib/thumb/v6-m/nofp\libg-musl.a(__fmt_s.o)
 .debug_line    0x0000bf01      0x76e c:/program files/microchip/xc32/v4.00/bin/bin/../../lib/gcc/pic32c/8.3.1/../../../../pic32c/lib/thumb/v6-m/nofp\libg-musl.a(__printf_core.o)
 .debug_line    0x0000c66f      0x183 c:/program files/microchip/xc32/v4.00/bin/bin/../../lib/gcc/pic32c/8.3.1/../../../../pic32c/lib/thumb/v6-m/nofp\libg-musl.a(atoi.o)
 .debug_line    0x0000c7f2       0xf5 c:/program files/microchip/xc32/v4.00/bin/bin/../../lib/gcc/pic32c/8.3.1/../../../../pic32c/lib/thumb/v6-m/nofp\libg-musl.a(memcpy.o)
 .debug_line    0x0000c8e7       0xe9 c:/program files/microchip/xc32/v4.00/bin/bin/../../lib/gcc/pic32c/8.3.1/../../../../pic32c/lib/thumb/v6-m/nofp\libg-musl.a(memset.o)
 .debug_line    0x0000c9d0       0xf0 c:/program files/microchip/xc32/v4.00/bin/bin/../../lib/gcc/pic32c/8.3.1/../../../../pic32c/lib/thumb/v6-m/nofp\libg-musl.a(strlen.o)
 .debug_line    0x0000cac0       0xba c:/program files/microchip/xc32/v4.00/bin/bin/../../lib/gcc/pic32c/8.3.1/../../../../pic32c/lib/thumb/v6-m/nofp\libg-musl.a(strcpy.o)
 .debug_line    0x0000cb7a      0x1e1 c:/program files/microchip/xc32/v4.00/bin/bin/../../lib/gcc/pic32c/8.3.1/../../../../pic32c/lib/thumb/v6-m/nofp\libg-musl.a(tolower.o)
 .debug_line    0x0000cd5b      0x19f c:/program files/microchip/xc32/v4.00/bin/bin/../../lib/gcc/pic32c/8.3.1/../../../../pic32c/lib/thumb/v6-m/nofp\libg-musl.a(__environ.o)
 .debug_line    0x0000cefa      0x1e5 c:/program files/microchip/xc32/v4.00/bin/bin/../../lib/gcc/pic32c/8.3.1/../../../../pic32c/lib/thumb/v6-m/nofp\libg-musl.a(__int_vsprintf.o)
 .debug_line    0x0000d0df      0x1f8 c:/program files/microchip/xc32/v4.00/bin/bin/../../lib/gcc/pic32c/8.3.1/../../../../pic32c/lib/thumb/v6-m/nofp\libg-musl.a(__pop_float.o)
 .debug_line    0x0000d2d7      0x28c c:/program files/microchip/xc32/v4.00/bin/bin/../../lib/gcc/pic32c/8.3.1/../../../../pic32c/lib/thumb/v6-m/nofp\libg-musl.a(__pop_int.o)
 .debug_line    0x0000d563      0x25a c:/program files/microchip/xc32/v4.00/bin/bin/../../lib/gcc/pic32c/8.3.1/../../../../pic32c/lib/thumb/v6-m/nofp\libg-musl.a(__pop_ptr.o)
 .debug_line    0x0000d7bd      0x1d4 c:/program files/microchip/xc32/v4.00/bin/bin/../../lib/gcc/pic32c/8.3.1/../../../../pic32c/lib/thumb/v6-m/nofp\libg-musl.a(stpcpy.o)
 .debug_line    0x0000d991      0x259 c:/program files/microchip/xc32/v4.00/bin/bin/../../lib/gcc/pic32c/8.3.1/../../../../pic32c/lib/thumb/v6-m/nofp\libg-musl.a(__int_vsnprintf.o)
 .debug_line    0x0000dbea      0x219 c:/program files/microchip/xc32/v4.00/bin/bin/../../lib/gcc/pic32c/8.3.1/../../../../pic32c/lib/thumb/v6-m/nofp\libg-musl.a(__int_vfprintf.o)
 .debug_line    0x0000de03       0xa8 c:/program files/microchip/xc32/v4.00/bin/bin/../../lib/gcc/pic32c/8.3.1/thumb/v6-m/nofp\libgcc.a(_udivsi3.o)
 .debug_line    0x0000deab       0xaf c:/program files/microchip/xc32/v4.00/bin/bin/../../lib/gcc/pic32c/8.3.1/thumb/v6-m/nofp\libgcc.a(_divsi3.o)
 .debug_line    0x0000df5a       0x9c c:/program files/microchip/xc32/v4.00/bin/bin/../../lib/gcc/pic32c/8.3.1/thumb/v6-m/nofp\libgcc.a(_dvmd_tls.o)
 .debug_line    0x0000dff6       0xa7 c:/program files/microchip/xc32/v4.00/bin/bin/../../lib/gcc/pic32c/8.3.1/thumb/v6-m/nofp\libgcc.a(_aeabi_uldivmod.o)
 .debug_line    0x0000e09d      0x2f6 c:/program files/microchip/xc32/v4.00/bin/bin/../../lib/gcc/pic32c/8.3.1/thumb/v6-m/nofp\libgcc.a(_muldi3.o)
 .debug_line    0x0000e393      0x3d7 c:/program files/microchip/xc32/v4.00/bin/bin/../../lib/gcc/pic32c/8.3.1/thumb/v6-m/nofp\libgcc.a(_udivmoddi4.o)
 .debug_line    0x0000e76a       0xa6 c:/program files/microchip/xc32/v4.00/bin/bin/../../lib/gcc/pic32c/8.3.1/thumb/v6-m/nofp\libgcc.a(_clzdi2.o)
 .debug_line    0x0000e810       0xb0 c:/program files/microchip/xc32/v4.00/bin/bin/../../lib/gcc/pic32c/8.3.1/thumb/v6-m/nofp\libgcc.a(_clzsi2.o)

.debug_str      0x00000000     0x1ea7
 .debug_str     0x00000000      0x325 build/Trinket_USB_2/debug/_ext/2108104030/drv_usbfsv1.o
 .debug_str     0x00000325      0x2f4 build/Trinket_USB_2/debug/_ext/2108104030/drv_usbfsv1_device.o
 .debug_str     0x00000619       0x19 build/Trinket_USB_2/debug/_ext/140414528/plib_adc.o
 .debug_str     0x00000632       0x28 build/Trinket_USB_2/debug/_ext/1796475310/plib_clock.o
 .debug_str     0x0000065a        0x0 build/Trinket_USB_2/debug/_ext/1798624796/plib_evsys.o
 .debug_str     0x0000065a        0xa build/Trinket_USB_2/debug/_ext/58287938/plib_nvic.o
 .debug_str     0x00000664       0x11 build/Trinket_USB_2/debug/_ext/1292982576/plib_nvmctrl.o
 .debug_str     0x00000675        0xb build/Trinket_USB_2/debug/_ext/58341089/plib_port.o
 .debug_str     0x00000680      0x14a build/Trinket_USB_2/debug/_ext/499838197/plib_sercom0_i2c_master.o
 .debug_str     0x000007ca       0xa7 build/Trinket_USB_2/debug/_ext/1390003407/plib_tc3.o
 .debug_str     0x00000871       0x32 build/Trinket_USB_2/debug/_ext/1961919639/sys_int.o
 .debug_str     0x000008a3      0x140 build/Trinket_USB_2/debug/_ext/1909065425/sys_time.o
 .debug_str     0x000009e3      0x2cc build/Trinket_USB_2/debug/_ext/1390297478/usb_device.o
 .debug_str     0x00000caf      0x1f5 build/Trinket_USB_2/debug/_ext/1390297478/usb_device_cdc.o
 .debug_str     0x00000ea4       0x27 build/Trinket_USB_2/debug/_ext/1390297478/usb_device_cdc_acm.o
 .debug_str     0x00000ecb      0x29a build/Trinket_USB_2/debug/_ext/1189347772/initialization.o
 .debug_str     0x00001165       0x9c build/Trinket_USB_2/debug/_ext/1189347772/interrupts.o
 .debug_str     0x00001201       0x9c build/Trinket_USB_2/debug/_ext/1189347772/exceptions.o
 .debug_str     0x0000129d       0x2f build/Trinket_USB_2/debug/_ext/1189347772/startup_xc32.o
 .debug_str     0x000012cc       0xd9 build/Trinket_USB_2/debug/_ext/1189347772/usb_device_init_data.o
 .debug_str     0x000013a5       0xcd build/Trinket_USB_2/debug/_ext/1189347772/tasks.o
 .debug_str     0x00001472       0xb5 build/Trinket_USB_2/debug/_ext/1360937237/main.o
 .debug_str     0x00001527      0x252 build/Trinket_USB_2/debug/_ext/1360937237/app_usb.o
 .debug_str     0x00001779       0x33 build/Trinket_USB_2/debug/_ext/1360937237/i2c.o
 .debug_str     0x000017ac       0xf0 build/Trinket_USB_2/debug/_ext/1360937237/ms8607.o
 .debug_str     0x0000189c        0x0 c:/program files/microchip/xc32/v4.00/bin/bin/../../lib/gcc/pic32c/8.3.1/../../../../pic32c/lib/thumb/v6-m/nofp\libpic32c.a(data_init.o)
 .debug_str     0x0000189c        0x0 c:/program files/microchip/xc32/v4.00/bin/bin/../../lib/gcc/pic32c/8.3.1/../../../../pic32c/lib/thumb/v6-m/nofp\libg-musl.a(__libc_start_main.o)
 .debug_str     0x0000189c        0x0 c:/program files/microchip/xc32/v4.00/bin/bin/../../lib/gcc/pic32c/8.3.1/../../../../pic32c/lib/thumb/v6-m/nofp\libg-musl.a(__errno_location.o)
 .debug_str     0x0000189c        0x0 c:/program files/microchip/xc32/v4.00/bin/bin/../../lib/gcc/pic32c/8.3.1/../../../../pic32c/lib/thumb/v6-m/nofp\libg-musl.a(libc.o)
 .debug_str     0x0000189c       0x29 c:/program files/microchip/xc32/v4.00/bin/bin/../../lib/gcc/pic32c/8.3.1/../../../../pic32c/lib/thumb/v6-m/nofp\libg-musl.a(__sio_sprintf_fs.o)
 .debug_str     0x000018c5        0x0 c:/program files/microchip/xc32/v4.00/bin/bin/../../lib/gcc/pic32c/8.3.1/../../../../pic32c/lib/thumb/v6-m/nofp\libg-musl.a(__fmt_fp.o)
 .debug_str     0x000018c5        0x0 c:/program files/microchip/xc32/v4.00/bin/bin/../../lib/gcc/pic32c/8.3.1/../../../../pic32c/lib/thumb/v6-m/nofp\libg-musl.a(__fmt_s.o)
 .debug_str     0x000018c5       0x20 c:/program files/microchip/xc32/v4.00/bin/bin/../../lib/gcc/pic32c/8.3.1/../../../../pic32c/lib/thumb/v6-m/nofp\libg-musl.a(__printf_core.o)
 .debug_str     0x000018e5        0x0 c:/program files/microchip/xc32/v4.00/bin/bin/../../lib/gcc/pic32c/8.3.1/../../../../pic32c/lib/thumb/v6-m/nofp\libg-musl.a(atoi.o)
 .debug_str     0x000018e5        0x0 c:/program files/microchip/xc32/v4.00/bin/bin/../../lib/gcc/pic32c/8.3.1/../../../../pic32c/lib/thumb/v6-m/nofp\libg-musl.a(memcpy.o)
 .debug_str     0x000018e5        0x0 c:/program files/microchip/xc32/v4.00/bin/bin/../../lib/gcc/pic32c/8.3.1/../../../../pic32c/lib/thumb/v6-m/nofp\libg-musl.a(memset.o)
 .debug_str     0x000018e5        0x0 c:/program files/microchip/xc32/v4.00/bin/bin/../../lib/gcc/pic32c/8.3.1/../../../../pic32c/lib/thumb/v6-m/nofp\libg-musl.a(strlen.o)
 .debug_str     0x000018e5        0x9 c:/program files/microchip/xc32/v4.00/bin/bin/../../lib/gcc/pic32c/8.3.1/../../../../pic32c/lib/thumb/v6-m/nofp\libg-musl.a(strcpy.o)
 .debug_str     0x000018ee        0x0 c:/program files/microchip/xc32/v4.00/bin/bin/../../lib/gcc/pic32c/8.3.1/../../../../pic32c/lib/thumb/v6-m/nofp\libg-musl.a(tolower.o)
 .debug_str     0x000018ee        0x0 c:/program files/microchip/xc32/v4.00/bin/bin/../../lib/gcc/pic32c/8.3.1/../../../../pic32c/lib/thumb/v6-m/nofp\libg-musl.a(__environ.o)
 .debug_str     0x000018ee        0xc c:/program files/microchip/xc32/v4.00/bin/bin/../../lib/gcc/pic32c/8.3.1/../../../../pic32c/lib/thumb/v6-m/nofp\libg-musl.a(__int_vsprintf.o)
 .debug_str     0x000018fa        0x0 c:/program files/microchip/xc32/v4.00/bin/bin/../../lib/gcc/pic32c/8.3.1/../../../../pic32c/lib/thumb/v6-m/nofp\libg-musl.a(__pop_float.o)
 .debug_str     0x000018fa        0x0 c:/program files/microchip/xc32/v4.00/bin/bin/../../lib/gcc/pic32c/8.3.1/../../../../pic32c/lib/thumb/v6-m/nofp\libg-musl.a(__pop_int.o)
 .debug_str     0x000018fa        0x0 c:/program files/microchip/xc32/v4.00/bin/bin/../../lib/gcc/pic32c/8.3.1/../../../../pic32c/lib/thumb/v6-m/nofp\libg-musl.a(__pop_ptr.o)
 .debug_str     0x000018fa        0x0 c:/program files/microchip/xc32/v4.00/bin/bin/../../lib/gcc/pic32c/8.3.1/../../../../pic32c/lib/thumb/v6-m/nofp\libg-musl.a(stpcpy.o)
 .debug_str     0x000018fa        0xb c:/program files/microchip/xc32/v4.00/bin/bin/../../lib/gcc/pic32c/8.3.1/../../../../pic32c/lib/thumb/v6-m/nofp\libg-musl.a(__int_vsnprintf.o)
 .debug_str     0x00001905        0xe c:/program files/microchip/xc32/v4.00/bin/bin/../../lib/gcc/pic32c/8.3.1/../../../../pic32c/lib/thumb/v6-m/nofp\libg-musl.a(__int_vfprintf.o)
 .debug_str     0x00001913       0xee c:/program files/microchip/xc32/v4.00/bin/bin/../../lib/gcc/pic32c/8.3.1/thumb/v6-m/nofp\libgcc.a(_udivsi3.o)
 .debug_str     0x00001a01       0xee c:/program files/microchip/xc32/v4.00/bin/bin/../../lib/gcc/pic32c/8.3.1/thumb/v6-m/nofp\libgcc.a(_divsi3.o)
 .debug_str     0x00001aef       0xee c:/program files/microchip/xc32/v4.00/bin/bin/../../lib/gcc/pic32c/8.3.1/thumb/v6-m/nofp\libgcc.a(_dvmd_tls.o)
 .debug_str     0x00001bdd       0xee c:/program files/microchip/xc32/v4.00/bin/bin/../../lib/gcc/pic32c/8.3.1/thumb/v6-m/nofp\libgcc.a(_aeabi_uldivmod.o)
 .debug_str     0x00001ccb        0x0 c:/program files/microchip/xc32/v4.00/bin/bin/../../lib/gcc/pic32c/8.3.1/thumb/v6-m/nofp\libgcc.a(_muldi3.o)
 .debug_str     0x00001ccb        0x0 c:/program files/microchip/xc32/v4.00/bin/bin/../../lib/gcc/pic32c/8.3.1/thumb/v6-m/nofp\libgcc.a(_udivmoddi4.o)
 .debug_str     0x00001ccb       0xee c:/program files/microchip/xc32/v4.00/bin/bin/../../lib/gcc/pic32c/8.3.1/thumb/v6-m/nofp\libgcc.a(_clzdi2.o)
 .debug_str     0x00001db9       0xee c:/program files/microchip/xc32/v4.00/bin/bin/../../lib/gcc/pic32c/8.3.1/thumb/v6-m/nofp\libgcc.a(_clzsi2.o)

.debug_frame    0x00000000     0x1ba4
 .debug_frame   0x00000000      0x128 build/Trinket_USB_2/debug/_ext/2108104030/drv_usbfsv1.o
 .debug_frame   0x00000128      0x21c build/Trinket_USB_2/debug/_ext/2108104030/drv_usbfsv1_device.o
 .debug_frame   0x00000344       0xd8 build/Trinket_USB_2/debug/_ext/140414528/plib_adc.o
 .debug_frame   0x0000041c       0x20 build/Trinket_USB_2/debug/_ext/1796475310/plib_clock.o
 .debug_frame   0x0000043c       0x20 build/Trinket_USB_2/debug/_ext/1798624796/plib_evsys.o
 .debug_frame   0x0000045c       0x50 build/Trinket_USB_2/debug/_ext/58287938/plib_nvic.o
 .debug_frame   0x000004ac       0xd4 build/Trinket_USB_2/debug/_ext/1292982576/plib_nvmctrl.o
 .debug_frame   0x00000580       0xcc build/Trinket_USB_2/debug/_ext/58341089/plib_port.o
 .debug_frame   0x0000064c       0xe8 build/Trinket_USB_2/debug/_ext/499838197/plib_sercom0_i2c_master.o
 .debug_frame   0x00000734       0xd8 build/Trinket_USB_2/debug/_ext/1390003407/plib_tc3.o
 .debug_frame   0x0000080c       0x84 build/Trinket_USB_2/debug/_ext/1961919639/sys_int.o
 .debug_frame   0x00000890      0x3a0 build/Trinket_USB_2/debug/_ext/1909065425/sys_time.o
 .debug_frame   0x00000c30      0x524 build/Trinket_USB_2/debug/_ext/1390297478/usb_device.o
 .debug_frame   0x00001154      0x174 build/Trinket_USB_2/debug/_ext/1390297478/usb_device_cdc.o
 .debug_frame   0x000012c8       0x28 build/Trinket_USB_2/debug/_ext/1390297478/usb_device_cdc_acm.o
 .debug_frame   0x000012f0       0x28 build/Trinket_USB_2/debug/_ext/1189347772/initialization.o
 .debug_frame   0x00001318       0x20 build/Trinket_USB_2/debug/_ext/1189347772/interrupts.o
 .debug_frame   0x00001338       0x30 build/Trinket_USB_2/debug/_ext/1189347772/exceptions.o
 .debug_frame   0x00001368       0x38 build/Trinket_USB_2/debug/_ext/1189347772/startup_xc32.o
 .debug_frame   0x000013a0       0x28 build/Trinket_USB_2/debug/_ext/1189347772/tasks.o
 .debug_frame   0x000013c8       0x28 build/Trinket_USB_2/debug/_ext/1360937237/main.o
 .debug_frame   0x000013f0       0xac build/Trinket_USB_2/debug/_ext/1360937237/app_usb.o
 .debug_frame   0x0000149c       0x58 build/Trinket_USB_2/debug/_ext/1360937237/i2c.o
 .debug_frame   0x000014f4      0x22c build/Trinket_USB_2/debug/_ext/1360937237/ms8607.o
 .debug_frame   0x00001720       0x34 c:/program files/microchip/xc32/v4.00/bin/bin/../../lib/gcc/pic32c/8.3.1/../../../../pic32c/lib/thumb/v6-m/nofp\libpic32c.a(data_init.o)
 .debug_frame   0x00001754       0x38 c:/program files/microchip/xc32/v4.00/bin/bin/../../lib/gcc/pic32c/8.3.1/../../../../pic32c/lib/thumb/v6-m/nofp\libg-musl.a(__libc_start_main.o)
 .debug_frame   0x0000178c       0x44 c:/program files/microchip/xc32/v4.00/bin/bin/../../lib/gcc/pic32c/8.3.1/../../../../pic32c/lib/thumb/v6-m/nofp\libg-musl.a(__sio_sprintf_fs.o)
 .debug_frame   0x000017d0       0x30 c:/program files/microchip/xc32/v4.00/bin/bin/../../lib/gcc/pic32c/8.3.1/../../../../pic32c/lib/thumb/v6-m/nofp\libg-musl.a(__fmt_fp.o)
 .debug_frame   0x00001800       0x30 c:/program files/microchip/xc32/v4.00/bin/bin/../../lib/gcc/pic32c/8.3.1/../../../../pic32c/lib/thumb/v6-m/nofp\libg-musl.a(__fmt_s.o)
 .debug_frame   0x00001830       0xc0 c:/program files/microchip/xc32/v4.00/bin/bin/../../lib/gcc/pic32c/8.3.1/../../../../pic32c/lib/thumb/v6-m/nofp\libg-musl.a(__printf_core.o)
 .debug_frame   0x000018f0       0x28 c:/program files/microchip/xc32/v4.00/bin/bin/../../lib/gcc/pic32c/8.3.1/../../../../pic32c/lib/thumb/v6-m/nofp\libg-musl.a(atoi.o)
 .debug_frame   0x00001918       0x28 c:/program files/microchip/xc32/v4.00/bin/bin/../../lib/gcc/pic32c/8.3.1/../../../../pic32c/lib/thumb/v6-m/nofp\libg-musl.a(memcpy.o)
 .debug_frame   0x00001940       0x20 c:/program files/microchip/xc32/v4.00/bin/bin/../../lib/gcc/pic32c/8.3.1/../../../../pic32c/lib/thumb/v6-m/nofp\libg-musl.a(memset.o)
 .debug_frame   0x00001960       0x20 c:/program files/microchip/xc32/v4.00/bin/bin/../../lib/gcc/pic32c/8.3.1/../../../../pic32c/lib/thumb/v6-m/nofp\libg-musl.a(strlen.o)
 .debug_frame   0x00001980       0x28 c:/program files/microchip/xc32/v4.00/bin/bin/../../lib/gcc/pic32c/8.3.1/../../../../pic32c/lib/thumb/v6-m/nofp\libg-musl.a(strcpy.o)
 .debug_frame   0x000019a8       0x38 c:/program files/microchip/xc32/v4.00/bin/bin/../../lib/gcc/pic32c/8.3.1/../../../../pic32c/lib/thumb/v6-m/nofp\libg-musl.a(tolower.o)
 .debug_frame   0x000019e0       0x28 c:/program files/microchip/xc32/v4.00/bin/bin/../../lib/gcc/pic32c/8.3.1/../../../../pic32c/lib/thumb/v6-m/nofp\libg-musl.a(__int_vsprintf.o)
 .debug_frame   0x00001a08       0x20 c:/program files/microchip/xc32/v4.00/bin/bin/../../lib/gcc/pic32c/8.3.1/../../../../pic32c/lib/thumb/v6-m/nofp\libg-musl.a(__pop_float.o)
 .debug_frame   0x00001a28       0x2c c:/program files/microchip/xc32/v4.00/bin/bin/../../lib/gcc/pic32c/8.3.1/../../../../pic32c/lib/thumb/v6-m/nofp\libg-musl.a(__pop_int.o)
 .debug_frame   0x00001a54       0x28 c:/program files/microchip/xc32/v4.00/bin/bin/../../lib/gcc/pic32c/8.3.1/../../../../pic32c/lib/thumb/v6-m/nofp\libg-musl.a(__pop_ptr.o)
 .debug_frame   0x00001a7c       0x20 c:/program files/microchip/xc32/v4.00/bin/bin/../../lib/gcc/pic32c/8.3.1/../../../../pic32c/lib/thumb/v6-m/nofp\libg-musl.a(stpcpy.o)
 .debug_frame   0x00001a9c       0x2c c:/program files/microchip/xc32/v4.00/bin/bin/../../lib/gcc/pic32c/8.3.1/../../../../pic32c/lib/thumb/v6-m/nofp\libg-musl.a(__int_vsnprintf.o)
 .debug_frame   0x00001ac8       0x2c c:/program files/microchip/xc32/v4.00/bin/bin/../../lib/gcc/pic32c/8.3.1/../../../../pic32c/lib/thumb/v6-m/nofp\libg-musl.a(__int_vfprintf.o)
 .debug_frame   0x00001af4       0x20 c:/program files/microchip/xc32/v4.00/bin/bin/../../lib/gcc/pic32c/8.3.1/thumb/v6-m/nofp\libgcc.a(_udivsi3.o)
 .debug_frame   0x00001b14       0x20 c:/program files/microchip/xc32/v4.00/bin/bin/../../lib/gcc/pic32c/8.3.1/thumb/v6-m/nofp\libgcc.a(_divsi3.o)
 .debug_frame   0x00001b34       0x34 c:/program files/microchip/xc32/v4.00/bin/bin/../../lib/gcc/pic32c/8.3.1/thumb/v6-m/nofp\libgcc.a(_muldi3.o)
 .debug_frame   0x00001b68       0x3c c:/program files/microchip/xc32/v4.00/bin/bin/../../lib/gcc/pic32c/8.3.1/thumb/v6-m/nofp\libgcc.a(_udivmoddi4.o)

.note.GNU-stack
                0x00000000        0x0
 .note.GNU-stack
                0x00000000        0x0 c:/program files/microchip/xc32/v4.00/bin/bin/../../lib/gcc/pic32c/8.3.1/../../../../pic32c/lib/thumb/v6-m/nofp\libg-musl.a(__libc_start_main.o)
 .note.GNU-stack
                0x00000000        0x0 c:/program files/microchip/xc32/v4.00/bin/bin/../../lib/gcc/pic32c/8.3.1/../../../../pic32c/lib/thumb/v6-m/nofp\libg-musl.a(__errno_location.o)
 .note.GNU-stack
                0x00000000        0x0 c:/program files/microchip/xc32/v4.00/bin/bin/../../lib/gcc/pic32c/8.3.1/../../../../pic32c/lib/thumb/v6-m/nofp\libg-musl.a(libc.o)
 .note.GNU-stack
                0x00000000        0x0 c:/program files/microchip/xc32/v4.00/bin/bin/../../lib/gcc/pic32c/8.3.1/../../../../pic32c/lib/thumb/v6-m/nofp\libg-musl.a(__sio_sprintf_fs.o)
 .note.GNU-stack
                0x00000000        0x0 c:/program files/microchip/xc32/v4.00/bin/bin/../../lib/gcc/pic32c/8.3.1/../../../../pic32c/lib/thumb/v6-m/nofp\libg-musl.a(__fmt_fp.o)
 .note.GNU-stack
                0x00000000        0x0 c:/program files/microchip/xc32/v4.00/bin/bin/../../lib/gcc/pic32c/8.3.1/../../../../pic32c/lib/thumb/v6-m/nofp\libg-musl.a(__fmt_s.o)
 .note.GNU-stack
                0x00000000        0x0 c:/program files/microchip/xc32/v4.00/bin/bin/../../lib/gcc/pic32c/8.3.1/../../../../pic32c/lib/thumb/v6-m/nofp\libg-musl.a(__printf_core.o)
 .note.GNU-stack
                0x00000000        0x0 c:/program files/microchip/xc32/v4.00/bin/bin/../../lib/gcc/pic32c/8.3.1/../../../../pic32c/lib/thumb/v6-m/nofp\libg-musl.a(atoi.o)
 .note.GNU-stack
                0x00000000        0x0 c:/program files/microchip/xc32/v4.00/bin/bin/../../lib/gcc/pic32c/8.3.1/../../../../pic32c/lib/thumb/v6-m/nofp\libg-musl.a(memcpy.o)
 .note.GNU-stack
                0x00000000        0x0 c:/program files/microchip/xc32/v4.00/bin/bin/../../lib/gcc/pic32c/8.3.1/../../../../pic32c/lib/thumb/v6-m/nofp\libg-musl.a(memset.o)
 .note.GNU-stack
                0x00000000        0x0 c:/program files/microchip/xc32/v4.00/bin/bin/../../lib/gcc/pic32c/8.3.1/../../../../pic32c/lib/thumb/v6-m/nofp\libg-musl.a(strlen.o)
 .note.GNU-stack
                0x00000000        0x0 c:/program files/microchip/xc32/v4.00/bin/bin/../../lib/gcc/pic32c/8.3.1/../../../../pic32c/lib/thumb/v6-m/nofp\libg-musl.a(strcpy.o)
 .note.GNU-stack
                0x00000000        0x0 c:/program files/microchip/xc32/v4.00/bin/bin/../../lib/gcc/pic32c/8.3.1/../../../../pic32c/lib/thumb/v6-m/nofp\libg-musl.a(tolower.o)
 .note.GNU-stack
                0x00000000        0x0 c:/program files/microchip/xc32/v4.00/bin/bin/../../lib/gcc/pic32c/8.3.1/../../../../pic32c/lib/thumb/v6-m/nofp\libg-musl.a(__environ.o)
 .note.GNU-stack
                0x00000000        0x0 c:/program files/microchip/xc32/v4.00/bin/bin/../../lib/gcc/pic32c/8.3.1/../../../../pic32c/lib/thumb/v6-m/nofp\libg-musl.a(__int_vsprintf.o)
 .note.GNU-stack
                0x00000000        0x0 c:/program files/microchip/xc32/v4.00/bin/bin/../../lib/gcc/pic32c/8.3.1/../../../../pic32c/lib/thumb/v6-m/nofp\libg-musl.a(__pop_float.o)
 .note.GNU-stack
                0x00000000        0x0 c:/program files/microchip/xc32/v4.00/bin/bin/../../lib/gcc/pic32c/8.3.1/../../../../pic32c/lib/thumb/v6-m/nofp\libg-musl.a(__pop_int.o)
 .note.GNU-stack
                0x00000000        0x0 c:/program files/microchip/xc32/v4.00/bin/bin/../../lib/gcc/pic32c/8.3.1/../../../../pic32c/lib/thumb/v6-m/nofp\libg-musl.a(__pop_ptr.o)
 .note.GNU-stack
                0x00000000        0x0 c:/program files/microchip/xc32/v4.00/bin/bin/../../lib/gcc/pic32c/8.3.1/../../../../pic32c/lib/thumb/v6-m/nofp\libg-musl.a(stpcpy.o)
 .note.GNU-stack
                0x00000000        0x0 c:/program files/microchip/xc32/v4.00/bin/bin/../../lib/gcc/pic32c/8.3.1/../../../../pic32c/lib/thumb/v6-m/nofp\libg-musl.a(__int_vsnprintf.o)
 .note.GNU-stack
                0x00000000        0x0 c:/program files/microchip/xc32/v4.00/bin/bin/../../lib/gcc/pic32c/8.3.1/../../../../pic32c/lib/thumb/v6-m/nofp\libg-musl.a(__int_vfprintf.o)

.stack          0x20000bf8      0x100
 .stack         0x20000bf8      0x100 stack

.bss.cdcReadBuffer%1
                0x20000000      0x200
 .bss.cdcReadBuffer
                0x20000000      0x200 build/Trinket_USB_2/debug/_ext/1360937237/app_usb.o
                0x20000000                cdcReadBuffer

.bss.cdcWriteBuffer%2
                0x20000200      0x200
 .bss.cdcWriteBuffer
                0x20000200      0x200 build/Trinket_USB_2/debug/_ext/1360937237/app_usb.o
                0x20000200                cdcWriteBuffer

.bss.gDrvUSBObj%3
                0x20000400      0x134
 .bss.gDrvUSBObj
                0x20000400      0x134 build/Trinket_USB_2/debug/_ext/2108104030/drv_usbfsv1.o
                0x20000400                gDrvUSBObj

.bss.usbDeviceInstance%4
                0x20000534       0xec
 .bss.usbDeviceInstance
                0x20000534       0xec build/Trinket_USB_2/debug/_ext/1390297478/usb_device.o

.bss.timers%5   0x20000620       0xa0
 .bss.timers    0x20000620       0xa0 build/Trinket_USB_2/debug/_ext/1909065425/sys_time.o

.bss.gUSBDeviceCDCIRP%6
                0x200006c0       0x6c
 .bss.gUSBDeviceCDCIRP
                0x200006c0       0x6c build/Trinket_USB_2/debug/_ext/1390297478/usb_device_cdc.o
                0x200006c0                gUSBDeviceCDCIRP

.data.gDrvUSBFSV1DeviceInterface%7
                0x2000072c       0x50
 .data.gDrvUSBFSV1DeviceInterface
                0x2000072c       0x50 build/Trinket_USB_2/debug/_ext/2108104030/drv_usbfsv1_device.o
                0x2000072c                gDrvUSBFSV1DeviceInterface

.bss%8          0x2000077c       0x50
 .bss           0x2000077c       0x50 c:/program files/microchip/xc32/v4.00/bin/bin/../../lib/gcc/pic32c/8.3.1/../../../../pic32c/lib/thumb/v6-m/nofp\libg-musl.a(libc.o)
                0x2000077c                __progname_full
                0x2000077c                program_invocation_name
                0x20000780                program_invocation_short_name
                0x20000780                __progname
                0x20000784                __sysinfo
                0x20000788                __hwcap
                0x2000078c                __libc

.bss.gUSBDeviceCDCInstance%9
                0x200007cc       0x44
 .bss.gUSBDeviceCDCInstance
                0x200007cc       0x44 build/Trinket_USB_2/debug/_ext/1390297478/usb_device_cdc.o
                0x200007cc                gUSBDeviceCDCInstance

.bss.gDrvEP0BufferBank0%10
                0x20000810       0x40
 .bss.gDrvEP0BufferBank0
                0x20000810       0x40 build/Trinket_USB_2/debug/_ext/2108104030/drv_usbfsv1_device.o
                0x20000810                gDrvEP0BufferBank0

.bss.gDrvEP0BufferBank1%11
                0x20000850       0x40
 .bss.gDrvEP0BufferBank1
                0x20000850       0x40 build/Trinket_USB_2/debug/_ext/2108104030/drv_usbfsv1_device.o
                0x20000850                gDrvEP0BufferBank1

.bss.app_usbData%12
                0x20000890       0x3c
 .bss.app_usbData
                0x20000890       0x3c build/Trinket_USB_2/debug/_ext/1360937237/app_usb.o
                0x20000890                app_usbData

.bss.gSystemCounterObj%13
                0x200008cc       0x38
 .bss.gSystemCounterObj
                0x200008cc       0x38 build/Trinket_USB_2/debug/_ext/1909065425/sys_time.o

.bss.gDrvUSBEndpointObjects%14
                0x20000904       0x30
 .bss.gDrvUSBEndpointObjects
                0x20000904       0x30 build/Trinket_USB_2/debug/_ext/2108104030/drv_usbfsv1_device.o
                0x20000904                gDrvUSBEndpointObjects

.bss.sercom0I2CObj%15
                0x20000934       0x2c
 .bss.sercom0I2CObj
                0x20000934       0x2c build/Trinket_USB_2/debug/_ext/499838197/plib_sercom0_i2c_master.o

.bss%16         0x20000960       0x1c
 .bss           0x20000960       0x1c c:/program files/microchip/xc32/v4.00/bin/bin/../../lib/gcc/pic32c/8.3.1/thumb/v6-m/nofp/crtbegin.o

.bss.app_sensorData%17
                0x2000097c       0x10
 .bss.app_sensorData
                0x2000097c       0x10 build/Trinket_USB_2/debug/_ext/1360937237/app_usb.o
                0x2000097c                app_sensorData

.bss.eeprom_coeff%18
                0x2000098c       0x10
 .bss.eeprom_coeff
                0x2000098c       0x10 build/Trinket_USB_2/debug/_ext/1360937237/ms8607.o

.bss.sysObj%19  0x2000099c        0xc
 .bss.sysObj    0x2000099c        0xc build/Trinket_USB_2/debug/_ext/1189347772/initialization.o
                0x2000099c                sysObj

.bss.gUSBDeviceCDCSerialStateResponse%20
                0x200009a8        0xa
 .bss.gUSBDeviceCDCSerialStateResponse
                0x200009a8        0xa build/Trinket_USB_2/debug/_ext/1390297478/usb_device_cdc.o
                0x200009a8                gUSBDeviceCDCSerialStateResponse

.bss.TC3_CallbackObject%21
                0x200009b4        0x8
 .bss.TC3_CallbackObject
                0x200009b4        0x8 build/Trinket_USB_2/debug/_ext/1390003407/plib_tc3.o
                0x200009b4                TC3_CallbackObject

.bss.humidity%22
                0x200009bc        0x4
 .bss.humidity  0x200009bc        0x4 build/Trinket_USB_2/debug/_ext/1360937237/app_usb.o
                0x200009bc                humidity

.bss.pressure%23
                0x200009c0        0x4
 .bss.pressure  0x200009c0        0x4 build/Trinket_USB_2/debug/_ext/1360937237/app_usb.o
                0x200009c0                pressure

.bss.temperature%24
                0x200009c4        0x4
 .bss.temperature
                0x200009c4        0x4 build/Trinket_USB_2/debug/_ext/1360937237/app_usb.o
                0x200009c4                temperature

.data.hsensor_conversion_time%25
                0x200009c8        0x4
 .data.hsensor_conversion_time
                0x200009c8        0x4 build/Trinket_USB_2/debug/_ext/1360937237/ms8607.o
                0x200009c8                hsensor_conversion_time

.bss%26         0x200009cc        0xc
 .bss           0x200009cc        0x4 c:/program files/microchip/xc32/v4.00/bin/bin/../../lib/gcc/pic32c/8.3.1/../../../../pic32c/lib/thumb/v6-m/nofp\libpic32c.a(data_init.o)
 .bss           0x200009d0        0x4 c:/program files/microchip/xc32/v4.00/bin/bin/../../lib/gcc/pic32c/8.3.1/../../../../pic32c/lib/thumb/v6-m/nofp\libg-musl.a(__errno_location.o)
                0x200009d0                __errno_val
 .bss           0x200009d4        0x4 c:/program files/microchip/xc32/v4.00/bin/bin/../../lib/gcc/pic32c/8.3.1/../../../../pic32c/lib/thumb/v6-m/nofp\libg-musl.a(__environ.o)
                0x200009d4                __environ
                0x200009d4                environ
                0x200009d4                ___environ
                0x200009d4                _environ

.bss.gUSBDeviceCdcCommonDataObj%29
                0x200009d8        0x2
 .bss.gUSBDeviceCdcCommonDataObj
                0x200009d8        0x2 build/Trinket_USB_2/debug/_ext/1390297478/usb_device_cdc.o
                0x200009d8                gUSBDeviceCdcCommonDataObj

.data.gSysTimeTokenCount%30
                0x200009b2        0x2
 .data.gSysTimeTokenCount
                0x200009b2        0x2 build/Trinket_USB_2/debug/_ext/1909065425/sys_time.o

.bss.isTemperatureRead%31
                0x200009da        0x1
 .bss.isTemperatureRead
                0x200009da        0x1 build/Trinket_USB_2/debug/_ext/1360937237/app_usb.o

.bss.hsensor_i2c_master_mode%32
                0x200009db        0x1
 .bss.hsensor_i2c_master_mode
                0x200009db        0x1 build/Trinket_USB_2/debug/_ext/1360937237/ms8607.o
                0x200009db                hsensor_i2c_master_mode

.bss.psensor_coeff_read%33
                0x200009dc        0x1
 .bss.psensor_coeff_read
                0x200009dc        0x1 build/Trinket_USB_2/debug/_ext/1360937237/ms8607.o
                0x200009dc                psensor_coeff_read

.bss.psensor_resolution_osr%34
                0x200009dd        0x1
 .bss.psensor_resolution_osr
                0x200009dd        0x1 build/Trinket_USB_2/debug/_ext/1360937237/ms8607.o
                0x200009dd                psensor_resolution_osr

.eh_frame%z1    0x00000000        0x0
 .eh_frame      0x00000000        0x0 c:/program files/microchip/xc32/v4.00/bin/bin/../../lib/gcc/pic32c/8.3.1/thumb/v6-m/nofp/crtbegin.o

.config_00804000.__config_00804000%35
                0x00804000        0x4
 .config_00804000.__config_00804000
                0x00804000        0x4 build/Trinket_USB_2/debug/_ext/1189347772/initialization.o
                0x00804000                __config_00804000

.config_00804004.__config_00804004%36
                0x00804004        0x4
 .config_00804004.__config_00804004
                0x00804004        0x4 build/Trinket_USB_2/debug/_ext/1189347772/initialization.o
                0x00804004                __config_00804004

.text._DRV_USBFSV1_DEVICE_Tasks_ISR%37
                0x000000d8      0x628
 .text._DRV_USBFSV1_DEVICE_Tasks_ISR
                0x000000d8      0x628 build/Trinket_USB_2/debug/_ext/2108104030/drv_usbfsv1_device.o
                0x000000d8                _DRV_USBFSV1_DEVICE_Tasks_ISR

.text.__fmt_fp%38
                0x00000700      0x4bc
 .text.__fmt_fp
                0x00000700      0x4bc c:/program files/microchip/xc32/v4.00/bin/bin/../../lib/gcc/pic32c/8.3.1/../../../../pic32c/lib/thumb/v6-m/nofp\libg-musl.a(__fmt_fp.o)
                0x00000700                __fmt_f_needed
                0x00000700                __fmt_fp

.text.DRV_USBFSV1_DEVICE_IRPSubmit%39
                0x00000bbc      0x3d4
 .text.DRV_USBFSV1_DEVICE_IRPSubmit
                0x00000bbc      0x3d4 build/Trinket_USB_2/debug/_ext/2108104030/drv_usbfsv1_device.o
                0x00000bbc                DRV_USBFSV1_DEVICE_IRPSubmit

.text.psensor_read_pressure_and_temperature%40
                0x00000f90      0x380
 .text.psensor_read_pressure_and_temperature
                0x00000f90      0x380 build/Trinket_USB_2/debug/_ext/1360937237/ms8607.o
                0x00000f90                psensor_read_pressure_and_temperature

.text.__printf_core%41
                0x00001310      0x324
 .text.__printf_core
                0x00001310      0x324 c:/program files/microchip/xc32/v4.00/bin/bin/../../lib/gcc/pic32c/8.3.1/../../../../pic32c/lib/thumb/v6-m/nofp\libg-musl.a(__printf_core.o)
                0x00001310                __printf_core

.dinit%42       0x00001634      0x200
 .dinit         0x00001634      0x200 data_init

.text%43        0x00001834      0x1d4
 .text          0x00001834      0x1d4 c:/program files/microchip/xc32/v4.00/bin/bin/../../lib/gcc/pic32c/8.3.1/thumb/v6-m/nofp\libgcc.a(_divsi3.o)
                0x00001834                __divsi3
                0x00001834                __aeabi_idiv
                0x00001a00                __aeabi_idivmod

.text.__aeabi_dadd%44